<html>
<body>
<pre>
<h1>µVision Build Log</h1>
<h2>Tool Versions:</h2>
IDE-Version: ¦ÌVision V5.39.0.0
Copyright (C) 2023 ARM Ltd and ARM Germany GmbH. All rights reserved.
License Information: dd LX, vv, LIC=----
 
Tool Versions:
Toolchain:       MDK-Lite  Version: 5.39.0.0
Toolchain Path:  D:\Keil_v5\ARM\ARMCLANG\Bin
C Compiler:      ArmClang.exe V6.21
Assembler:       Armasm.exe V6.21
Linker/Locator:  ArmLink.exe V6.21
Library Manager: ArmAr.exe V6.21
Hex Converter:   FromElf.exe V6.21
CPU DLL:         SARMCM3.DLL V5.39.0.0
Dialog DLL:      DCM.DLL V1.17.5.0
Target DLL:      UL2CM3.DLL V1.164.9.0
Dialog DLL:      TCM.DLL V1.56.4.0
 
<h2>Project:</h2>
D:\03-code\keil_f1_project\temp\temp.uvprojx
Project File Date:  05/29/2024

<h2>Output:</h2>
*** Using Compiler 'V6.21', folder: 'D:\Keil_v5\ARM\ARMCLANG\Bin'
Build target 'Target 1'
main.c(1): warning: extra ';' outside of a function [-Wextra-semi]
    1 | ;
      | ^
main.c(31): warning: implicit conversion changes signedness: 'int' to 'uint32_t' (aka 'unsigned int') [-Wsign-conversion]
   31 |   ITM_SendChar(ch);
      |   ~~~~~~~~~~~~ ^~
main.c(28): warning: unused parameter 'f' [-Wunused-parameter]
   28 | int fputc(int ch, FILE *f)
      |                         ^
main.c(37): warning: no previous prototype for function 'intrrupt_init' [-Wmissing-prototypes]
   37 | int intrrupt_init(void)
      |     ^
main.c(37): note: declare 'static' if the function is not intended to be used outside of this translation unit
   37 | int intrrupt_init(void)
      | ^
      | static 
main.c(50): warning: cast to smaller integer type 'char' from 'void *' [-Wvoid-pointer-to-int-cast]
   50 |         char ch = (char)param;
      |                   ^~~~~~~~~~~
main.c(48): warning: no previous prototype for function 'thread_test' [-Wmissing-prototypes]
   48 | int thread_test (void *param)
      |     ^
main.c(48): note: declare 'static' if the function is not intended to be used outside of this translation unit
   48 | int thread_test (void *param)
      | ^
      | static 
main.c(63): warning: passing 'int (void *)' to parameter of type 'void *' converts between void pointer and function pointer [-Wpedantic]
   63 |         create_task(thread_test, (void *)'a');
      |                     ^~~~~~~~~~~
main.c(16): note: passing argument to parameter 'pentry' here
   16 |         void *pentry,
      |               ^
main.c(64): warning: passing 'int (void *)' to parameter of type 'void *' converts between void pointer and function pointer [-Wpedantic]
   64 |         create_task(thread_test, (void *)'b');
      |                     ^~~~~~~~~~~
main.c(16): note: passing argument to parameter 'pentry' here
   16 |         void *pentry,
      |               ^
main.c(65): warning: passing 'int (void *)' to parameter of type 'void *' converts between void pointer and function pointer [-Wpedantic]
   65 |         create_task(thread_test, (void *)'c');
      |                     ^~~~~~~~~~~
main.c(16): note: passing argument to parameter 'pentry' here
   16 |         void *pentry,
      |               ^
main.c(66): warning: passing 'int (void *)' to parameter of type 'void *' converts between void pointer and function pointer [-Wpedantic]
   66 |         create_task(thread_test, (void *)'d');
      |                     ^~~~~~~~~~~
main.c(16): note: passing argument to parameter 'pentry' here
   16 |         void *pentry,
      |               ^
main.c(60): warning: no previous prototype for function 'task_init' [-Wmissing-prototypes]
   60 | int task_init(void)
      |     ^
main.c(60): note: declare 'static' if the function is not intended to be used outside of this translation unit
   60 | int task_init(void)
      | ^
      | static 
11 warnings generated.
compiling main.c...
linking...
Program Size: Code=10116 RO-data=976 RW-data=16 ZI-data=4992  
".\Objects\temp.axf" - 0 Error(s), 11 Warning(s).

<h2>Software Packages used:</h2>

Package Vendor: Keil
                https://www.keil.com/pack/Keil.STM32F1xx_DFP.2.4.1.pack
                Keil::STM32F1xx_DFP@2.4.1
                STMicroelectronics STM32F1 Series Device Support, Drivers and Examples

<h2>Collection of Component include folders:</h2>
  C:/Users/LX/AppData/Local/Arm/Packs/Keil/STM32F1xx_DFP/2.4.1/Device/Include

<h2>Collection of Component Files used:</h2>
Build Time Elapsed:  00:00:00
</pre>
</body>
</html>
