Component: Arm Compiler for Embedded 6.21 Tool: armlink [5ec1fa00]

==============================================================================

Section Cross References

    startup_stm32f10x_hd.o(STACK) refers (Special) to heapauxi.o(.text) for __use_two_region_memory
    startup_stm32f10x_hd.o(HEAP) refers (Special) to heapauxi.o(.text) for __use_two_region_memory
    startup_stm32f10x_hd.o(RESET) refers (Special) to heapauxi.o(.text) for __use_two_region_memory
    startup_stm32f10x_hd.o(RESET) refers to startup_stm32f10x_hd.o(STACK) for __initial_sp
    startup_stm32f10x_hd.o(RESET) refers to startup_stm32f10x_hd.o(.text) for Reset_Handler
    startup_stm32f10x_hd.o(.text) refers (Special) to heapauxi.o(.text) for __use_two_region_memory
    startup_stm32f10x_hd.o(.text) refers to system_stm32f10x.o(.text.SystemInit) for SystemInit
    startup_stm32f10x_hd.o(.text) refers to __main.o(!!!main) for __main
    startup_stm32f10x_hd.o(.text) refers to startup_stm32f10x_hd.o(HEAP) for Heap_Mem
    startup_stm32f10x_hd.o(.text) refers to startup_stm32f10x_hd.o(STACK) for Stack_Mem
    main.o(.text.fputc) refers to main.o(.text.ITM_SendChar) for ITM_SendChar
    main.o(.ARM.exidx.text.fputc) refers to main.o(.text.fputc) for [Anonymous Symbol]
    main.o(.ARM.exidx.text.ITM_SendChar) refers to main.o(.text.ITM_SendChar) for [Anonymous Symbol]
    main.o(.text.main) refers to main.o(.rodata.str1.1) for .L.str
    main.o(.text.main) refers to printf.o(.text) for printf
    main.o(.ARM.exidx.text.main) refers to main.o(.text.main) for [Anonymous Symbol]
    system_stm32f10x.o(.ARM.exidx.text.SystemInit) refers to system_stm32f10x.o(.text.SystemInit) for [Anonymous Symbol]
    system_stm32f10x.o(.text.SystemCoreClockUpdate) refers to system_stm32f10x.o(.data.SystemCoreClock) for SystemCoreClock
    system_stm32f10x.o(.text.SystemCoreClockUpdate) refers to system_stm32f10x.o(.rodata.AHBPrescTable) for AHBPrescTable
    system_stm32f10x.o(.ARM.exidx.text.SystemCoreClockUpdate) refers to system_stm32f10x.o(.text.SystemCoreClockUpdate) for [Anonymous Symbol]
    printf.o(.text) refers (Special) to _printf_a.o(.ARM.Collect$$_printf_percent$$00000006) for _printf_a
    printf.o(.text) refers (Special) to _printf_c.o(.ARM.Collect$$_printf_percent$$00000013) for _printf_c
    printf.o(.text) refers (Special) to _printf_charcount.o(.text) for _printf_charcount
    printf.o(.text) refers (Special) to _printf_d.o(.ARM.Collect$$_printf_percent$$00000009) for _printf_d
    printf.o(.text) refers (Special) to _printf_e.o(.ARM.Collect$$_printf_percent$$00000004) for _printf_e
    printf.o(.text) refers (Special) to _printf_f.o(.ARM.Collect$$_printf_percent$$00000003) for _printf_f
    printf.o(.text) refers (Special) to printf1.o(x$fpl$printf1) for _printf_fp_dec
    printf.o(.text) refers (Special) to printf2.o(x$fpl$printf2) for _printf_fp_hex
    printf.o(.text) refers (Special) to _printf_g.o(.ARM.Collect$$_printf_percent$$00000005) for _printf_g
    printf.o(.text) refers (Special) to _printf_i.o(.ARM.Collect$$_printf_percent$$00000008) for _printf_i
    printf.o(.text) refers (Special) to _printf_dec.o(.text) for _printf_int_dec
    printf.o(.text) refers (Special) to _printf_l.o(.ARM.Collect$$_printf_percent$$00000012) for _printf_l
    printf.o(.text) refers (Special) to _printf_lc.o(.ARM.Collect$$_printf_percent$$00000015) for _printf_lc
    printf.o(.text) refers (Special) to _printf_ll.o(.ARM.Collect$$_printf_percent$$00000007) for _printf_ll
    printf.o(.text) refers (Special) to _printf_lld.o(.ARM.Collect$$_printf_percent$$0000000E) for _printf_lld
    printf.o(.text) refers (Special) to _printf_lli.o(.ARM.Collect$$_printf_percent$$0000000D) for _printf_lli
    printf.o(.text) refers (Special) to _printf_llo.o(.ARM.Collect$$_printf_percent$$00000010) for _printf_llo
    printf.o(.text) refers (Special) to _printf_llu.o(.ARM.Collect$$_printf_percent$$0000000F) for _printf_llu
    printf.o(.text) refers (Special) to _printf_llx.o(.ARM.Collect$$_printf_percent$$00000011) for _printf_llx
    printf.o(.text) refers (Special) to _printf_longlong_dec.o(.text) for _printf_longlong_dec
    printf.o(.text) refers (Special) to _printf_hex_int_ll_ptr.o(.text) for _printf_longlong_hex
    printf.o(.text) refers (Special) to _printf_oct_int_ll.o(.text) for _printf_longlong_oct
    printf.o(.text) refers (Special) to _printf_ls.o(.ARM.Collect$$_printf_percent$$00000016) for _printf_ls
    printf.o(.text) refers (Special) to _printf_n.o(.ARM.Collect$$_printf_percent$$00000001) for _printf_n
    printf.o(.text) refers (Special) to _printf_o.o(.ARM.Collect$$_printf_percent$$0000000B) for _printf_o
    printf.o(.text) refers (Special) to _printf_p.o(.ARM.Collect$$_printf_percent$$00000002) for _printf_p
    printf.o(.text) refers (Special) to _printf_percent.o(.ARM.Collect$$_printf_percent$$00000000) for _printf_percent
    printf.o(.text) refers (Special) to _printf_pad.o(.text) for _printf_post_padding
[...]
    ../clib/printf_percent.s                 0x00000000   Number         0  _printf_percent.o ABSOLUTE
    ../clib/printf_percent.s                 0x00000000   Number         0  _printf_lli.o ABSOLUTE
    ../clib/printf_percent.s                 0x00000000   Number         0  _printf_lld.o ABSOLUTE
    ../clib/printf_percent.s                 0x00000000   Number         0  _printf_llu.o ABSOLUTE
    ../clib/printf_percent.s                 0x00000000   Number         0  _printf_ll.o ABSOLUTE
    ../clib/printf_percent.s                 0x00000000   Number         0  _printf_l.o ABSOLUTE
    ../clib/printf_percent.s                 0x00000000   Number         0  _printf_lc.o ABSOLUTE
    ../clib/printf_percent.s                 0x00000000   Number         0  _printf_ls.o ABSOLUTE
    ../clib/printf_percent.s                 0x00000000   Number         0  _printf_llo.o ABSOLUTE
    ../clib/printf_percent.s                 0x00000000   Number         0  _printf_llx.o ABSOLUTE
    ../clib/printf_percent.s                 0x00000000   Number         0  _printf_percent_end.o ABSOLUTE
    ../clib/signal.c                         0x00000000   Number         0  defsig_rtred_outer.o ABSOLUTE
    ../clib/signal.c                         0x00000000   Number         0  defsig_rtred_formal.o ABSOLUTE
    ../clib/signal.c                         0x00000000   Number         0  defsig_exit.o ABSOLUTE
    ../clib/signal.c                         0x00000000   Number         0  defsig_rtred_inner.o ABSOLUTE
    ../clib/signal.c                         0x00000000   Number         0  __raise.o ABSOLUTE
    ../clib/signal.c                         0x00000000   Number         0  defsig_general.o ABSOLUTE
    ../clib/signal.c                         0x00000000   Number         0  defsig_rtmem_outer.o ABSOLUTE
    ../clib/signal.c                         0x00000000   Number         0  defsig_rtmem_formal.o ABSOLUTE
    ../clib/signal.c                         0x00000000   Number         0  defsig_rtmem_inner.o ABSOLUTE
    ../clib/signal.c                         0x00000000   Number         0  defsig_abrt_inner.o ABSOLUTE
    ../clib/signal.c                         0x00000000   Number         0  defsig_fpe_inner.o ABSOLUTE
    ../clib/signal.c                         0x00000000   Number         0  defsig_stak_inner.o ABSOLUTE
    ../clib/signal.c                         0x00000000   Number         0  defsig_pvfn_inner.o ABSOLUTE
    ../clib/signal.c                         0x00000000   Number         0  defsig_cppl_inner.o ABSOLUTE
    ../clib/signal.c                         0x00000000   Number         0  defsig_segv_inner.o ABSOLUTE
    ../clib/signal.c                         0x00000000   Number         0  defsig_other.o ABSOLUTE
    ../clib/signal.s                         0x00000000   Number         0  defsig.o ABSOLUTE
    ../clib/stdio.c                          0x00000000   Number         0  stdio_streams.o ABSOLUTE
    ../clib/stdio.c                          0x00000000   Number         0  ferror.o ABSOLUTE
    ../clib/stdio.c                          0x00000000   Number         0  initio.o ABSOLUTE
    ../clib/stdio.c                          0x00000000   Number         0  ferror_locked.o ABSOLUTE
    ../clib/stdio.c                          0x00000000   Number         0  initio_locked.o ABSOLUTE
    ../clib/stdio.c                          0x00000000   Number         0  setvbuf.o ABSOLUTE
    ../clib/stdio.c                          0x00000000   Number         0  streamlock.o ABSOLUTE
    ../clib/stdio.c                          0x00000000   Number         0  fopen.o ABSOLUTE
    ../clib/stdio.c                          0x00000000   Number         0  fclose.o ABSOLUTE
    ../clib/stdio.c                          0x00000000   Number         0  setvbuf_locked.o ABSOLUTE
    ../clib/stdio.c                          0x00000000   Number         0  fopen_locked.o ABSOLUTE
    ../clib/stdio.c                          0x00000000   Number         0  fseek.o ABSOLUTE
    ../clib/stdio.c                          0x00000000   Number         0  stdio.o ABSOLUTE
    ../clib/stdio.c                          0x00000000   Number         0  ftell.o ABSOLUTE
    ../clib/stdlib.c                         0x00000000   Number         0  exit.o ABSOLUTE
    ../clib/string.c                         0x00000000   Number         0  strlen.o ABSOLUTE
    ../fplib/fpinit.s                        0x00000000   Number         0  fpinit.o ABSOLUTE
    ../fplib/fpinit_empty.s                  0x00000000   Number         0  fpinit_empty.o ABSOLUTE
    ../fplib/istatus.s                       0x00000000   Number         0  istatus.o ABSOLUTE
    ../fplib/printf1.s                       0x00000000   Number         0  printf1.o ABSOLUTE
    ../fplib/printf2.s                       0x00000000   Number         0  printf2.o ABSOLUTE
    ../fplib/printf2a.s                      0x00000000   Number         0  printf2a.o ABSOLUTE
    ../fplib/printf2b.s                      0x00000000   Number         0  printf2b.o ABSOLUTE
    ../fplib/usenofp.s                       0x00000000   Number         0  usenofp.o ABSOLUTE
    ../mathlib/fpclassify.c                  0x00000000   Number         0  fpclassify.o ABSOLUTE
    core/startup_stm32f10x_hd.s              0x00000000   Number         0  startup_stm32f10x_hd.o ABSOLUTE
    core_cm3.c                               0x00000000   Number         0  core_cm3.o ABSOLUTE
    dc.s                                     0x00000000   Number         0  dc.o ABSOLUTE
    main.c                                   0x00000000   Number         0  main.o ABSOLUTE
    system_stm32f10x.c                       0x00000000   Number         0  system_stm32f10x.o ABSOLUTE
    RESET                                    0x08000000   Section      304  startup_stm32f10x_hd.o(RESET)
    !!!main                                  0x08000130   Section        8  __main.o(!!!main)
    !!!scatter                               0x08000138   Section       92  __scatter.o(!!!scatter)
    !!handler_copy                           0x08000194   Section       26  __scatter_copy.o(!!handler_copy)
    !!handler_null                           0x080001b0   Section        2  __scatter.o(!!handler_null)
    !!handler_zi                             0x080001b4   Section       28  __scatter_zi.o(!!handler_zi)
    .ARM.Collect$$_printf_percent$$00000000  0x080001d0   Section        0  _printf_percent.o(.ARM.Collect$$_printf_percent$$00000000)
    .ARM.Collect$$_printf_percent$$00000001  0x080001d0   Section        6  _printf_n.o(.ARM.Collect$$_printf_percent$$00000001)
    .ARM.Collect$$_printf_percent$$00000002  0x080001d6   Section        6  _printf_p.o(.ARM.Collect$$_printf_percent$$00000002)
    .ARM.Collect$$_printf_percent$$00000003  0x080001dc   Section        6  _printf_f.o(.ARM.Collect$$_printf_percent$$00000003)
    .ARM.Collect$$_printf_percent$$00000004  0x080001e2   Section        6  _printf_e.o(.ARM.Collect$$_printf_percent$$00000004)
    .ARM.Collect$$_printf_percent$$00000005  0x080001e8   Section        6  _printf_g.o(.ARM.Collect$$_printf_percent$$00000005)
    .ARM.Collect$$_printf_percent$$00000006  0x080001ee   Section        6  _printf_a.o(.ARM.Collect$$_printf_percent$$00000006)
    .ARM.Collect$$_printf_percent$$00000007  0x080001f4   Section       10  _printf_ll.o(.ARM.Collect$$_printf_percent$$00000007)
    .ARM.Collect$$_printf_percent$$00000008  0x080001fe   Section        6  _printf_i.o(.ARM.Collect$$_printf_percent$$00000008)
    .ARM.Collect$$_printf_percent$$00000009  0x08000204   Section        6  _printf_d.o(.ARM.Collect$$_printf_percent$$00000009)
    .ARM.Collect$$_printf_percent$$0000000A  0x0800020a   Section        6  _printf_u.o(.ARM.Collect$$_printf_percent$$0000000A)
    .ARM.Collect$$_printf_percent$$0000000B  0x08000210   Section        6  _printf_o.o(.ARM.Collect$$_printf_percent$$0000000B)
    .ARM.Collect$$_printf_percent$$0000000C  0x08000216   Section        6  _printf_x.o(.ARM.Collect$$_printf_percent$$0000000C)
    .ARM.Collect$$_printf_percent$$0000000D  0x0800021c   Section        6  _printf_lli.o(.ARM.Collect$$_printf_percent$$0000000D)
    .ARM.Collect$$_printf_percent$$0000000E  0x08000222   Section        6  _printf_lld.o(.ARM.Collect$$_printf_percent$$0000000E)
    .ARM.Collect$$_printf_percent$$0000000F  0x08000228   Section        6  _printf_llu.o(.ARM.Collect$$_printf_percent$$0000000F)
    .ARM.Collect$$_printf_percent$$00000010  0x0800022e   Section        6  _printf_llo.o(.ARM.Collect$$_printf_percent$$00000010)
    .ARM.Collect$$_printf_percent$$00000011  0x08000234   Section        6  _printf_llx.o(.ARM.Collect$$_printf_percent$$00000011)
    .ARM.Collect$$_printf_percent$$00000012  0x0800023a   Section       10  _printf_l.o(.ARM.Collect$$_printf_percent$$00000012)
    .ARM.Collect$$_printf_percent$$00000013  0x08000244   Section        6  _printf_c.o(.ARM.Collect$$_printf_percent$$00000013)
    .ARM.Collect$$_printf_percent$$00000014  0x0800024a   Section        6  _printf_s.o(.ARM.Collect$$_printf_percent$$00000014)
    .ARM.Collect$$_printf_percent$$00000015  0x08000250   Section        6  _printf_lc.o(.ARM.Collect$$_printf_percent$$00000015)
    .ARM.Collect$$_printf_percent$$00000016  0x08000256   Section        6  _printf_ls.o(.ARM.Collect$$_printf_percent$$00000016)
    .ARM.Collect$$_printf_percent$$00000017  0x0800025c   Section        4  _printf_percent_end.o(.ARM.Collect$$_printf_percent$$00000017)
    .ARM.Collect$$libinit$$00000000          0x08000260   Section        2  libinit.o(.ARM.Collect$$libinit$$00000000)
    .ARM.Collect$$libinit$$00000002          0x08000262   Section        0  libinit2.o(.ARM.Collect$$libinit$$00000002)
    .ARM.Collect$$libinit$$00000004          0x08000262   Section        0  libinit2.o(.ARM.Collect$$libinit$$00000004)
    .ARM.Collect$$libinit$$00000006          0x08000262   Section        0  libinit2.o(.ARM.Collect$$libinit$$00000006)
    .ARM.Collect$$libinit$$00000007          0x08000262   Section        8  libinit2.o(.ARM.Collect$$libinit$$00000007)
    .ARM.Collect$$libinit$$0000000C          0x0800026a   Section        0  libinit2.o(.ARM.Collect$$libinit$$0000000C)
    .ARM.Collect$$libinit$$0000000E          0x0800026a   Section        0  libinit2.o(.ARM.Collect$$libinit$$0000000E)
    .ARM.Collect$$libinit$$00000010          0x0800026a   Section        0  libinit2.o(.ARM.Collect$$libinit$$00000010)
    .ARM.Collect$$libinit$$00000011          0x0800026a   Section        6  libinit2.o(.ARM.Collect$$libinit$$00000011)
    .ARM.Collect$$libinit$$00000013          0x08000270   Section        0  libinit2.o(.ARM.Collect$$libinit$$00000013)
    .ARM.Collect$$libinit$$00000014          0x08000270   Section       12  libinit2.o(.ARM.Collect$$libinit$$00000014)
    .ARM.Collect$$libinit$$00000015          0x0800027c   Section        0  libinit2.o(.ARM.Collect$$libinit$$00000015)
    .ARM.Collect$$libinit$$00000017          0x0800027c   Section        0  libinit2.o(.ARM.Collect$$libinit$$00000017)
    .ARM.Collect$$libinit$$00000018          0x0800027c   Section       10  libinit2.o(.ARM.Collect$$libinit$$00000018)
    .ARM.Collect$$libinit$$00000019          0x08000286   Section        0  libinit2.o(.ARM.Collect$$libinit$$00000019)
    .ARM.Collect$$libinit$$0000001B          0x08000286   Section        0  libinit2.o(.ARM.Collect$$libinit$$0000001B)
    .ARM.Collect$$libinit$$0000001D          0x08000286   Section        0  libinit2.o(.ARM.Collect$$libinit$$0000001D)
    .ARM.Collect$$libinit$$0000001F          0x08000286   Section        0  libinit2.o(.ARM.Collect$$libinit$$0000001F)
    .ARM.Collect$$libinit$$00000021          0x08000286   Section        0  libinit2.o(.ARM.Collect$$libinit$$00000021)
    .ARM.Collect$$libinit$$00000023          0x08000286   Section        0  libinit2.o(.ARM.Collect$$libinit$$00000023)
    .ARM.Collect$$libinit$$00000025          0x08000286   Section        0  libinit2.o(.ARM.Collect$$libinit$$00000025)
    .ARM.Collect$$libinit$$00000026          0x08000286   Section        4  libinit2.o(.ARM.Collect$$libinit$$00000026)
    .ARM.Collect$$libinit$$00000027          0x0800028a   Section        0  libinit2.o(.ARM.Collect$$libinit$$00000027)
    .ARM.Collect$$libinit$$0000002E          0x0800028a   Section        0  libinit2.o(.ARM.Collect$$libinit$$0000002E)
    .ARM.Collect$$libinit$$00000030          0x0800028a   Section        0  libinit2.o(.ARM.Collect$$libinit$$00000030)
    .ARM.Collect$$libinit$$00000032          0x0800028a   Section        0  libinit2.o(.ARM.Collect$$libinit$$00000032)
    .ARM.Collect$$libinit$$00000034          0x0800028a   Section        0  libinit2.o(.ARM.Collect$$libinit$$00000034)
    .ARM.Collect$$libinit$$00000035          0x0800028a   Section        2  libinit2.o(.ARM.Collect$$libinit$$00000035)
    .ARM.Collect$$libshutdown$$00000000      0x0800028c   Section        2  libshutdown.o(.ARM.Collect$$libshutdown$$00000000)
    .ARM.Collect$$libshutdown$$00000002      0x0800028e   Section        0  libshutdown2.o(.ARM.Collect$$libshutdown$$00000002)
    .ARM.Collect$$libshutdown$$00000003      0x0800028e   Section        4  libshutdown2.o(.ARM.Collect$$libshutdown$$00000003)
    .ARM.Collect$$libshutdown$$00000004      0x08000292   Section        0  libshutdown2.o(.ARM.Collect$$libshutdown$$00000004)
    .ARM.Collect$$libshutdown$$00000007      0x08000292   Section        0  libshutdown2.o(.ARM.Collect$$libshutdown$$00000007)
    .ARM.Collect$$libshutdown$$0000000A      0x08000292   Section        0  libshutdown2.o(.ARM.Collect$$libshutdown$$0000000A)
    .ARM.Collect$$libshutdown$$0000000C      0x08000292   Section        0  libshutdown2.o(.ARM.Collect$$libshutdown$$0000000C)
    .ARM.Collect$$libshutdown$$0000000F      0x08000292   Section        0  libshutdown2.o(.ARM.Collect$$libshutdown$$0000000F)
    .ARM.Collect$$libshutdown$$00000010      0x08000292   Section        2  libshutdown2.o(.ARM.Collect$$libshutdown$$00000010)
    .ARM.Collect$$rtentry$$00000000          0x08000294   Section        0  __rtentry.o(.ARM.Collect$$rtentry$$00000000)
    .ARM.Collect$$rtentry$$00000002          0x08000294   Section        0  __rtentry2.o(.ARM.Collect$$rtentry$$00000002)
    .ARM.Collect$$rtentry$$00000004          0x08000294   Section        6  __rtentry4.o(.ARM.Collect$$rtentry$$00000004)
    .ARM.Collect$$rtentry$$00000009          0x0800029a   Section        0  __rtentry2.o(.ARM.Collect$$rtentry$$00000009)
    .ARM.Collect$$rtentry$$0000000A          0x0800029a   Section        4  __rtentry2.o(.ARM.Collect$$rtentry$$0000000A)
    .ARM.Collect$$rtentry$$0000000C          0x0800029e   Section        0  __rtentry2.o(.ARM.Collect$$rtentry$$0000000C)
    .ARM.Collect$$rtentry$$0000000D          0x0800029e   Section        8  __rtentry2.o(.ARM.Collect$$rtentry$$0000000D)
    .ARM.Collect$$rtexit$$00000000           0x080002a6   Section        2  rtexit.o(.ARM.Collect$$rtexit$$00000000)
    .ARM.Collect$$rtexit$$00000002           0x080002a8   Section        0  rtexit2.o(.ARM.Collect$$rtexit$$00000002)
    .ARM.Collect$$rtexit$$00000003           0x080002a8   Section        4  rtexit2.o(.ARM.Collect$$rtexit$$00000003)
    .ARM.Collect$$rtexit$$00000004           0x080002ac   Section        6  rtexit2.o(.ARM.Collect$$rtexit$$00000004)
    .text                                    0x080002b4   Section       64  startup_stm32f10x_hd.o(.text)
    nPendSV_Handler                          0x080002cb   Thumb Code     0  startup_stm32f10x_hd.o(.text)
    .text                                    0x080002f4   Section        0  printf.o(.text)
    .text                                    0x0800030c   Section        0  heapauxi.o(.text)
    .text                                    0x08000312   Section        0  _printf_pad.o(.text)
    .text                                    0x08000360   Section        0  _printf_truncate.o(.text)
    .text                                    0x08000384   Section        0  _printf_str.o(.text)
    .text                                    0x080003d8   Section        0  _printf_dec.o(.text)
    .text                                    0x08000450   Section        0  _printf_charcount.o(.text)
    .text                                    0x08000478   Section        0  _printf_char_file.o(.text)
    .text                                    0x0800049c   Section        0  _printf_wctomb.o(.text)
    .text                                    0x08000558   Section        0  _printf_longlong_dec.o(.text)
    _printf_longlong_oct_internal            0x080005d5   Thumb Code     0  _printf_oct_int_ll.o(.text)
    .text                                    0x080005d4   Section        0  _printf_oct_int_ll.o(.text)
    _printf_hex_common                       0x08000645   Thumb Code     0  _printf_hex_int_ll_ptr.o(.text)
    .text                                    0x08000644   Section        0  _printf_hex_int_ll_ptr.o(.text)
    .text                                    0x080006d8   Section        0  __printf_flags_ss_wp.o(.text)
    .text                                    0x08000860   Section      138  lludiv10.o(.text)
    .text                                    0x080008ea   Section        0  _printf_intcommon.o(.text)
    _fp_digits                               0x0800099d   Thumb Code   432  _printf_fp_dec.o(.text)
    .text                                    0x0800099c   Section        0  _printf_fp_dec.o(.text)
    .text                                    0x08000db8   Section        0  _printf_fp_hex.o(.text)
    _printf_input_char                       0x080010b5   Thumb Code    10  _printf_char_common.o(.text)
    .text                                    0x080010b4   Section        0  _printf_char_common.o(.text)
    .text                                    0x080010e4   Section        0  _printf_char.o(.text)
    .text                                    0x08001110   Section        0  _printf_wchar.o(.text)
    .text                                    0x0800113c   Section        0  ferror.o(.text)
    .text                                    0x08001144   Section        0  initio.o(.text)
    .text                                    0x0800127c   Section        0  _c16rtomb.o(.text)
    .text                                    0x080012c4   Section       74  sys_stackheap_outer.o(.text)
    .text                                    0x08001310   Section       16  rt_ctype_table.o(.text)
    .text                                    0x08001320   Section        8  rt_locale_intlibspace.o(.text)
    .text                                    0x08001328   Section        0  h1_free.o(.text)
    .text                                    0x08001378   Section        0  _printf_fp_infnan.o(.text)
    .text                                    0x080013f8   Section        0  bigflt0.o(.text)
    .text                                    0x080014dc   Section        0  setvbuf.o(.text)
    _freopen_locked                          0x08001525   Thumb Code     0  fopen.o(.text)
    .text                                    0x08001524   Section        0  fopen.o(.text)
    .text                                    0x08001614   Section        0  fclose.o(.text)
    .text                                    0x08001660   Section        0  exit.o(.text)
    .text                                    0x08001672   Section        0  defsig_rtred_outer.o(.text)
    .text                                    0x08001680   Section       78  rt_memclr_w.o(.text)
    .text                                    0x080016ce   Section        0  sys_io.o(.text)
    .text                                    0x08001734   Section        8  libspace.o(.text)
    .text                                    0x0800173c   Section        8  rt_heap_descriptor_intlibspace.o(.text)
    .text                                    0x08001744   Section        0  hguard.o(.text)
    .text                                    0x08001748   Section        0  init_alloc.o(.text)
    .text                                    0x080017d2   Section        0  h1_alloc.o(.text)
    .text                                    0x08001830   Section        0  fseek.o(.text)
    .text                                    0x08001928   Section        0  stdio.o(.text)
    .text                                    0x08001a30   Section        0  defsig_exit.o(.text)
    .text                                    0x08001a3c   Section        0  defsig_rtred_inner.o(.text)
    .text                                    0x08001a70   Section      128  strcmpv7m.o(.text)
    .text                                    0x08001af0   Section        0  sys_exit.o(.text)
    .text                                    0x08001afc   Section        2  use_no_semi.o(.text)
    .text                                    0x08001afe   Section        0  indicate_semi.o(.text)
    .text                                    0x08001afe   Section        0  maybetermalloc1.o(.text)
    .text                                    0x08001afe   Section        0  h1_init.o(.text)
    .text                                    0x08001b0a   Section        0  h1_extend.o(.text)
    .text                                    0x08001b3e   Section        0  ftell.o(.text)
    .text                                    0x08001b80   Section        0  defsig_general.o(.text)
    .text                                    0x08001bb2   Section        0  defsig_rtmem_outer.o(.text)
    .text                                    0x08001bc0   Section        0  strlen.o(.text)
    .text                                    0x08001bfe   Section        0  sys_wrch.o(.text)
    .text                                    0x08001c0c   Section        8  rt_errno_addr_intlibspace.o(.text)
    .text                                    0x08001c14   Section        0  defsig_rtmem_inner.o(.text)
    ITM_SendChar                             0x08001c65   Thumb Code    68  main.o(.text.ITM_SendChar)
    [Anonymous Symbol]                       0x08001c64   Section        0  main.o(.text.ITM_SendChar)
    [Anonymous Symbol]                       0x08001ca8   Section        0  system_stm32f10x.o(.text.SystemInit)
    [Anonymous Symbol]                       0x08001cb8   Section        0  main.o(.text.fputc)
    [Anonymous Symbol]                       0x08001ccc   Section        0  main.o(.text.main)
    CL$$btod_d2e                             0x08001cde   Section       62  btod.o(CL$$btod_d2e)
    CL$$btod_d2e_denorm_low                  0x08001d1c   Section       70  btod.o(CL$$btod_d2e_denorm_low)
    CL$$btod_d2e_norm_op1                    0x08001d62   Section       96  btod.o(CL$$btod_d2e_norm_op1)
    CL$$btod_div_common                      0x08001dc4   Section      824  btod.o(CL$$btod_div_common)
    CL$$btod_e2e                             0x080020fc   Section      220  btod.o(CL$$btod_e2e)
    CL$$btod_ediv                            0x080021d8   Section       42  btod.o(CL$$btod_ediv)
    CL$$btod_emul                            0x08002202   Section       42  btod.o(CL$$btod_emul)
    CL$$btod_mult_common                     0x0800222c   Section      580  btod.o(CL$$btod_mult_common)
    i.__ARM_fpclassify                       0x08002470   Section        0  fpclassify.o(i.__ARM_fpclassify)
    i._is_digit                              0x08002498   Section        0  __printf_wp.o(i._is_digit)
    locale$$code                             0x080024a8   Section       44  lc_numeric_c.o(locale$$code)
    locale$$code                             0x080024d4   Section       44  lc_ctype_c.o(locale$$code)
    x$fpl$printf1                            0x08002500   Section        4  printf1.o(x$fpl$printf1)
    x$fpl$printf2                            0x08002504   Section        4  printf2.o(x$fpl$printf2)
    initial_mbstate                          0x08002508   Data           8  _printf_wctomb.o(.constdata)
    .constdata                               0x08002508   Section        8  _printf_wctomb.o(.constdata)
    x$fpl$usenofp                            0x08002508   Section        0  usenofp.o(x$fpl$usenofp)
    uc_hextab                                0x08002510   Data          20  _printf_hex_int_ll_ptr.o(.constdata)
    .constdata                               0x08002510   Section       40  _printf_hex_int_ll_ptr.o(.constdata)
    lc_hextab                                0x08002524   Data          20  _printf_hex_int_ll_ptr.o(.constdata)
    maptable                                 0x08002538   Data          17  __printf_flags_ss_wp.o(.constdata)
    .constdata                               0x08002538   Section       17  __printf_flags_ss_wp.o(.constdata)
    lc_hextab                                0x08002549   Data          19  _printf_fp_hex.o(.constdata)
    .constdata                               0x08002549   Section       38  _printf_fp_hex.o(.constdata)
    uc_hextab                                0x0800255c   Data          19  _printf_fp_hex.o(.constdata)
    .constdata                               0x0800256f   Section        4  sys_io_names.o(.constdata)
    .constdata                               0x08002573   Section        4  sys_io_names.o(.constdata)
    .constdata                               0x08002577   Section        4  sys_io_names.o(.constdata)
    tenpwrs_x                                0x0800257c   Data          60  bigflt0.o(.constdata)
    .constdata                               0x0800257c   Section      148  bigflt0.o(.constdata)
    tenpwrs_i                                0x080025b8   Data          64  bigflt0.o(.constdata)
    .L.str                                   0x08002610   Data          15  main.o(.rodata.str1.1)
    [Anonymous Symbol]                       0x08002610   Section        0  main.o(.rodata.str1.1)
    locale$$data                             0x08002640   Section       28  lc_numeric_c.o(locale$$data)
    __lcnum_c_name                           0x08002644   Data           2  lc_numeric_c.o(locale$$data)
    __lcnum_c_start                          0x0800264c   Data           0  lc_numeric_c.o(locale$$data)
    __lcnum_c_point                          0x08002658   Data           0  lc_numeric_c.o(locale$$data)
    __lcnum_c_thousands                      0x0800265a   Data           0  lc_numeric_c.o(locale$$data)
    __lcnum_c_grouping                       0x0800265b   Data           0  lc_numeric_c.o(locale$$data)
    __lcnum_c_end                            0x0800265c   Data           0  lc_numeric_c.o(locale$$data)
    locale$$data                             0x0800265c   Section      272  lc_ctype_c.o(locale$$data)
    __lcctype_c_name                         0x08002660   Data           2  lc_ctype_c.o(locale$$data)
    __lcctype_c_start                        0x08002668   Data           0  lc_ctype_c.o(locale$$data)
    __lcctype_c_end                          0x0800276c   Data           0  lc_ctype_c.o(locale$$data)
    .data                                    0x20000000   Section        4  stdio_streams.o(.data)
    .data                                    0x20000004   Section        4  stdio_streams.o(.data)
    .data                                    0x20000008   Section        4  stdio_streams.o(.data)
    .bss                                     0x20000010   Section       84  stdio_streams.o(.bss)
    .bss                                     0x20000064   Section       84  stdio_streams.o(.bss)
    .bss                                     0x200000b8   Section       84  stdio_streams.o(.bss)
    .bss                                     0x2000010c   Section       96  libspace.o(.bss)
    Heap_Mem                                 0x20000170   Data         512  startup_stm32f10x_hd.o(HEAP)
    HEAP                                     0x20000170   Section      512  startup_stm32f10x_hd.o(HEAP)
    Stack_Mem                                0x20000370   Data        1024  startup_stm32f10x_hd.o(STACK)
    STACK                                    0x20000370   Section     1024  startup_stm32f10x_hd.o(STACK)
    __initial_sp                             0x20000770   Data           0  startup_stm32f10x_hd.o(STACK)

    Global Symbols

    Symbol Name                              Value     Ov Type        Size  Object(Section)

    BuildAttributes$$THM_ISAv4$P$D$K$B$S$PE$A:L22UL41UL21$X:L11$S22US41US21$IEEE1$IW$~IW$USESV6$~STKCKD$USESV7$~SHL$OTIME$ROPI$IEEEJ$EBA8$UX$STANDARDLIB$REQ8$PRES8$EABIv2 0x00000000   Number         0  anon$$obj.o ABSOLUTE
    __fp_init_empty                          0x00000000   Number         0  fpinit_empty.o ABSOLUTE
    _printf_flags                            0x00000000   Number         0  printf_stubs.o ABSOLUTE
    _printf_return_value                     0x00000000   Number         0  printf_stubs.o ABSOLUTE
    _printf_sizespec                         0x00000000   Number         0  printf_stubs.o ABSOLUTE
    _printf_widthprec                        0x00000000   Number         0  printf_stubs.o ABSOLUTE
    __ARM_exceptions_init                     - Undefined Weak Reference
    __alloca_initialize                       - Undefined Weak Reference
    __arm_preinit_                            - Undefined Weak Reference
    __arm_relocate_pie_                       - Undefined Weak Reference
    __cpp_initialize__aeabi_                  - Undefined Weak Reference
    __cxa_finalize                            - Undefined Weak Reference
    __sigvec_lookup                           - Undefined Weak Reference
    __user_heap_extent                        - Undefined Weak Reference
    _atexit_init                              - Undefined Weak Reference
    _call_atexit_fns                          - Undefined Weak Reference
    _clock_init                               - Undefined Weak Reference
    _fp_trap_init                             - Undefined Weak Reference
    _fp_trap_shutdown                         - Undefined Weak Reference
    _get_lc_collate                           - Undefined Weak Reference
    _get_lc_monetary                          - Undefined Weak Reference
    _get_lc_time                              - Undefined Weak Reference
    _getenv_init                              - Undefined Weak Reference
    _handle_redirection                       - Undefined Weak Reference
    _mutex_acquire                            - Undefined Weak Reference
    _mutex_free                               - Undefined Weak Reference
    _mutex_release                            - Undefined Weak Reference
    _printf_mbtowc                            - Undefined Weak Reference
    _printf_wc                                - Undefined Weak Reference
    _rand_init                                - Undefined Weak Reference
    _signal_finish                            - Undefined Weak Reference
    _signal_init                              - Undefined Weak Reference
    __Vectors_Size                           0x00000130   Number         0  startup_stm32f10x_hd.o ABSOLUTE
    __Vectors                                0x08000000   Data           4  startup_stm32f10x_hd.o(RESET)
    __Vectors_End                            0x08000130   Data           0  startup_stm32f10x_hd.o(RESET)
    __main                                   0x08000131   Thumb Code     8  __main.o(!!!main)
    __scatterload                            0x08000139   Thumb Code     0  __scatter.o(!!!scatter)
    __scatterload_rt2                        0x08000139   Thumb Code    84  __scatter.o(!!!scatter)
    __scatterload_rt2_thumb_only             0x08000139   Thumb Code     0  __scatter.o(!!!scatter)
    __scatterload_loop                       0x08000143   Thumb Code     0  __scatter.o(!!!scatter)
    __scatterload_copy                       0x08000195   Thumb Code    26  __scatter_copy.o(!!handler_copy)
    __scatterload_null                       0x080001b1   Thumb Code     2  __scatter.o(!!handler_null)
    __scatterload_zeroinit                   0x080001b5   Thumb Code    28  __scatter_zi.o(!!handler_zi)
    _printf_n                                0x080001d1   Thumb Code     0  _printf_n.o(.ARM.Collect$$_printf_percent$$00000001)
    _printf_percent                          0x080001d1   Thumb Code     0  _printf_percent.o(.ARM.Collect$$_printf_percent$$00000000)
    _printf_p                                0x080001d7   Thumb Code     0  _printf_p.o(.ARM.Collect$$_printf_percent$$00000002)
    _printf_f                                0x080001dd   Thumb Code     0  _printf_f.o(.ARM.Collect$$_printf_percent$$00000003)
    _printf_e                                0x080001e3   Thumb Code     0  _printf_e.o(.ARM.Collect$$_printf_percent$$00000004)
    _printf_g                                0x080001e9   Thumb Code     0  _printf_g.o(.ARM.Collect$$_printf_percent$$00000005)
    _printf_a                                0x080001ef   Thumb Code     0  _printf_a.o(.ARM.Collect$$_printf_percent$$00000006)
    _printf_ll                               0x080001f5   Thumb Code     0  _printf_ll.o(.ARM.Collect$$_printf_percent$$00000007)
    _printf_i                                0x080001ff   Thumb Code     0  _printf_i.o(.ARM.Collect$$_printf_percent$$00000008)
    _printf_d                                0x08000205   Thumb Code     0  _printf_d.o(.ARM.Collect$$_printf_percent$$00000009)
    _printf_u                                0x0800020b   Thumb Code     0  _printf_u.o(.ARM.Collect$$_printf_percent$$0000000A)
    _printf_o                                0x08000211   Thumb Code     0  _printf_o.o(.ARM.Collect$$_printf_percent$$0000000B)
    _printf_x                                0x08000217   Thumb Code     0  _printf_x.o(.ARM.Collect$$_printf_percent$$0000000C)
    _printf_lli                              0x0800021d   Thumb Code     0  _printf_lli.o(.ARM.Collect$$_printf_percent$$0000000D)
    _printf_lld                              0x08000223   Thumb Code     0  _printf_lld.o(.ARM.Collect$$_printf_percent$$0000000E)
    _printf_llu                              0x08000229   Thumb Code     0  _printf_llu.o(.ARM.Collect$$_printf_percent$$0000000F)
    _printf_llo                              0x0800022f   Thumb Code     0  _printf_llo.o(.ARM.Collect$$_printf_percent$$00000010)
    _printf_llx                              0x08000235   Thumb Code     0  _printf_llx.o(.ARM.Collect$$_printf_percent$$00000011)
    _printf_l                                0x0800023b   Thumb Code     0  _printf_l.o(.ARM.Collect$$_printf_percent$$00000012)
    _printf_c                                0x08000245   Thumb Code     0  _printf_c.o(.ARM.Collect$$_printf_percent$$00000013)
    _printf_s                                0x0800024b   Thumb Code     0  _printf_s.o(.ARM.Collect$$_printf_percent$$00000014)
    _printf_lc                               0x08000251   Thumb Code     0  _printf_lc.o(.ARM.Collect$$_printf_percent$$00000015)
    _printf_ls                               0x08000257   Thumb Code     0  _printf_ls.o(.ARM.Collect$$_printf_percent$$00000016)
    _printf_percent_end                      0x0800025d   Thumb Code     0  _printf_percent_end.o(.ARM.Collect$$_printf_percent$$00000017)
    __rt_lib_init                            0x08000261   Thumb Code     0  libinit.o(.ARM.Collect$$libinit$$00000000)
    __rt_lib_init_fp_1                       0x08000263   Thumb Code     0  libinit2.o(.ARM.Collect$$libinit$$00000002)
    __rt_lib_init_heap_2                     0x08000263   Thumb Code     0  libinit2.o(.ARM.Collect$$libinit$$00000007)
    __rt_lib_init_preinit_1                  0x08000263   Thumb Code     0  libinit2.o(.ARM.Collect$$libinit$$00000006)
    __rt_lib_init_relocate_pie_1             0x08000263   Thumb Code     0  libinit2.o(.ARM.Collect$$libinit$$00000004)
    __rt_lib_init_heap_1                     0x0800026b   Thumb Code     0  libinit2.o(.ARM.Collect$$libinit$$0000000C)
    __rt_lib_init_lc_common                  0x0800026b   Thumb Code     0  libinit2.o(.ARM.Collect$$libinit$$00000011)
    __rt_lib_init_rand_1                     0x0800026b   Thumb Code     0  libinit2.o(.ARM.Collect$$libinit$$00000010)
    __rt_lib_init_user_alloc_1               0x0800026b   Thumb Code     0  libinit2.o(.ARM.Collect$$libinit$$0000000E)
    __rt_lib_init_lc_collate_1               0x08000271   Thumb Code     0  libinit2.o(.ARM.Collect$$libinit$$00000013)
    __rt_lib_init_lc_ctype_2                 0x08000271   Thumb Code     0  libinit2.o(.ARM.Collect$$libinit$$00000014)
    __rt_lib_init_lc_ctype_1                 0x0800027d   Thumb Code     0  libinit2.o(.ARM.Collect$$libinit$$00000015)
    __rt_lib_init_lc_monetary_1              0x0800027d   Thumb Code     0  libinit2.o(.ARM.Collect$$libinit$$00000017)
    __rt_lib_init_lc_numeric_2               0x0800027d   Thumb Code     0  libinit2.o(.ARM.Collect$$libinit$$00000018)
    __rt_lib_init_atexit_1                   0x08000287   Thumb Code     0  libinit2.o(.ARM.Collect$$libinit$$0000001D)
    __rt_lib_init_clock_1                    0x08000287   Thumb Code     0  libinit2.o(.ARM.Collect$$libinit$$00000023)
    __rt_lib_init_fp_trap_1                  0x08000287   Thumb Code     0  libinit2.o(.ARM.Collect$$libinit$$00000021)
    __rt_lib_init_getenv_1                   0x08000287   Thumb Code     0  libinit2.o(.ARM.Collect$$libinit$$00000025)
    __rt_lib_init_lc_numeric_1               0x08000287   Thumb Code     0  libinit2.o(.ARM.Collect$$libinit$$00000019)
    __rt_lib_init_lc_time_1                  0x08000287   Thumb Code     0  libinit2.o(.ARM.Collect$$libinit$$0000001B)
    __rt_lib_init_signal_1                   0x08000287   Thumb Code     0  libinit2.o(.ARM.Collect$$libinit$$0000001F)
    __rt_lib_init_stdio_2                    0x08000287   Thumb Code     0  libinit2.o(.ARM.Collect$$libinit$$00000026)
    __rt_lib_init_alloca_1                   0x0800028b   Thumb Code     0  libinit2.o(.ARM.Collect$$libinit$$00000030)
    __rt_lib_init_argv_1                     0x0800028b   Thumb Code     0  libinit2.o(.ARM.Collect$$libinit$$0000002E)
    __rt_lib_init_cpp_1                      0x0800028b   Thumb Code     0  libinit2.o(.ARM.Collect$$libinit$$00000034)
    __rt_lib_init_exceptions_1               0x0800028b   Thumb Code     0  libinit2.o(.ARM.Collect$$libinit$$00000032)
    __rt_lib_init_return                     0x0800028b   Thumb Code     0  libinit2.o(.ARM.Collect$$libinit$$00000035)
    __rt_lib_init_stdio_1                    0x0800028b   Thumb Code     0  libinit2.o(.ARM.Collect$$libinit$$00000027)
    __rt_lib_shutdown                        0x0800028d   Thumb Code     0  libshutdown.o(.ARM.Collect$$libshutdown$$00000000)
    __rt_lib_shutdown_cpp_1                  0x0800028f   Thumb Code     0  libshutdown2.o(.ARM.Collect$$libshutdown$$00000002)
    __rt_lib_shutdown_stdio_2                0x0800028f   Thumb Code     0  libshutdown2.o(.ARM.Collect$$libshutdown$$00000003)
    __rt_lib_shutdown_fp_trap_1              0x08000293   Thumb Code     0  libshutdown2.o(.ARM.Collect$$libshutdown$$00000007)
    __rt_lib_shutdown_heap_1                 0x08000293   Thumb Code     0  libshutdown2.o(.ARM.Collect$$libshutdown$$0000000F)
    __rt_lib_shutdown_return                 0x08000293   Thumb Code     0  libshutdown2.o(.ARM.Collect$$libshutdown$$00000010)
    __rt_lib_shutdown_signal_1               0x08000293   Thumb Code     0  libshutdown2.o(.ARM.Collect$$libshutdown$$0000000A)
    __rt_lib_shutdown_stdio_1                0x08000293   Thumb Code     0  libshutdown2.o(.ARM.Collect$$libshutdown$$00000004)
    __rt_lib_shutdown_user_alloc_1           0x08000293   Thumb Code     0  libshutdown2.o(.ARM.Collect$$libshutdown$$0000000C)
    __rt_entry                               0x08000295   Thumb Code     0  __rtentry.o(.ARM.Collect$$rtentry$$00000000)
    __rt_entry_presh_1                       0x08000295   Thumb Code     0  __rtentry2.o(.ARM.Collect$$rtentry$$00000002)
    __rt_entry_sh                            0x08000295   Thumb Code     0  __rtentry4.o(.ARM.Collect$$rtentry$$00000004)
    __rt_entry_li                            0x0800029b   Thumb Code     0  __rtentry2.o(.ARM.Collect$$rtentry$$0000000A)
    __rt_entry_postsh_1                      0x0800029b   Thumb Code     0  __rtentry2.o(.ARM.Collect$$rtentry$$00000009)
    __rt_entry_main                          0x0800029f   Thumb Code     0  __rtentry2.o(.ARM.Collect$$rtentry$$0000000D)
    __rt_entry_postli_1                      0x0800029f   Thumb Code     0  __rtentry2.o(.ARM.Collect$$rtentry$$0000000C)
    __rt_exit                                0x080002a7   Thumb Code     0  rtexit.o(.ARM.Collect$$rtexit$$00000000)
    __rt_exit_ls                             0x080002a9   Thumb Code     0  rtexit2.o(.ARM.Collect$$rtexit$$00000003)
    __rt_exit_prels_1                        0x080002a9   Thumb Code     0  rtexit2.o(.ARM.Collect$$rtexit$$00000002)
    __rt_exit_exit                           0x080002ad   Thumb Code     0  rtexit2.o(.ARM.Collect$$rtexit$$00000004)
    Reset_Handler                            0x080002b5   Thumb Code     8  startup_stm32f10x_hd.o(.text)
    NMI_Handler                              0x080002bd   Thumb Code     2  startup_stm32f10x_hd.o(.text)
    HardFault_Handler                        0x080002bf   Thumb Code     2  startup_stm32f10x_hd.o(.text)
    MemManage_Handler                        0x080002c1   Thumb Code     2  startup_stm32f10x_hd.o(.text)
    BusFault_Handler                         0x080002c3   Thumb Code     2  startup_stm32f10x_hd.o(.text)
    UsageFault_Handler                       0x080002c5   Thumb Code     2  startup_stm32f10x_hd.o(.text)
    SVC_Handler                              0x080002c7   Thumb Code     2  startup_stm32f10x_hd.o(.text)
    DebugMon_Handler                         0x080002c9   Thumb Code     2  startup_stm32f10x_hd.o(.text)
    nSysTick_Handler                         0x080002cb   Thumb Code     2  startup_stm32f10x_hd.o(.text)
    ADC1_2_IRQHandler                        0x080002cd   Thumb Code     0  startup_stm32f10x_hd.o(.text)
    ADC3_IRQHandler                          0x080002cd   Thumb Code     0  startup_stm32f10x_hd.o(.text)
    CAN1_RX1_IRQHandler                      0x080002cd   Thumb Code     0  startup_stm32f10x_hd.o(.text)
    CAN1_SCE_IRQHandler                      0x080002cd   Thumb Code     0  startup_stm32f10x_hd.o(.text)
    DMA1_Channel1_IRQHandler                 0x080002cd   Thumb Code     0  startup_stm32f10x_hd.o(.text)
    DMA1_Channel2_IRQHandler                 0x080002cd   Thumb Code     0  startup_stm32f10x_hd.o(.text)
    DMA1_Channel3_IRQHandler                 0x080002cd   Thumb Code     0  startup_stm32f10x_hd.o(.text)
    DMA1_Channel4_IRQHandler                 0x080002cd   Thumb Code     0  startup_stm32f10x_hd.o(.text)
    DMA1_Channel5_IRQHandler                 0x080002cd   Thumb Code     0  startup_stm32f10x_hd.o(.text)
    DMA1_Channel6_IRQHandler                 0x080002cd   Thumb Code     0  startup_stm32f10x_hd.o(.text)
    DMA1_Channel7_IRQHandler                 0x080002cd   Thumb Code     0  startup_stm32f10x_hd.o(.text)
    DMA2_Channel1_IRQHandler                 0x080002cd   Thumb Code     0  startup_stm32f10x_hd.o(.text)
    DMA2_Channel2_IRQHandler                 0x080002cd   Thumb Code     0  startup_stm32f10x_hd.o(.text)
    DMA2_Channel3_IRQHandler                 0x080002cd   Thumb Code     0  startup_stm32f10x_hd.o(.text)
    DMA2_Channel4_5_IRQHandler               0x080002cd   Thumb Code     0  startup_stm32f10x_hd.o(.text)
    EXTI0_IRQHandler                         0x080002cd   Thumb Code     0  startup_stm32f10x_hd.o(.text)
    EXTI15_10_IRQHandler                     0x080002cd   Thumb Code     0  startup_stm32f10x_hd.o(.text)
    EXTI1_IRQHandler                         0x080002cd   Thumb Code     0  startup_stm32f10x_hd.o(.text)
    EXTI2_IRQHandler                         0x080002cd   Thumb Code     0  startup_stm32f10x_hd.o(.text)
    EXTI3_IRQHandler                         0x080002cd   Thumb Code     0  startup_stm32f10x_hd.o(.text)
    EXTI4_IRQHandler                         0x080002cd   Thumb Code     0  startup_stm32f10x_hd.o(.text)
    EXTI9_5_IRQHandler                       0x080002cd   Thumb Code     0  startup_stm32f10x_hd.o(.text)
    FLASH_IRQHandler                         0x080002cd   Thumb Code     0  startup_stm32f10x_hd.o(.text)
    FSMC_IRQHandler                          0x080002cd   Thumb Code     0  startup_stm32f10x_hd.o(.text)
    I2C1_ER_IRQHandler                       0x080002cd   Thumb Code     0  startup_stm32f10x_hd.o(.text)
    I2C1_EV_IRQHandler                       0x080002cd   Thumb Code     0  startup_stm32f10x_hd.o(.text)
    I2C2_ER_IRQHandler                       0x080002cd   Thumb Code     0  startup_stm32f10x_hd.o(.text)
    I2C2_EV_IRQHandler                       0x080002cd   Thumb Code     0  startup_stm32f10x_hd.o(.text)
    PVD_IRQHandler                           0x080002cd   Thumb Code     0  startup_stm32f10x_hd.o(.text)
    RCC_IRQHandler                           0x080002cd   Thumb Code     0  startup_stm32f10x_hd.o(.text)
    RTCAlarm_IRQHandler                      0x080002cd   Thumb Code     0  startup_stm32f10x_hd.o(.text)
    RTC_IRQHandler                           0x080002cd   Thumb Code     0  startup_stm32f10x_hd.o(.text)
    SDIO_IRQHandler                          0x080002cd   Thumb Code     0  startup_stm32f10x_hd.o(.text)
    SPI1_IRQHandler                          0x080002cd   Thumb Code     0  startup_stm32f10x_hd.o(.text)
    SPI2_IRQHandler                          0x080002cd   Thumb Code     0  startup_stm32f10x_hd.o(.text)
    SPI3_IRQHandler                          0x080002cd   Thumb Code     0  startup_stm32f10x_hd.o(.text)
    TAMPER_IRQHandler                        0x080002cd   Thumb Code     0  startup_stm32f10x_hd.o(.text)
    TIM1_BRK_IRQHandler                      0x080002cd   Thumb Code     0  startup_stm32f10x_hd.o(.text)
    TIM1_CC_IRQHandler                       0x080002cd   Thumb Code     0  startup_stm32f10x_hd.o(.text)
    TIM1_TRG_COM_IRQHandler                  0x080002cd   Thumb Code     0  startup_stm32f10x_hd.o(.text)
    TIM1_UP_IRQHandler                       0x080002cd   Thumb Code     0  startup_stm32f10x_hd.o(.text)
    TIM2_IRQHandler                          0x080002cd   Thumb Code     0  startup_stm32f10x_hd.o(.text)
    TIM3_IRQHandler                          0x080002cd   Thumb Code     0  startup_stm32f10x_hd.o(.text)
    TIM4_IRQHandler                          0x080002cd   Thumb Code     0  startup_stm32f10x_hd.o(.text)
    TIM5_IRQHandler                          0x080002cd   Thumb Code     0  startup_stm32f10x_hd.o(.text)
    TIM6_IRQHandler                          0x080002cd   Thumb Code     0  startup_stm32f10x_hd.o(.text)
    TIM7_IRQHandler                          0x080002cd   Thumb Code     0  startup_stm32f10x_hd.o(.text)
    TIM8_BRK_IRQHandler                      0x080002cd   Thumb Code     0  startup_stm32f10x_hd.o(.text)
    TIM8_CC_IRQHandler                       0x080002cd   Thumb Code     0  startup_stm32f10x_hd.o(.text)
    TIM8_TRG_COM_IRQHandler                  0x080002cd   Thumb Code     0  startup_stm32f10x_hd.o(.text)
    TIM8_UP_IRQHandler                       0x080002cd   Thumb Code     0  startup_stm32f10x_hd.o(.text)
    UART4_IRQHandler                         0x080002cd   Thumb Code     0  startup_stm32f10x_hd.o(.text)
    UART5_IRQHandler                         0x080002cd   Thumb Code     0  startup_stm32f10x_hd.o(.text)
    USART1_IRQHandler                        0x080002cd   Thumb Code     0  startup_stm32f10x_hd.o(.text)
    USART2_IRQHandler                        0x080002cd   Thumb Code     0  startup_stm32f10x_hd.o(.text)
    USART3_IRQHandler                        0x080002cd   Thumb Code     0  startup_stm32f10x_hd.o(.text)
    USBWakeUp_IRQHandler                     0x080002cd   Thumb Code     0  startup_stm32f10x_hd.o(.text)
    USB_HP_CAN1_TX_IRQHandler                0x080002cd   Thumb Code     0  startup_stm32f10x_hd.o(.text)
    USB_LP_CAN1_RX0_IRQHandler               0x080002cd   Thumb Code     0  startup_stm32f10x_hd.o(.text)
    WWDG_IRQHandler                          0x080002cd   Thumb Code     0  startup_stm32f10x_hd.o(.text)
    __user_initial_stackheap                 0x080002d1   Thumb Code     0  startup_stm32f10x_hd.o(.text)
    printf                                   0x080002f5   Thumb Code    20  printf.o(.text)
    __use_two_region_memory                  0x0800030d   Thumb Code     2  heapauxi.o(.text)
    __rt_heap_escrow                         0x0800030f   Thumb Code     2  heapauxi.o(.text)
    __rt_heap_expand                         0x08000311   Thumb Code     2  heapauxi.o(.text)
    _printf_pre_padding                      0x08000313   Thumb Code    44  _printf_pad.o(.text)
    _printf_post_padding                     0x0800033f   Thumb Code    34  _printf_pad.o(.text)
    _printf_truncate_signed                  0x08000361   Thumb Code    18  _printf_truncate.o(.text)
    _printf_truncate_unsigned                0x08000373   Thumb Code    18  _printf_truncate.o(.text)
    _printf_str                              0x08000385   Thumb Code    82  _printf_str.o(.text)
    _printf_int_dec                          0x080003d9   Thumb Code   104  _printf_dec.o(.text)
    _printf_charcount                        0x08000451   Thumb Code    40  _printf_charcount.o(.text)
    _printf_char_file                        0x08000479   Thumb Code    32  _printf_char_file.o(.text)
    _printf_wctomb                           0x0800049d   Thumb Code   182  _printf_wctomb.o(.text)
    _printf_longlong_dec                     0x08000559   Thumb Code   108  _printf_longlong_dec.o(.text)
    _printf_longlong_oct                     0x080005d5   Thumb Code    68  _printf_oct_int_ll.o(.text)
    _printf_int_oct                          0x08000619   Thumb Code    24  _printf_oct_int_ll.o(.text)
    _printf_ll_oct                           0x08000631   Thumb Code    12  _printf_oct_int_ll.o(.text)
    _printf_longlong_hex                     0x08000645   Thumb Code    86  _printf_hex_int_ll_ptr.o(.text)
    _printf_int_hex                          0x0800069b   Thumb Code    28  _printf_hex_int_ll_ptr.o(.text)
    _printf_ll_hex                           0x080006b7   Thumb Code    12  _printf_hex_int_ll_ptr.o(.text)
    _printf_hex_ptr                          0x080006c3   Thumb Code    18  _printf_hex_int_ll_ptr.o(.text)
    __printf                                 0x080006d9   Thumb Code   388  __printf_flags_ss_wp.o(.text)
    _ll_udiv10                               0x08000861   Thumb Code   138  lludiv10.o(.text)
    _printf_int_common                       0x080008eb   Thumb Code   178  _printf_intcommon.o(.text)
    _printf_fp_dec_real                      0x08000b4d   Thumb Code   620  _printf_fp_dec.o(.text)
    _printf_fp_hex_real                      0x08000db9   Thumb Code   756  _printf_fp_hex.o(.text)
    _printf_char_common                      0x080010bf   Thumb Code    32  _printf_char_common.o(.text)
    _printf_cs_common                        0x080010e5   Thumb Code    20  _printf_char.o(.text)
    _printf_char                             0x080010f9   Thumb Code    16  _printf_char.o(.text)
    _printf_string                           0x08001109   Thumb Code     8  _printf_char.o(.text)
    _printf_lcs_common                       0x08001111   Thumb Code    20  _printf_wchar.o(.text)
    _printf_wchar                            0x08001125   Thumb Code    16  _printf_wchar.o(.text)
    _printf_wstring                          0x08001135   Thumb Code     8  _printf_wchar.o(.text)
    ferror                                   0x0800113d   Thumb Code     8  ferror.o(.text)
    _initio                                  0x08001145   Thumb Code   210  initio.o(.text)
    _terminateio                             0x08001217   Thumb Code    56  initio.o(.text)
    _c16rtomb                                0x0800127d   Thumb Code    72  _c16rtomb.o(.text)
    _wcrtomb                                 0x0800127d   Thumb Code     0  _c16rtomb.o(.text)
    __user_setup_stackheap                   0x080012c5   Thumb Code    74  sys_stackheap_outer.o(.text)
    __rt_ctype_table                         0x08001311   Thumb Code    16  rt_ctype_table.o(.text)
    __rt_locale                              0x08001321   Thumb Code     8  rt_locale_intlibspace.o(.text)
    free                                     0x08001329   Thumb Code    78  h1_free.o(.text)
    _printf_fp_infnan                        0x08001379   Thumb Code   112  _printf_fp_infnan.o(.text)
    _btod_etento                             0x080013f9   Thumb Code   224  bigflt0.o(.text)
    setvbuf                                  0x080014dd   Thumb Code    70  setvbuf.o(.text)
    freopen                                  0x08001525   Thumb Code   160  fopen.o(.text)
    fopen                                    0x080015c5   Thumb Code    74  fopen.o(.text)
    _fclose_internal                         0x08001615   Thumb Code    76  fclose.o(.text)
    fclose                                   0x08001615   Thumb Code     0  fclose.o(.text)
    exit                                     0x08001661   Thumb Code    18  exit.o(.text)
    __rt_SIGRTRED                            0x08001673   Thumb Code    14  defsig_rtred_outer.o(.text)
    __aeabi_memclr4                          0x08001681   Thumb Code     0  rt_memclr_w.o(.text)
    __aeabi_memclr8                          0x08001681   Thumb Code     0  rt_memclr_w.o(.text)
    __rt_memclr_w                            0x08001681   Thumb Code     0  rt_memclr_w.o(.text)
    _memset_w                                0x08001685   Thumb Code    74  rt_memclr_w.o(.text)
    _sys_open                                0x080016cf   Thumb Code    20  sys_io.o(.text)
    _sys_close                               0x080016e3   Thumb Code    12  sys_io.o(.text)
    _sys_write                               0x080016ef   Thumb Code    16  sys_io.o(.text)
    _sys_read                                0x080016ff   Thumb Code    14  sys_io.o(.text)
    _sys_istty                               0x0800170d   Thumb Code    12  sys_io.o(.text)
    _sys_seek                                0x08001719   Thumb Code    14  sys_io.o(.text)
    _sys_ensure                              0x08001727   Thumb Code     2  sys_io.o(.text)
    _sys_flen                                0x08001729   Thumb Code    12  sys_io.o(.text)
    __user_libspace                          0x08001735   Thumb Code     8  libspace.o(.text)
    __user_perproc_libspace                  0x08001735   Thumb Code     0  libspace.o(.text)
    __user_perthread_libspace                0x08001735   Thumb Code     0  libspace.o(.text)
    __rt_heap_descriptor                     0x0800173d   Thumb Code     8  rt_heap_descriptor_intlibspace.o(.text)
    __use_no_heap                            0x08001745   Thumb Code     2  hguard.o(.text)
    __heap$guard                             0x08001747   Thumb Code     2  hguard.o(.text)
    _terminate_user_alloc                    0x08001749   Thumb Code     2  init_alloc.o(.text)
    _init_user_alloc                         0x0800174b   Thumb Code     2  init_alloc.o(.text)
    __Heap_Full                              0x0800174d   Thumb Code    34  init_alloc.o(.text)
    __Heap_Broken                            0x0800176f   Thumb Code     6  init_alloc.o(.text)
    _init_alloc                              0x08001775   Thumb Code    94  init_alloc.o(.text)
    malloc                                   0x080017d3   Thumb Code    94  h1_alloc.o(.text)
    _fseek                                   0x08001831   Thumb Code   242  fseek.o(.text)
    fseek                                    0x08001831   Thumb Code     0  fseek.o(.text)
    _seterr                                  0x08001929   Thumb Code    20  stdio.o(.text)
    _writebuf                                0x0800193d   Thumb Code   108  stdio.o(.text)
    _fflush                                  0x080019a9   Thumb Code    70  stdio.o(.text)
    _deferredlazyseek                        0x080019ef   Thumb Code    60  stdio.o(.text)
    __sig_exit                               0x08001a31   Thumb Code    10  defsig_exit.o(.text)
    __rt_SIGRTRED_inner                      0x08001a3d   Thumb Code    14  defsig_rtred_inner.o(.text)
    strcmp                                   0x08001a71   Thumb Code   128  strcmpv7m.o(.text)
    _sys_exit                                0x08001af1   Thumb Code     8  sys_exit.o(.text)
    __I$use$semihosting                      0x08001afd   Thumb Code     0  use_no_semi.o(.text)
    __use_no_semihosting_swi                 0x08001afd   Thumb Code     2  use_no_semi.o(.text)
    __Heap_Initialize                        0x08001aff   Thumb Code     8  h1_init.o(.text)
    __semihosting_library_function           0x08001aff   Thumb Code     0  indicate_semi.o(.text)
    _maybe_terminate_alloc                   0x08001aff   Thumb Code     0  maybetermalloc1.o(.text)
    __Heap_DescSize                          0x08001b07   Thumb Code     4  h1_init.o(.text)
    __Heap_ProvideMemory                     0x08001b0b   Thumb Code    52  h1_extend.o(.text)
    _ftell_internal                          0x08001b3f   Thumb Code    66  ftell.o(.text)
    ftell                                    0x08001b3f   Thumb Code     0  ftell.o(.text)
    __default_signal_display                 0x08001b81   Thumb Code    50  defsig_general.o(.text)
    __rt_SIGRTMEM                            0x08001bb3   Thumb Code    14  defsig_rtmem_outer.o(.text)
    strlen                                   0x08001bc1   Thumb Code    62  strlen.o(.text)
    _ttywrch                                 0x08001bff   Thumb Code    14  sys_wrch.o(.text)
    __aeabi_errno_addr                       0x08001c0d   Thumb Code     8  rt_errno_addr_intlibspace.o(.text)
    __errno$intlibspace                      0x08001c0d   Thumb Code     0  rt_errno_addr_intlibspace.o(.text)
    __rt_errno_addr$intlibspace              0x08001c0d   Thumb Code     0  rt_errno_addr_intlibspace.o(.text)
    __rt_SIGRTMEM_inner                      0x08001c15   Thumb Code    22  defsig_rtmem_inner.o(.text)
    SystemInit                               0x08001ca9   Thumb Code    16  system_stm32f10x.o(.text.SystemInit)
    fputc                                    0x08001cb9   Thumb Code    20  main.o(.text.fputc)
    main                                     0x08001ccd   Thumb Code    18  main.o(.text.main)
    _btod_d2e                                0x08001cdf   Thumb Code    62  btod.o(CL$$btod_d2e)
    _d2e_denorm_low                          0x08001d1d   Thumb Code    70  btod.o(CL$$btod_d2e_denorm_low)
    _d2e_norm_op1                            0x08001d63   Thumb Code    96  btod.o(CL$$btod_d2e_norm_op1)
    __btod_div_common                        0x08001dc5   Thumb Code   696  btod.o(CL$$btod_div_common)
    _e2e                                     0x080020fd   Thumb Code   220  btod.o(CL$$btod_e2e)
    _btod_ediv                               0x080021d9   Thumb Code    42  btod.o(CL$$btod_ediv)
    _btod_emul                               0x08002203   Thumb Code    42  btod.o(CL$$btod_emul)
    __btod_mult_common                       0x0800222d   Thumb Code   580  btod.o(CL$$btod_mult_common)
    __ARM_fpclassify                         0x08002471   Thumb Code    40  fpclassify.o(i.__ARM_fpclassify)
    _is_digit                                0x08002499   Thumb Code    14  __printf_wp.o(i._is_digit)
    _get_lc_numeric                          0x080024a9   Thumb Code    44  lc_numeric_c.o(locale$$code)
    _get_lc_ctype                            0x080024d5   Thumb Code    44  lc_ctype_c.o(locale$$code)
    _printf_fp_dec                           0x08002501   Thumb Code     4  printf1.o(x$fpl$printf1)
    _printf_fp_hex                           0x08002505   Thumb Code     4  printf2.o(x$fpl$printf2)
    __I$use$fp                               0x08002508   Number         0  usenofp.o(x$fpl$usenofp)
    __stdin_name                             0x0800256f   Data           4  sys_io_names.o(.constdata)
    __stdout_name                            0x08002573   Data           4  sys_io_names.o(.constdata)
    __stderr_name                            0x08002577   Data           4  sys_io_names.o(.constdata)
    Region$$Table$$Base                      0x08002620   Number         0  anon$$obj.o(Region$$Table)
    Region$$Table$$Limit                     0x08002640   Number         0  anon$$obj.o(Region$$Table)
    __ctype                                  0x08002669   Data           0  lc_ctype_c.o(locale$$data)
    __aeabi_stdin                            0x20000000   Data           4  stdio_streams.o(.data)
    __aeabi_stdout                           0x20000004   Data           4  stdio_streams.o(.data)
    __aeabi_stderr                           0x20000008   Data           4  stdio_streams.o(.data)
    __stdin                                  0x20000010   Data          84  stdio_streams.o(.bss)
    __stdout                                 0x20000064   Data          84  stdio_streams.o(.bss)
    __stderr                                 0x200000b8   Data          84  stdio_streams.o(.bss)
    __libspace_start                         0x2000010c   Data          96  libspace.o(.bss)
    __temporary_stack_top$libspace           0x2000016c   Data           0  libspace.o(.bss)



==============================================================================

Memory Map of the image

  Image Entry point : 0x080002b5

  Load Region LR_1 (Base: 0x08000000, Size: 0x00002778, Max: 0xffffffff, ABSOLUTE)

    Execution Region ER_RO (Exec base: 0x08000000, Load base: 0x08000000, Size: 0x0000276c, Max: 0xffffffff, ABSOLUTE)

    Exec Addr    Load Addr    Size         Type   Attr      Idx    E Section Name        Object

    0x08000000   0x08000000   0x00000130   Data   RO            4    RESET               startup_stm32f10x_hd.o
    0x08000130   0x08000130   0x00000008   Code   RO           45  * !!!main             c_w.l(__main.o)
    0x08000138   0x08000138   0x0000005c   Code   RO          539    !!!scatter          c_w.l(__scatter.o)
    0x08000194   0x08000194   0x0000001a   Code   RO          543    !!handler_copy      c_w.l(__scatter_copy.o)
    0x080001ae   0x080001ae   0x00000002   PAD
    0x080001b0   0x080001b0   0x00000002   Code   RO          540    !!handler_null      c_w.l(__scatter.o)
    0x080001b2   0x080001b2   0x00000002   PAD
    0x080001b4   0x080001b4   0x0000001c   Code   RO          545    !!handler_zi        c_w.l(__scatter_zi.o)
    0x080001d0   0x080001d0   0x00000000   Code   RO          127    .ARM.Collect$$_printf_percent$$00000000  c_w.l(_printf_percent.o)
    0x080001d0   0x080001d0   0x00000006   Code   RO          116    .ARM.Collect$$_printf_percent$$00000001  c_w.l(_printf_n.o)
    0x080001d6   0x080001d6   0x00000006   Code   RO          118    .ARM.Collect$$_printf_percent$$00000002  c_w.l(_printf_p.o)
    0x080001dc   0x080001dc   0x00000006   Code   RO          123    .ARM.Collect$$_printf_percent$$00000003  c_w.l(_printf_f.o)
    0x080001e2   0x080001e2   0x00000006   Code   RO          124    .ARM.Collect$$_printf_percent$$00000004  c_w.l(_printf_e.o)
    0x080001e8   0x080001e8   0x00000006   Code   RO          125    .ARM.Collect$$_printf_percent$$00000005  c_w.l(_printf_g.o)
    0x080001ee   0x080001ee   0x00000006   Code   RO          126    .ARM.Collect$$_printf_percent$$00000006  c_w.l(_printf_a.o)
    0x080001f4   0x080001f4   0x0000000a   Code   RO          131    .ARM.Collect$$_printf_percent$$00000007  c_w.l(_printf_ll.o)
    0x080001fe   0x080001fe   0x00000006   Code   RO          120    .ARM.Collect$$_printf_percent$$00000008  c_w.l(_printf_i.o)
    0x08000204   0x08000204   0x00000006   Code   RO          121    .ARM.Collect$$_printf_percent$$00000009  c_w.l(_printf_d.o)
    0x0800020a   0x0800020a   0x00000006   Code   RO          122    .ARM.Collect$$_printf_percent$$0000000A  c_w.l(_printf_u.o)
    0x08000210   0x08000210   0x00000006   Code   RO          119    .ARM.Collect$$_printf_percent$$0000000B  c_w.l(_printf_o.o)
    0x08000216   0x08000216   0x00000006   Code   RO          117    .ARM.Collect$$_printf_percent$$0000000C  c_w.l(_printf_x.o)
    0x0800021c   0x0800021c   0x00000006   Code   RO          128    .ARM.Collect$$_printf_percent$$0000000D  c_w.l(_printf_lli.o)
    0x08000222   0x08000222   0x00000006   Code   RO          129    .ARM.Collect$$_printf_percent$$0000000E  c_w.l(_printf_lld.o)
    0x08000228   0x08000228   0x00000006   Code   RO          130    .ARM.Collect$$_printf_percent$$0000000F  c_w.l(_printf_llu.o)
    0x0800022e   0x0800022e   0x00000006   Code   RO          135    .ARM.Collect$$_printf_percent$$00000010  c_w.l(_printf_llo.o)
    0x08000234   0x08000234   0x00000006   Code   RO          136    .ARM.Collect$$_printf_percent$$00000011  c_w.l(_printf_llx.o)
    0x0800023a   0x0800023a   0x0000000a   Code   RO          132    .ARM.Collect$$_printf_percent$$00000012  c_w.l(_printf_l.o)
    0x08000244   0x08000244   0x00000006   Code   RO          114    .ARM.Collect$$_printf_percent$$00000013  c_w.l(_printf_c.o)
    0x0800024a   0x0800024a   0x00000006   Code   RO          115    .ARM.Collect$$_printf_percent$$00000014  c_w.l(_printf_s.o)
    0x08000250   0x08000250   0x00000006   Code   RO          133    .ARM.Collect$$_printf_percent$$00000015  c_w.l(_printf_lc.o)
    0x08000256   0x08000256   0x00000006   Code   RO          134    .ARM.Collect$$_printf_percent$$00000016  c_w.l(_printf_ls.o)
    0x0800025c   0x0800025c   0x00000004   Code   RO          183    .ARM.Collect$$_printf_percent$$00000017  c_w.l(_printf_percent_end.o)
    0x08000260   0x08000260   0x00000002   Code   RO          322    .ARM.Collect$$libinit$$00000000  c_w.l(libinit.o)
    0x08000262   0x08000262   0x00000000   Code   RO          324    .ARM.Collect$$libinit$$00000002  c_w.l(libinit2.o)
    0x08000262   0x08000262   0x00000000   Code   RO          326    .ARM.Collect$$libinit$$00000004  c_w.l(libinit2.o)
    0x08000262   0x08000262   0x00000000   Code   RO          328    .ARM.Collect$$libinit$$00000006  c_w.l(libinit2.o)
    0x08000262   0x08000262   0x00000008   Code   RO          329    .ARM.Collect$$libinit$$00000007  c_w.l(libinit2.o)
    0x0800026a   0x0800026a   0x00000000   Code   RO          331    .ARM.Collect$$libinit$$0000000C  c_w.l(libinit2.o)
    0x0800026a   0x0800026a   0x00000000   Code   RO          333    .ARM.Collect$$libinit$$0000000E  c_w.l(libinit2.o)
    0x0800026a   0x0800026a   0x00000000   Code   RO          335    .ARM.Collect$$libinit$$00000010  c_w.l(libinit2.o)
    0x0800026a   0x0800026a   0x00000006   Code   RO          336    .ARM.Collect$$libinit$$00000011  c_w.l(libinit2.o)
    0x08000270   0x08000270   0x00000000   Code   RO          338    .ARM.Collect$$libinit$$00000013  c_w.l(libinit2.o)
    0x08000270   0x08000270   0x0000000c   Code   RO          339    .ARM.Collect$$libinit$$00000014  c_w.l(libinit2.o)
    0x0800027c   0x0800027c   0x00000000   Code   RO          340    .ARM.Collect$$libinit$$00000015  c_w.l(libinit2.o)
    0x0800027c   0x0800027c   0x00000000   Code   RO          342    .ARM.Collect$$libinit$$00000017  c_w.l(libinit2.o)
    0x0800027c   0x0800027c   0x0000000a   Code   RO          343    .ARM.Collect$$libinit$$00000018  c_w.l(libinit2.o)
    0x08000286   0x08000286   0x00000000   Code   RO          344    .ARM.Collect$$libinit$$00000019  c_w.l(libinit2.o)
    0x08000286   0x08000286   0x00000000   Code   RO          346    .ARM.Collect$$libinit$$0000001B  c_w.l(libinit2.o)
    0x08000286   0x08000286   0x00000000   Code   RO          348    .ARM.Collect$$libinit$$0000001D  c_w.l(libinit2.o)
    0x08000286   0x08000286   0x00000000   Code   RO          350    .ARM.Collect$$libinit$$0000001F  c_w.l(libinit2.o)
    0x08000286   0x08000286   0x00000000   Code   RO          352    .ARM.Collect$$libinit$$00000021  c_w.l(libinit2.o)
    0x08000286   0x08000286   0x00000000   Code   RO          354    .ARM.Collect$$libinit$$00000023  c_w.l(libinit2.o)
    0x08000286   0x08000286   0x00000000   Code   RO          356    .ARM.Collect$$libinit$$00000025  c_w.l(libinit2.o)
    0x08000286   0x08000286   0x00000004   Code   RO          357    .ARM.Collect$$libinit$$00000026  c_w.l(libinit2.o)
    0x0800028a   0x0800028a   0x00000000   Code   RO          358    .ARM.Collect$$libinit$$00000027  c_w.l(libinit2.o)
    0x0800028a   0x0800028a   0x00000000   Code   RO          362    .ARM.Collect$$libinit$$0000002E  c_w.l(libinit2.o)
    0x0800028a   0x0800028a   0x00000000   Code   RO          364    .ARM.Collect$$libinit$$00000030  c_w.l(libinit2.o)
    0x0800028a   0x0800028a   0x00000000   Code   RO          366    .ARM.Collect$$libinit$$00000032  c_w.l(libinit2.o)
    0x0800028a   0x0800028a   0x00000000   Code   RO          368    .ARM.Collect$$libinit$$00000034  c_w.l(libinit2.o)
    0x0800028a   0x0800028a   0x00000002   Code   RO          369    .ARM.Collect$$libinit$$00000035  c_w.l(libinit2.o)
    0x0800028c   0x0800028c   0x00000002   Code   RO          518    .ARM.Collect$$libshutdown$$00000000  c_w.l(libshutdown.o)
    0x0800028e   0x0800028e   0x00000000   Code   RO          371    .ARM.Collect$$libshutdown$$00000002  c_w.l(libshutdown2.o)
    0x0800028e   0x0800028e   0x00000004   Code   RO          372    .ARM.Collect$$libshutdown$$00000003  c_w.l(libshutdown2.o)
    0x08000292   0x08000292   0x00000000   Code   RO          373    .ARM.Collect$$libshutdown$$00000004  c_w.l(libshutdown2.o)
    0x08000292   0x08000292   0x00000000   Code   RO          376    .ARM.Collect$$libshutdown$$00000007  c_w.l(libshutdown2.o)
    0x08000292   0x08000292   0x00000000   Code   RO          379    .ARM.Collect$$libshutdown$$0000000A  c_w.l(libshutdown2.o)
    0x08000292   0x08000292   0x00000000   Code   RO          381    .ARM.Collect$$libshutdown$$0000000C  c_w.l(libshutdown2.o)
    0x08000292   0x08000292   0x00000000   Code   RO          384    .ARM.Collect$$libshutdown$$0000000F  c_w.l(libshutdown2.o)
    0x08000292   0x08000292   0x00000002   Code   RO          385    .ARM.Collect$$libshutdown$$00000010  c_w.l(libshutdown2.o)
    0x08000294   0x08000294   0x00000000   Code   RO           47    .ARM.Collect$$rtentry$$00000000  c_w.l(__rtentry.o)
    0x08000294   0x08000294   0x00000000   Code   RO          152    .ARM.Collect$$rtentry$$00000002  c_w.l(__rtentry2.o)
    0x08000294   0x08000294   0x00000006   Code   RO          164    .ARM.Collect$$rtentry$$00000004  c_w.l(__rtentry4.o)
    0x0800029a   0x0800029a   0x00000000   Code   RO          154    .ARM.Collect$$rtentry$$00000009  c_w.l(__rtentry2.o)
    0x0800029a   0x0800029a   0x00000004   Code   RO          155    .ARM.Collect$$rtentry$$0000000A  c_w.l(__rtentry2.o)
    0x0800029e   0x0800029e   0x00000000   Code   RO          157    .ARM.Collect$$rtentry$$0000000C  c_w.l(__rtentry2.o)
    0x0800029e   0x0800029e   0x00000008   Code   RO          158    .ARM.Collect$$rtentry$$0000000D  c_w.l(__rtentry2.o)
    0x080002a6   0x080002a6   0x00000002   Code   RO          398    .ARM.Collect$$rtexit$$00000000  c_w.l(rtexit.o)
    0x080002a8   0x080002a8   0x00000000   Code   RO          456    .ARM.Collect$$rtexit$$00000002  c_w.l(rtexit2.o)
    0x080002a8   0x080002a8   0x00000004   Code   RO          457    .ARM.Collect$$rtexit$$00000003  c_w.l(rtexit2.o)
    0x080002ac   0x080002ac   0x00000006   Code   RO          458    .ARM.Collect$$rtexit$$00000004  c_w.l(rtexit2.o)
    0x080002b2   0x080002b2   0x00000002   PAD
    0x080002b4   0x080002b4   0x00000040   Code   RO            5  * .text               startup_stm32f10x_hd.o
    0x080002f4   0x080002f4   0x00000018   Code   RO           41    .text               c_w.l(printf.o)
    0x0800030c   0x0800030c   0x00000006   Code   RO           43    .text               c_w.l(heapauxi.o)
    0x08000312   0x08000312   0x0000004e   Code   RO           50    .text               c_w.l(_printf_pad.o)
    0x08000360   0x08000360   0x00000024   Code   RO           52    .text               c_w.l(_printf_truncate.o)
    0x08000384   0x08000384   0x00000052   Code   RO           54    .text               c_w.l(_printf_str.o)
    0x080003d6   0x080003d6   0x00000002   PAD
    0x080003d8   0x080003d8   0x00000078   Code   RO           56    .text               c_w.l(_printf_dec.o)
    0x08000450   0x08000450   0x00000028   Code   RO           58    .text               c_w.l(_printf_charcount.o)
    0x08000478   0x08000478   0x00000024   Code   RO           60    .text               c_w.l(_printf_char_file.o)
    0x0800049c   0x0800049c   0x000000bc   Code   RO           62    .text               c_w.l(_printf_wctomb.o)
    0x08000558   0x08000558   0x0000007c   Code   RO           65    .text               c_w.l(_printf_longlong_dec.o)
    0x080005d4   0x080005d4   0x00000070   Code   RO           71    .text               c_w.l(_printf_oct_int_ll.o)
    0x08000644   0x08000644   0x00000094   Code   RO           91    .text               c_w.l(_printf_hex_int_ll_ptr.o)
    0x080006d8   0x080006d8   0x00000188   Code   RO          111    .text               c_w.l(__printf_flags_ss_wp.o)
    0x08000860   0x08000860   0x0000008a   Code   RO          166    .text               c_w.l(lludiv10.o)
    0x080008ea   0x080008ea   0x000000b2   Code   RO          168    .text               c_w.l(_printf_intcommon.o)
    0x0800099c   0x0800099c   0x0000041c   Code   RO          170    .text               c_w.l(_printf_fp_dec.o)
    0x08000db8   0x08000db8   0x000002fc   Code   RO          174    .text               c_w.l(_printf_fp_hex.o)
    0x080010b4   0x080010b4   0x00000030   Code   RO          177    .text               c_w.l(_printf_char_common.o)
    0x080010e4   0x080010e4   0x0000002c   Code   RO          179    .text               c_w.l(_printf_char.o)
    0x08001110   0x08001110   0x0000002c   Code   RO          181    .text               c_w.l(_printf_wchar.o)
    0x0800113c   0x0800113c   0x00000008   Code   RO          184    .text               c_w.l(ferror.o)
    0x08001144   0x08001144   0x00000138   Code   RO          186    .text               c_w.l(initio.o)
    0x0800127c   0x0800127c   0x00000048   Code   RO          192    .text               c_w.l(_c16rtomb.o)
    0x080012c4   0x080012c4   0x0000004a   Code   RO          199    .text               c_w.l(sys_stackheap_outer.o)
    0x0800130e   0x0800130e   0x00000002   PAD
    0x08001310   0x08001310   0x00000010   Code   RO          201    .text               c_w.l(rt_ctype_table.o)
    0x08001320   0x08001320   0x00000008   Code   RO          206    .text               c_w.l(rt_locale_intlibspace.o)
    0x08001328   0x08001328   0x0000004e   Code   RO          210    .text               c_w.l(h1_free.o)
    0x08001376   0x08001376   0x00000002   PAD
    0x08001378   0x08001378   0x00000080   Code   RO          264    .text               c_w.l(_printf_fp_infnan.o)
    0x080013f8   0x080013f8   0x000000e4   Code   RO          268    .text               c_w.l(bigflt0.o)
    0x080014dc   0x080014dc   0x00000046   Code   RO          295    .text               c_w.l(setvbuf.o)
    0x08001522   0x08001522   0x00000002   PAD
    0x08001524   0x08001524   0x000000f0   Code   RO          298    .text               c_w.l(fopen.o)
    0x08001614   0x08001614   0x0000004c   Code   RO          300    .text               c_w.l(fclose.o)
    0x08001660   0x08001660   0x00000012   Code   RO          309    .text               c_w.l(exit.o)
    0x08001672   0x08001672   0x0000000e   Code   RO          311    .text               c_w.l(defsig_rtred_outer.o)
    0x08001680   0x08001680   0x0000004e   Code   RO          315    .text               c_w.l(rt_memclr_w.o)
    0x080016ce   0x080016ce   0x00000066   Code   RO          391    .text               c_w.l(sys_io.o)
    0x08001734   0x08001734   0x00000008   Code   RO          395    .text               c_w.l(libspace.o)
    0x0800173c   0x0800173c   0x00000008   Code   RO          405    .text               c_w.l(rt_heap_descriptor_intlibspace.o)
    0x08001744   0x08001744   0x00000004   Code   RO          407    .text               c_w.l(hguard.o)
    0x08001748   0x08001748   0x0000008a   Code   RO          409    .text               c_w.l(init_alloc.o)
    0x080017d2   0x080017d2   0x0000005e   Code   RO          415    .text               c_w.l(h1_alloc.o)
    0x08001830   0x08001830   0x000000f8   Code   RO          429    .text               c_w.l(fseek.o)
    0x08001928   0x08001928   0x00000108   Code   RO          431    .text               c_w.l(stdio.o)
    0x08001a30   0x08001a30   0x0000000a   Code   RO          436    .text               c_w.l(defsig_exit.o)
    0x08001a3a   0x08001a3a   0x00000002   PAD
    0x08001a3c   0x08001a3c   0x00000034   Code   RO          438    .text               c_w.l(defsig_rtred_inner.o)
    0x08001a70   0x08001a70   0x00000080   Code   RO          442    .text               c_w.l(strcmpv7m.o)
    0x08001af0   0x08001af0   0x0000000c   Code   RO          448    .text               c_w.l(sys_exit.o)
    0x08001afc   0x08001afc   0x00000002   Code   RO          452    .text               c_w.l(use_no_semi.o)
    0x08001afe   0x08001afe   0x00000000   Code   RO          454    .text               c_w.l(indicate_semi.o)
    0x08001afe   0x08001afe   0x00000000   Code   RO          462    .text               c_w.l(maybetermalloc1.o)
    0x08001afe   0x08001afe   0x0000000c   Code   RO          464    .text               c_w.l(h1_init.o)
    0x08001b0a   0x08001b0a   0x00000034   Code   RO          466    .text               c_w.l(h1_extend.o)
    0x08001b3e   0x08001b3e   0x00000042   Code   RO          474    .text               c_w.l(ftell.o)
    0x08001b80   0x08001b80   0x00000032   Code   RO          478    .text               c_w.l(defsig_general.o)
    0x08001bb2   0x08001bb2   0x0000000e   Code   RO          480    .text               c_w.l(defsig_rtmem_outer.o)
    0x08001bc0   0x08001bc0   0x0000003e   Code   RO          484    .text               c_w.l(strlen.o)
    0x08001bfe   0x08001bfe   0x0000000e   Code   RO          495    .text               c_w.l(sys_wrch.o)
    0x08001c0c   0x08001c0c   0x00000008   Code   RO          506    .text               c_w.l(rt_errno_addr_intlibspace.o)
    0x08001c14   0x08001c14   0x00000050   Code   RO          512    .text               c_w.l(defsig_rtmem_inner.o)
    0x08001c64   0x08001c64   0x00000044   Code   RO           14    .text.ITM_SendChar  main.o
    0x08001ca8   0x08001ca8   0x00000010   Code   RO           27    .text.SystemInit    system_stm32f10x.o
    0x08001cb8   0x08001cb8   0x00000014   Code   RO           12    .text.fputc         main.o
    0x08001ccc   0x08001ccc   0x00000012   Code   RO           16    .text.main          main.o
    0x08001cde   0x08001cde   0x0000003e   Code   RO          271    CL$$btod_d2e        c_w.l(btod.o)
    0x08001d1c   0x08001d1c   0x00000046   Code   RO          273    CL$$btod_d2e_denorm_low  c_w.l(btod.o)
    0x08001d62   0x08001d62   0x00000060   Code   RO          272    CL$$btod_d2e_norm_op1  c_w.l(btod.o)
    0x08001dc2   0x08001dc2   0x00000002   PAD
    0x08001dc4   0x08001dc4   0x00000338   Code   RO          281    CL$$btod_div_common  c_w.l(btod.o)
    0x080020fc   0x080020fc   0x000000dc   Code   RO          278    CL$$btod_e2e        c_w.l(btod.o)
    0x080021d8   0x080021d8   0x0000002a   Code   RO          275    CL$$btod_ediv       c_w.l(btod.o)
    0x08002202   0x08002202   0x0000002a   Code   RO          274    CL$$btod_emul       c_w.l(btod.o)
    0x0800222c   0x0800222c   0x00000244   Code   RO          280    CL$$btod_mult_common  c_w.l(btod.o)
    0x08002470   0x08002470   0x00000028   Code   RO          389    i.__ARM_fpclassify  m_ws.l(fpclassify.o)
    0x08002498   0x08002498   0x0000000e   Code   RO          104    i._is_digit         c_w.l(__printf_wp.o)
    0x080024a6   0x080024a6   0x00000002   PAD
    0x080024a8   0x080024a8   0x0000002c   Code   RO          307    locale$$code        c_w.l(lc_numeric_c.o)
    0x080024d4   0x080024d4   0x0000002c   Code   RO          434    locale$$code        c_w.l(lc_ctype_c.o)
    0x08002500   0x08002500   0x00000004   Code   RO          143    x$fpl$printf1       fz_ws.l(printf1.o)
    0x08002504   0x08002504   0x00000004   Code   RO          145    x$fpl$printf2       fz_ws.l(printf2.o)
    0x08002508   0x08002508   0x00000000   Code   RO          388    x$fpl$usenofp       fz_ws.l(usenofp.o)
    0x08002508   0x08002508   0x00000008   Data   RO           63    .constdata          c_w.l(_printf_wctomb.o)
    0x08002510   0x08002510   0x00000028   Data   RO           92    .constdata          c_w.l(_printf_hex_int_ll_ptr.o)
    0x08002538   0x08002538   0x00000011   Data   RO          112    .constdata          c_w.l(__printf_flags_ss_wp.o)
    0x08002549   0x08002549   0x00000026   Data   RO          175    .constdata          c_w.l(_printf_fp_hex.o)
    0x0800256f   0x0800256f   0x00000004   Data   RO          194    .constdata          c_w.l(sys_io_names.o)
    0x08002573   0x08002573   0x00000004   Data   RO          195    .constdata          c_w.l(sys_io_names.o)
    0x08002577   0x08002577   0x00000004   Data   RO          196    .constdata          c_w.l(sys_io_names.o)
    0x0800257b   0x0800257b   0x00000001   PAD
    0x0800257c   0x0800257c   0x00000094   Data   RO          269    .constdata          c_w.l(bigflt0.o)
    0x08002610   0x08002610   0x0000000f   Data   RO           18    .rodata.str1.1      main.o
    0x0800261f   0x0800261f   0x00000001   PAD
    0x08002620   0x08002620   0x00000020   Data   RO          538    Region$$Table       anon$$obj.o
    0x08002640   0x08002640   0x0000001c   Data   RO          306    locale$$data        c_w.l(lc_numeric_c.o)
    0x0800265c   0x0800265c   0x00000110   Data   RO          433    locale$$data        c_w.l(lc_ctype_c.o)


    Execution Region ER_RW (Exec base: 0x20000000, Load base: 0x0800276c, Size: 0x0000000c, Max: 0xffffffff, ABSOLUTE)

    Exec Addr    Load Addr    Size         Type   Attr      Idx    E Section Name        Object

    0x20000000   0x0800276c   0x00000004   Data   RW          140    .data               c_w.l(stdio_streams.o)
    0x20000004   0x08002770   0x00000004   Data   RW          141    .data               c_w.l(stdio_streams.o)
    0x20000008   0x08002774   0x00000004   Data   RW          142    .data               c_w.l(stdio_streams.o)


    Execution Region ER_ZI (Exec base: 0x20000010, Load base: 0x08002778, Size: 0x00000760, Max: 0xffffffff, ABSOLUTE)

    Exec Addr    Load Addr    Size         Type   Attr      Idx    E Section Name        Object

    0x20000010        -       0x00000054   Zero   RW          137    .bss                c_w.l(stdio_streams.o)
    0x20000064        -       0x00000054   Zero   RW          138    .bss                c_w.l(stdio_streams.o)
    0x200000b8        -       0x00000054   Zero   RW          139    .bss                c_w.l(stdio_streams.o)
    0x2000010c        -       0x00000060   Zero   RW          396    .bss                c_w.l(libspace.o)
    0x2000016c   0x08002778   0x00000004   PAD
    0x20000170        -       0x00000200   Zero   RW            3    HEAP                startup_stm32f10x_hd.o
    0x20000370        -       0x00000400   Zero   RW            2    STACK               startup_stm32f10x_hd.o


==============================================================================

Image component sizes


      Code (inc. data)   RO Data    RW Data    ZI Data      Debug   Object Name

       106          0         15          0          0       2047   main.o
        64         28        304          0       1536        764   startup_stm32f10x_hd.o
        16          0          0          0          0       1938   system_stm32f10x.o

    ----------------------------------------------------------------------
       186         28        352          0       1536       4749   Object Totals
         0          0         32          0          0          0   (incl. Generated)
         0          0          1          0          0          0   (incl. Padding)

    ----------------------------------------------------------------------

      Code (inc. data)   RO Data    RW Data    ZI Data      Debug   Library Member Name

         8          0          0          0          0         68   __main.o
       392          4         17          0          0         92   __printf_flags_ss_wp.o
        14          0          0          0          0         68   __printf_wp.o
         0          0          0          0          0          0   __rtentry.o
        12          0          0          0          0          0   __rtentry2.o
         6          0          0          0          0          0   __rtentry4.o
        94          8          0          0          0          0   __scatter.o
        26          0          0          0          0          0   __scatter_copy.o
        28          0          0          0          0          0   __scatter_zi.o
        72          0          0          0          0         96   _c16rtomb.o
         6          0          0          0          0          0   _printf_a.o
         6          0          0          0          0          0   _printf_c.o
        44          0          0          0          0        108   _printf_char.o
        48          6          0          0          0         96   _printf_char_common.o
        36          4          0          0          0         80   _printf_char_file.o
        40          0          0          0          0         68   _printf_charcount.o
         6          0          0          0          0          0   _printf_d.o
       120         16          0          0          0         92   _printf_dec.o
         6          0          0          0          0          0   _printf_e.o
         6          0          0          0          0          0   _printf_f.o
      1052          0          0          0          0        148   _printf_fp_dec.o
       764          8         38          0          0        100   _printf_fp_hex.o
       128         16          0          0          0         84   _printf_fp_infnan.o
         6          0          0          0          0          0   _printf_g.o
       148          4         40          0          0        160   _printf_hex_int_ll_ptr.o
         6          0          0          0          0          0   _printf_i.o
       178          0          0          0          0         88   _printf_intcommon.o
        10          0          0          0          0          0   _printf_l.o
         6          0          0          0          0          0   _printf_lc.o
        10          0          0          0          0          0   _printf_ll.o
         6          0          0          0          0          0   _printf_lld.o
         6          0          0          0          0          0   _printf_lli.o
         6          0          0          0          0          0   _printf_llo.o
         6          0          0          0          0          0   _printf_llu.o
         6          0          0          0          0          0   _printf_llx.o
       124         16          0          0          0         92   _printf_longlong_dec.o
         6          0          0          0          0          0   _printf_ls.o
         6          0          0          0          0          0   _printf_n.o
         6          0          0          0          0          0   _printf_o.o
       112          8          0          0          0        124   _printf_oct_int_ll.o
         6          0          0          0          0          0   _printf_p.o
        78          0          0          0          0        108   _printf_pad.o
         0          0          0          0          0          0   _printf_percent.o
         4          0          0          0          0          0   _printf_percent_end.o
         6          0          0          0          0          0   _printf_s.o
        82          0          0          0          0         80   _printf_str.o
        36          0          0          0          0         84   _printf_truncate.o
         6          0          0          0          0          0   _printf_u.o
        44          0          0          0          0        108   _printf_wchar.o
       188          6          8          0          0         92   _printf_wctomb.o
         6          0          0          0          0          0   _printf_x.o
       228          4        148          0          0         96   bigflt0.o
      1936        128          0          0          0        668   btod.o
        10          0          0          0          0         68   defsig_exit.o
        50          0          0          0          0         88   defsig_general.o
        80         58          0          0          0         76   defsig_rtmem_inner.o
        14          0          0          0          0         80   defsig_rtmem_outer.o
        52         38          0          0          0         76   defsig_rtred_inner.o
        14          0          0          0          0         80   defsig_rtred_outer.o
        18          0          0          0          0         80   exit.o
        76          0          0          0          0         88   fclose.o
         8          0          0          0          0         68   ferror.o
       240          6          0          0          0        128   fopen.o
       248          6          0          0          0         84   fseek.o
        66          0          0          0          0         76   ftell.o
        94          0          0          0          0         80   h1_alloc.o
        52          0          0          0          0         68   h1_extend.o
        78          0          0          0          0         80   h1_free.o
        12          0          0          0          0         84   h1_init.o
         6          0          0          0          0        152   heapauxi.o
         4          0          0          0          0        136   hguard.o
         0          0          0          0          0          0   indicate_semi.o
       138          0          0          0          0        168   init_alloc.o
       312         46          0          0          0        112   initio.o
        44         10        272          0          0         76   lc_ctype_c.o
        44         10         28          0          0         76   lc_numeric_c.o
         2          0          0          0          0          0   libinit.o
        42          0          0          0          0          0   libinit2.o
         2          0          0          0          0          0   libshutdown.o
         6          0          0          0          0          0   libshutdown2.o
         8          4          0          0         96         68   libspace.o
       138          0          0          0          0         80   lludiv10.o
         0          0          0          0          0          0   maybetermalloc1.o
        24          4          0          0          0         84   printf.o
        16          4          0          0          0         76   rt_ctype_table.o
         8          4          0          0          0         68   rt_errno_addr_intlibspace.o
         8          4          0          0          0         68   rt_heap_descriptor_intlibspace.o
         8          4          0          0          0         68   rt_locale_intlibspace.o
        78          0          0          0          0         80   rt_memclr_w.o
         2          0          0          0          0          0   rtexit.o
        10          0          0          0          0          0   rtexit2.o
        70          0          0          0          0         80   setvbuf.o
       264          6          0          0          0        160   stdio.o
         0          0          0         12        252          0   stdio_streams.o
       128          0          0          0          0         68   strcmpv7m.o
        62          0          0          0          0         76   strlen.o
        12          4          0          0          0         68   sys_exit.o
       102          0          0          0          0        240   sys_io.o
         0          0         12          0          0          0   sys_io_names.o
        74          0          0          0          0         80   sys_stackheap_outer.o
        14          0          0          0          0         76   sys_wrch.o
         2          0          0          0          0         68   use_no_semi.o
         4          0          0          0          0         68   printf1.o
         4          0          0          0          0         68   printf2.o
         0          0          0          0          0          0   usenofp.o
        40          0          0          0          0         68   fpclassify.o

    ----------------------------------------------------------------------
      8990        436        564         12        352       6536   Library Totals
        20          0          1          0          4          0   (incl. Padding)

    ----------------------------------------------------------------------

      Code (inc. data)   RO Data    RW Data    ZI Data      Debug   Library Name

      8922        436        563         12        348       6332   c_w.l
         8          0          0          0          0        136   fz_ws.l
        40          0          0          0          0         68   m_ws.l

    ----------------------------------------------------------------------
      8990        436        564         12        352       6536   Library Totals

    ----------------------------------------------------------------------

==============================================================================


      Code (inc. data)   RO Data    RW Data    ZI Data      Debug   

      9176        464        916         12       1888       7793   Grand Totals
      9176        464        916         12       1888       7793   ELF Image Totals
      9176        464        916         12          0          0   ROM Totals

==============================================================================

    Total RO  Size (Code + RO Data)                10092 (   9.86kB)
    Total RW  Size (RW Data + ZI Data)              1900 (   1.86kB)
    Total ROM Size (Code + RO Data + RW Data)      10104 (   9.87kB)

==============================================================================

