Component: Arm Compiler for Embedded 6.21 Tool: armlink [5ec1fa00]

==============================================================================

Section Cross References

    startup_stm32f10x_hd.o(STACK) refers (Special) to heapauxi.o(.text) for __use_two_region_memory
    startup_stm32f10x_hd.o(HEAP) refers (Special) to heapauxi.o(.text) for __use_two_region_memory
    startup_stm32f10x_hd.o(RESET) refers (Special) to heapauxi.o(.text) for __use_two_region_memory
    startup_stm32f10x_hd.o(RESET) refers to startup_stm32f10x_hd.o(STACK) for __initial_sp
    startup_stm32f10x_hd.o(RESET) refers to startup_stm32f10x_hd.o(.text) for Reset_Handler
    startup_stm32f10x_hd.o(RESET) refers to ctxswitch.o(.text) for PendSV_Handler
    startup_stm32f10x_hd.o(RESET) refers to systick.o(.text.nSysTick_Handler) for nSysTick_Handler
    startup_stm32f10x_hd.o(.text) refers (Special) to heapauxi.o(.text) for __use_two_region_memory
    startup_stm32f10x_hd.o(.text) refers to system_stm32f10x.o(.text.SystemInit) for SystemInit
    startup_stm32f10x_hd.o(.text) refers to __main.o(!!!main) for __main
    startup_stm32f10x_hd.o(.text) refers to startup_stm32f10x_hd.o(HEAP) for Heap_Mem
    startup_stm32f10x_hd.o(.text) refers to startup_stm32f10x_hd.o(STACK) for Stack_Mem
    main.o(.text.fputc) refers to main.o(.text.ITM_SendChar) for ITM_SendChar
    main.o(.ARM.exidx.text.fputc) refers to main.o(.text.fputc) for [Anonymous Symbol]
    main.o(.ARM.exidx.text.ITM_SendChar) refers to main.o(.text.ITM_SendChar) for [Anonymous Symbol]
    main.o(.text.intrrupt_init) refers to systick.o(.text.init_pendsv_priority) for init_pendsv_priority
    main.o(.text.intrrupt_init) refers to systick.o(.text.init_ticktimer_priority) for init_ticktimer_priority
    main.o(.ARM.exidx.text.intrrupt_init) refers to main.o(.text.intrrupt_init) for [Anonymous Symbol]
    main.o(.text.thread_test) refers to main.o(.rodata.str1.1) for .L.str
    main.o(.text.thread_test) refers to printf.o(.text) for printf
    main.o(.ARM.exidx.text.thread_test) refers to main.o(.text.thread_test) for [Anonymous Symbol]
    main.o(.text.task_init) refers to main.o(.text.thread_test) for thread_test
    main.o(.text.task_init) refers to task.o(.text.create_task) for create_task
    main.o(.ARM.exidx.text.task_init) refers to main.o(.text.task_init) for [Anonymous Symbol]
    main.o(.text.main) refers to main.o(.rodata.str1.1) for .L.str.2
    main.o(.text.main) refers to printf.o(.text) for printf
    main.o(.text.main) refers to main.o(.text.intrrupt_init) for intrrupt_init
    main.o(.text.main) refers to main.o(.text.task_init) for task_init
    main.o(.text.main) refers to systick.o(.text.vPortSetupTimerInterrupt) for vPortSetupTimerInterrupt
    main.o(.text.main) refers to task.o(.text.start_task1) for start_task1
    main.o(.ARM.exidx.text.main) refers to main.o(.text.main) for [Anonymous Symbol]
    system_stm32f10x.o(.ARM.exidx.text.SystemInit) refers to system_stm32f10x.o(.text.SystemInit) for [Anonymous Symbol]
    system_stm32f10x.o(.text.SystemCoreClockUpdate) refers to system_stm32f10x.o(.data.SystemCoreClock) for SystemCoreClock
    system_stm32f10x.o(.text.SystemCoreClockUpdate) refers to system_stm32f10x.o(.rodata.AHBPrescTable) for AHBPrescTable
    system_stm32f10x.o(.ARM.exidx.text.SystemCoreClockUpdate) refers to system_stm32f10x.o(.text.SystemCoreClockUpdate) for [Anonymous Symbol]
    task.o(.text.getCanditask) refers to task.o(.data.getCanditask.i) for getCanditask.i
    task.o(.text.getCanditask) refers to task.o(.bss.tasklist) for tasklist
    task.o(.text.getCanditask) refers to task.o(.bss.pcanditasktcb) for pcanditasktcb
    task.o(.ARM.exidx.text.getCanditask) refers to task.o(.text.getCanditask) for [Anonymous Symbol]
    task.o(.text.getfreetcb) refers to task.o(.bss.TCB) for TCB
    task.o(.ARM.exidx.text.getfreetcb) refers to task.o(.text.getfreetcb) for [Anonymous Symbol]
    task.o(.text.regitserTask) refers to task.o(.bss.tasklist) for tasklist
    task.o(.ARM.exidx.text.regitserTask) refers to task.o(.text.regitserTask) for [Anonymous Symbol]
    task.o(.text.create_task) refers to task.o(.text.getfreetcb) for getfreetcb
    task.o(.text.create_task) refers to task.o(.rodata.str1.1) for .L.str
    task.o(.text.create_task) refers to printf.o(.text) for printf
    task.o(.text.create_task) refers to task.o(.text.regitserTask) for regitserTask
    task.o(.ARM.exidx.text.create_task) refers to task.o(.text.create_task) for [Anonymous Symbol]
    task.o(.ARM.exidx.text.switch_to_psp) refers to task.o(.text.switch_to_psp) for [Anonymous Symbol]
    task.o(.text.start_task1) refers to task.o(.bss.pcurtasktcb) for pcurtasktcb
    task.o(.text.start_task1) refers to task.o(.bss.NullTask) for NullTask
    task.o(.text.start_task1) refers to task.o(.bss.pcanditasktcb) for pcanditasktcb
    task.o(.ARM.exidx.text.start_task1) refers to task.o(.text.start_task1) for [Anonymous Symbol]
[...]
    .ARM.Collect$$_printf_percent$$00000005  0x080001e8   Section        6  _printf_g.o(.ARM.Collect$$_printf_percent$$00000005)
    .ARM.Collect$$_printf_percent$$00000006  0x080001ee   Section        6  _printf_a.o(.ARM.Collect$$_printf_percent$$00000006)
    .ARM.Collect$$_printf_percent$$00000007  0x080001f4   Section       10  _printf_ll.o(.ARM.Collect$$_printf_percent$$00000007)
    .ARM.Collect$$_printf_percent$$00000008  0x080001fe   Section        6  _printf_i.o(.ARM.Collect$$_printf_percent$$00000008)
    .ARM.Collect$$_printf_percent$$00000009  0x08000204   Section        6  _printf_d.o(.ARM.Collect$$_printf_percent$$00000009)
    .ARM.Collect$$_printf_percent$$0000000A  0x0800020a   Section        6  _printf_u.o(.ARM.Collect$$_printf_percent$$0000000A)
    .ARM.Collect$$_printf_percent$$0000000B  0x08000210   Section        6  _printf_o.o(.ARM.Collect$$_printf_percent$$0000000B)
    .ARM.Collect$$_printf_percent$$0000000C  0x08000216   Section        6  _printf_x.o(.ARM.Collect$$_printf_percent$$0000000C)
    .ARM.Collect$$_printf_percent$$0000000D  0x0800021c   Section        6  _printf_lli.o(.ARM.Collect$$_printf_percent$$0000000D)
    .ARM.Collect$$_printf_percent$$0000000E  0x08000222   Section        6  _printf_lld.o(.ARM.Collect$$_printf_percent$$0000000E)
    .ARM.Collect$$_printf_percent$$0000000F  0x08000228   Section        6  _printf_llu.o(.ARM.Collect$$_printf_percent$$0000000F)
    .ARM.Collect$$_printf_percent$$00000010  0x0800022e   Section        6  _printf_llo.o(.ARM.Collect$$_printf_percent$$00000010)
    .ARM.Collect$$_printf_percent$$00000011  0x08000234   Section        6  _printf_llx.o(.ARM.Collect$$_printf_percent$$00000011)
    .ARM.Collect$$_printf_percent$$00000012  0x0800023a   Section       10  _printf_l.o(.ARM.Collect$$_printf_percent$$00000012)
    .ARM.Collect$$_printf_percent$$00000013  0x08000244   Section        6  _printf_c.o(.ARM.Collect$$_printf_percent$$00000013)
    .ARM.Collect$$_printf_percent$$00000014  0x0800024a   Section        6  _printf_s.o(.ARM.Collect$$_printf_percent$$00000014)
    .ARM.Collect$$_printf_percent$$00000015  0x08000250   Section        6  _printf_lc.o(.ARM.Collect$$_printf_percent$$00000015)
    .ARM.Collect$$_printf_percent$$00000016  0x08000256   Section        6  _printf_ls.o(.ARM.Collect$$_printf_percent$$00000016)
    .ARM.Collect$$_printf_percent$$00000017  0x0800025c   Section        4  _printf_percent_end.o(.ARM.Collect$$_printf_percent$$00000017)
    .ARM.Collect$$libinit$$00000000          0x08000260   Section        2  libinit.o(.ARM.Collect$$libinit$$00000000)
    .ARM.Collect$$libinit$$00000002          0x08000262   Section        0  libinit2.o(.ARM.Collect$$libinit$$00000002)
    .ARM.Collect$$libinit$$00000004          0x08000262   Section        0  libinit2.o(.ARM.Collect$$libinit$$00000004)
    .ARM.Collect$$libinit$$00000006          0x08000262   Section        0  libinit2.o(.ARM.Collect$$libinit$$00000006)
    .ARM.Collect$$libinit$$00000007          0x08000262   Section        8  libinit2.o(.ARM.Collect$$libinit$$00000007)
    .ARM.Collect$$libinit$$0000000C          0x0800026a   Section        0  libinit2.o(.ARM.Collect$$libinit$$0000000C)
    .ARM.Collect$$libinit$$0000000E          0x0800026a   Section        0  libinit2.o(.ARM.Collect$$libinit$$0000000E)
    .ARM.Collect$$libinit$$00000010          0x0800026a   Section        0  libinit2.o(.ARM.Collect$$libinit$$00000010)
    .ARM.Collect$$libinit$$00000011          0x0800026a   Section        6  libinit2.o(.ARM.Collect$$libinit$$00000011)
    .ARM.Collect$$libinit$$00000013          0x08000270   Section        0  libinit2.o(.ARM.Collect$$libinit$$00000013)
    .ARM.Collect$$libinit$$00000014          0x08000270   Section       12  libinit2.o(.ARM.Collect$$libinit$$00000014)
    .ARM.Collect$$libinit$$00000015          0x0800027c   Section        0  libinit2.o(.ARM.Collect$$libinit$$00000015)
    .ARM.Collect$$libinit$$00000017          0x0800027c   Section        0  libinit2.o(.ARM.Collect$$libinit$$00000017)
    .ARM.Collect$$libinit$$00000018          0x0800027c   Section       10  libinit2.o(.ARM.Collect$$libinit$$00000018)
    .ARM.Collect$$libinit$$00000019          0x08000286   Section        0  libinit2.o(.ARM.Collect$$libinit$$00000019)
    .ARM.Collect$$libinit$$0000001B          0x08000286   Section        0  libinit2.o(.ARM.Collect$$libinit$$0000001B)
    .ARM.Collect$$libinit$$0000001D          0x08000286   Section        0  libinit2.o(.ARM.Collect$$libinit$$0000001D)
    .ARM.Collect$$libinit$$0000001F          0x08000286   Section        0  libinit2.o(.ARM.Collect$$libinit$$0000001F)
    .ARM.Collect$$libinit$$00000021          0x08000286   Section        0  libinit2.o(.ARM.Collect$$libinit$$00000021)
    .ARM.Collect$$libinit$$00000023          0x08000286   Section        0  libinit2.o(.ARM.Collect$$libinit$$00000023)
    .ARM.Collect$$libinit$$00000025          0x08000286   Section        0  libinit2.o(.ARM.Collect$$libinit$$00000025)
    .ARM.Collect$$libinit$$00000026          0x08000286   Section        4  libinit2.o(.ARM.Collect$$libinit$$00000026)
    .ARM.Collect$$libinit$$00000027          0x0800028a   Section        0  libinit2.o(.ARM.Collect$$libinit$$00000027)
    .ARM.Collect$$libinit$$0000002E          0x0800028a   Section        0  libinit2.o(.ARM.Collect$$libinit$$0000002E)
    .ARM.Collect$$libinit$$00000030          0x0800028a   Section        0  libinit2.o(.ARM.Collect$$libinit$$00000030)
    .ARM.Collect$$libinit$$00000032          0x0800028a   Section        0  libinit2.o(.ARM.Collect$$libinit$$00000032)
    .ARM.Collect$$libinit$$00000034          0x0800028a   Section        0  libinit2.o(.ARM.Collect$$libinit$$00000034)
    .ARM.Collect$$libinit$$00000035          0x0800028a   Section        2  libinit2.o(.ARM.Collect$$libinit$$00000035)
    .ARM.Collect$$libshutdown$$00000000      0x0800028c   Section        2  libshutdown.o(.ARM.Collect$$libshutdown$$00000000)
    .ARM.Collect$$libshutdown$$00000002      0x0800028e   Section        0  libshutdown2.o(.ARM.Collect$$libshutdown$$00000002)
    .ARM.Collect$$libshutdown$$00000003      0x0800028e   Section        4  libshutdown2.o(.ARM.Collect$$libshutdown$$00000003)
    .ARM.Collect$$libshutdown$$00000004      0x08000292   Section        0  libshutdown2.o(.ARM.Collect$$libshutdown$$00000004)
    .ARM.Collect$$libshutdown$$00000007      0x08000292   Section        0  libshutdown2.o(.ARM.Collect$$libshutdown$$00000007)
    .ARM.Collect$$libshutdown$$0000000A      0x08000292   Section        0  libshutdown2.o(.ARM.Collect$$libshutdown$$0000000A)
    .ARM.Collect$$libshutdown$$0000000C      0x08000292   Section        0  libshutdown2.o(.ARM.Collect$$libshutdown$$0000000C)
    .ARM.Collect$$libshutdown$$0000000F      0x08000292   Section        0  libshutdown2.o(.ARM.Collect$$libshutdown$$0000000F)
    .ARM.Collect$$libshutdown$$00000010      0x08000292   Section        2  libshutdown2.o(.ARM.Collect$$libshutdown$$00000010)
    .ARM.Collect$$rtentry$$00000000          0x08000294   Section        0  __rtentry.o(.ARM.Collect$$rtentry$$00000000)
    .ARM.Collect$$rtentry$$00000002          0x08000294   Section        0  __rtentry2.o(.ARM.Collect$$rtentry$$00000002)
    .ARM.Collect$$rtentry$$00000004          0x08000294   Section        6  __rtentry4.o(.ARM.Collect$$rtentry$$00000004)
    .ARM.Collect$$rtentry$$00000009          0x0800029a   Section        0  __rtentry2.o(.ARM.Collect$$rtentry$$00000009)
    .ARM.Collect$$rtentry$$0000000A          0x0800029a   Section        4  __rtentry2.o(.ARM.Collect$$rtentry$$0000000A)
    .ARM.Collect$$rtentry$$0000000C          0x0800029e   Section        0  __rtentry2.o(.ARM.Collect$$rtentry$$0000000C)
    .ARM.Collect$$rtentry$$0000000D          0x0800029e   Section        8  __rtentry2.o(.ARM.Collect$$rtentry$$0000000D)
    .ARM.Collect$$rtexit$$00000000           0x080002a6   Section        2  rtexit.o(.ARM.Collect$$rtexit$$00000000)
    .ARM.Collect$$rtexit$$00000002           0x080002a8   Section        0  rtexit2.o(.ARM.Collect$$rtexit$$00000002)
    .ARM.Collect$$rtexit$$00000003           0x080002a8   Section        4  rtexit2.o(.ARM.Collect$$rtexit$$00000003)
    .ARM.Collect$$rtexit$$00000004           0x080002ac   Section        6  rtexit2.o(.ARM.Collect$$rtexit$$00000004)
    .text                                    0x080002b4   Section       64  startup_stm32f10x_hd.o(.text)
    .text                                    0x080002f4   Section       40  ctxswitch.o(.text)
    .text                                    0x0800031c   Section        0  printf.o(.text)
    .text                                    0x08000334   Section        0  heapauxi.o(.text)
    .text                                    0x0800033a   Section        0  _printf_pad.o(.text)
    .text                                    0x08000388   Section        0  _printf_truncate.o(.text)
    .text                                    0x080003ac   Section        0  _printf_str.o(.text)
    .text                                    0x08000400   Section        0  _printf_dec.o(.text)
    .text                                    0x08000478   Section        0  _printf_charcount.o(.text)
    .text                                    0x080004a0   Section        0  _printf_char_file.o(.text)
    .text                                    0x080004c4   Section        0  _printf_wctomb.o(.text)
    .text                                    0x08000580   Section        0  _printf_longlong_dec.o(.text)
    _printf_longlong_oct_internal            0x080005fd   Thumb Code     0  _printf_oct_int_ll.o(.text)
    .text                                    0x080005fc   Section        0  _printf_oct_int_ll.o(.text)
    _printf_hex_common                       0x0800066d   Thumb Code     0  _printf_hex_int_ll_ptr.o(.text)
    .text                                    0x0800066c   Section        0  _printf_hex_int_ll_ptr.o(.text)
    .text                                    0x08000700   Section        0  __printf_flags_ss_wp.o(.text)
    .text                                    0x08000888   Section      138  lludiv10.o(.text)
    .text                                    0x08000912   Section        0  _printf_intcommon.o(.text)
    _fp_digits                               0x080009c5   Thumb Code   432  _printf_fp_dec.o(.text)
    .text                                    0x080009c4   Section        0  _printf_fp_dec.o(.text)
    .text                                    0x08000de0   Section        0  _printf_fp_hex.o(.text)
    _printf_input_char                       0x080010dd   Thumb Code    10  _printf_char_common.o(.text)
    .text                                    0x080010dc   Section        0  _printf_char_common.o(.text)
    .text                                    0x0800110c   Section        0  _printf_char.o(.text)
    .text                                    0x08001138   Section        0  _printf_wchar.o(.text)
    .text                                    0x08001164   Section        0  ferror.o(.text)
    .text                                    0x0800116c   Section        0  initio.o(.text)
    .text                                    0x080012a4   Section        0  _c16rtomb.o(.text)
    .text                                    0x080012ec   Section       74  sys_stackheap_outer.o(.text)
    .text                                    0x08001338   Section       16  rt_ctype_table.o(.text)
    .text                                    0x08001348   Section        8  rt_locale_intlibspace.o(.text)
    .text                                    0x08001350   Section        0  h1_free.o(.text)
    .text                                    0x080013a0   Section        0  _printf_fp_infnan.o(.text)
    .text                                    0x08001420   Section        0  bigflt0.o(.text)
    .text                                    0x08001504   Section        0  setvbuf.o(.text)
    _freopen_locked                          0x0800154d   Thumb Code     0  fopen.o(.text)
    .text                                    0x0800154c   Section        0  fopen.o(.text)
    .text                                    0x0800163c   Section        0  fclose.o(.text)
    .text                                    0x08001688   Section        0  exit.o(.text)
    .text                                    0x0800169a   Section        0  defsig_rtred_outer.o(.text)
    .text                                    0x080016a8   Section       78  rt_memclr_w.o(.text)
    .text                                    0x080016f6   Section        0  sys_io.o(.text)
    .text                                    0x0800175c   Section        8  libspace.o(.text)
    .text                                    0x08001764   Section        8  rt_heap_descriptor_intlibspace.o(.text)
    .text                                    0x0800176c   Section        0  hguard.o(.text)
    .text                                    0x08001770   Section        0  init_alloc.o(.text)
    .text                                    0x080017fa   Section        0  h1_alloc.o(.text)
    .text                                    0x08001858   Section        0  fseek.o(.text)
    .text                                    0x08001950   Section        0  stdio.o(.text)
    .text                                    0x08001a58   Section        0  defsig_exit.o(.text)
    .text                                    0x08001a64   Section        0  defsig_rtred_inner.o(.text)
    .text                                    0x08001a98   Section      128  strcmpv7m.o(.text)
    .text                                    0x08001b18   Section        0  sys_exit.o(.text)
    .text                                    0x08001b24   Section        2  use_no_semi.o(.text)
    .text                                    0x08001b26   Section        0  indicate_semi.o(.text)
    .text                                    0x08001b26   Section        0  maybetermalloc1.o(.text)
    .text                                    0x08001b26   Section        0  h1_init.o(.text)
    .text                                    0x08001b32   Section        0  h1_extend.o(.text)
    .text                                    0x08001b66   Section        0  ftell.o(.text)
    .text                                    0x08001ba8   Section        0  defsig_general.o(.text)
    .text                                    0x08001bda   Section        0  defsig_rtmem_outer.o(.text)
    .text                                    0x08001be8   Section        0  strlen.o(.text)
    .text                                    0x08001c26   Section        0  sys_wrch.o(.text)
    .text                                    0x08001c34   Section        8  rt_errno_addr_intlibspace.o(.text)
    .text                                    0x08001c3c   Section        0  defsig_rtmem_inner.o(.text)
    ITM_SendChar                             0x08001c8d   Thumb Code    68  main.o(.text.ITM_SendChar)
    [Anonymous Symbol]                       0x08001c8c   Section        0  main.o(.text.ITM_SendChar)
    [Anonymous Symbol]                       0x08001cd0   Section        0  system_stm32f10x.o(.text.SystemInit)
    [Anonymous Symbol]                       0x08001ce0   Section        0  task.o(.text.create_task)
    [Anonymous Symbol]                       0x08001ddc   Section        0  main.o(.text.fputc)
    [Anonymous Symbol]                       0x08001df0   Section        0  task.o(.text.getCanditask)
    [Anonymous Symbol]                       0x08001e58   Section        0  task.o(.text.getfreetcb)
    [Anonymous Symbol]                       0x08001ea4   Section        0  systick.o(.text.init_pendsv_priority)
    [Anonymous Symbol]                       0x08001eb8   Section        0  systick.o(.text.init_ticktimer_priority)
    [Anonymous Symbol]                       0x08001ecc   Section        0  main.o(.text.intrrupt_init)
    [Anonymous Symbol]                       0x08001edc   Section        0  main.o(.text.main)
    [Anonymous Symbol]                       0x08001f18   Section        0  systick.o(.text.nSysTick_Handler)
    [Anonymous Symbol]                       0x08001f34   Section        0  task.o(.text.regitserTask)
    [Anonymous Symbol]                       0x08001f88   Section        0  task.o(.text.start_task1)
    [Anonymous Symbol]                       0x08001fb4   Section        0  main.o(.text.task_init)
    [Anonymous Symbol]                       0x08001fe8   Section        0  main.o(.text.thread_test)
    [Anonymous Symbol]                       0x08002014   Section        0  systick.o(.text.trigger_pendsv)
    [Anonymous Symbol]                       0x08002024   Section        0  systick.o(.text.vPortSetupTimerInterrupt)
    CL$$btod_d2e                             0x08002064   Section       62  btod.o(CL$$btod_d2e)
    CL$$btod_d2e_denorm_low                  0x080020a2   Section       70  btod.o(CL$$btod_d2e_denorm_low)
    CL$$btod_d2e_norm_op1                    0x080020e8   Section       96  btod.o(CL$$btod_d2e_norm_op1)
    CL$$btod_div_common                      0x08002148   Section      824  btod.o(CL$$btod_div_common)
    CL$$btod_e2e                             0x08002480   Section      220  btod.o(CL$$btod_e2e)
    CL$$btod_ediv                            0x0800255c   Section       42  btod.o(CL$$btod_ediv)
    CL$$btod_emul                            0x08002586   Section       42  btod.o(CL$$btod_emul)
    CL$$btod_mult_common                     0x080025b0   Section      580  btod.o(CL$$btod_mult_common)
    i.__ARM_fpclassify                       0x080027f4   Section        0  fpclassify.o(i.__ARM_fpclassify)
    i._is_digit                              0x0800281c   Section        0  __printf_wp.o(i._is_digit)
    locale$$code                             0x0800282c   Section       44  lc_numeric_c.o(locale$$code)
    locale$$code                             0x08002858   Section       44  lc_ctype_c.o(locale$$code)
    x$fpl$printf1                            0x08002884   Section        4  printf1.o(x$fpl$printf1)
    x$fpl$printf2                            0x08002888   Section        4  printf2.o(x$fpl$printf2)
    initial_mbstate                          0x0800288c   Data           8  _printf_wctomb.o(.constdata)
    .constdata                               0x0800288c   Section        8  _printf_wctomb.o(.constdata)
    x$fpl$usenofp                            0x0800288c   Section        0  usenofp.o(x$fpl$usenofp)
    uc_hextab                                0x08002894   Data          20  _printf_hex_int_ll_ptr.o(.constdata)
    .constdata                               0x08002894   Section       40  _printf_hex_int_ll_ptr.o(.constdata)
    lc_hextab                                0x080028a8   Data          20  _printf_hex_int_ll_ptr.o(.constdata)
    maptable                                 0x080028bc   Data          17  __printf_flags_ss_wp.o(.constdata)
    .constdata                               0x080028bc   Section       17  __printf_flags_ss_wp.o(.constdata)
    lc_hextab                                0x080028cd   Data          19  _printf_fp_hex.o(.constdata)
    .constdata                               0x080028cd   Section       38  _printf_fp_hex.o(.constdata)
    uc_hextab                                0x080028e0   Data          19  _printf_fp_hex.o(.constdata)
    .constdata                               0x080028f3   Section        4  sys_io_names.o(.constdata)
    .constdata                               0x080028f7   Section        4  sys_io_names.o(.constdata)
    .constdata                               0x080028fb   Section        4  sys_io_names.o(.constdata)
    tenpwrs_x                                0x08002900   Data          60  bigflt0.o(.constdata)
    .constdata                               0x08002900   Section      148  bigflt0.o(.constdata)
    tenpwrs_i                                0x0800293c   Data          64  bigflt0.o(.constdata)
    .L.str.2                                 0x08002994   Data          15  main.o(.rodata.str1.1)
    [Anonymous Symbol]                       0x08002994   Section        0  main.o(.rodata.str1.1)
    .L.str                                   0x080029a3   Data          17  main.o(.rodata.str1.1)
    .L.str.1                                 0x080029b4   Data           3  main.o(.rodata.str1.1)
    .L.str                                   0x080029b7   Data          25  task.o(.rodata.str1.1)
    [Anonymous Symbol]                       0x080029b7   Section        0  task.o(.rodata.str1.1)
    locale$$data                             0x080029f0   Section       28  lc_numeric_c.o(locale$$data)
    __lcnum_c_name                           0x080029f4   Data           2  lc_numeric_c.o(locale$$data)
    __lcnum_c_start                          0x080029fc   Data           0  lc_numeric_c.o(locale$$data)
    __lcnum_c_point                          0x08002a08   Data           0  lc_numeric_c.o(locale$$data)
    __lcnum_c_thousands                      0x08002a0a   Data           0  lc_numeric_c.o(locale$$data)
    __lcnum_c_grouping                       0x08002a0b   Data           0  lc_numeric_c.o(locale$$data)
    __lcnum_c_end                            0x08002a0c   Data           0  lc_numeric_c.o(locale$$data)
    locale$$data                             0x08002a0c   Section      272  lc_ctype_c.o(locale$$data)
    __lcctype_c_name                         0x08002a10   Data           2  lc_ctype_c.o(locale$$data)
    __lcctype_c_start                        0x08002a18   Data           0  lc_ctype_c.o(locale$$data)
    __lcctype_c_end                          0x08002b1c   Data           0  lc_ctype_c.o(locale$$data)
    .data                                    0x20000000   Section        4  stdio_streams.o(.data)
    .data                                    0x20000004   Section        4  stdio_streams.o(.data)
    .data                                    0x20000008   Section        4  stdio_streams.o(.data)
    getCanditask.i                           0x2000000c   Data           4  task.o(.data.getCanditask.i)
    [Anonymous Symbol]                       0x2000000c   Section        0  task.o(.data.getCanditask.i)
    .bss                                     0x20000010   Section       84  stdio_streams.o(.bss)
    .bss                                     0x20000064   Section       84  stdio_streams.o(.bss)
    .bss                                     0x200000b8   Section       84  stdio_streams.o(.bss)
    .bss                                     0x2000010c   Section       96  libspace.o(.bss)
    NullTask                                 0x2000016c   Data         512  task.o(.bss.NullTask)
    [Anonymous Symbol]                       0x2000016c   Section        0  task.o(.bss.NullTask)
    TCB                                      0x2000036c   Data        2560  task.o(.bss.TCB)
    [Anonymous Symbol]                       0x2000036c   Section        0  task.o(.bss.TCB)
    g_lsystimetick                           0x20000d6c   Data           4  systick.o(.bss.g_lsystimetick)
    [Anonymous Symbol]                       0x20000d6c   Section        0  systick.o(.bss.g_lsystimetick)
    tasklist                                 0x20000d78   Data          20  task.o(.bss.tasklist)
    [Anonymous Symbol]                       0x20000d78   Section        0  task.o(.bss.tasklist)
    Heap_Mem                                 0x20000d90   Data         512  startup_stm32f10x_hd.o(HEAP)
    HEAP                                     0x20000d90   Section      512  startup_stm32f10x_hd.o(HEAP)
    Stack_Mem                                0x20000f90   Data        1024  startup_stm32f10x_hd.o(STACK)
    STACK                                    0x20000f90   Section     1024  startup_stm32f10x_hd.o(STACK)
    __initial_sp                             0x20001390   Data           0  startup_stm32f10x_hd.o(STACK)

    Global Symbols

    Symbol Name                              Value     Ov Type        Size  Object(Section)

    BuildAttributes$$THM_ISAv4$P$D$K$B$S$PE$A:L22UL41UL21$X:L11$S22US41US21$IEEE1$IW$~IW$USESV6$~STKCKD$USESV7$~SHL$OTIME$ROPI$IEEEJ$EBA8$UX$STANDARDLIB$REQ8$PRES8$EABIv2 0x00000000   Number         0  anon$$obj.o ABSOLUTE
    __fp_init_empty                          0x00000000   Number         0  fpinit_empty.o ABSOLUTE
    _printf_flags                            0x00000000   Number         0  printf_stubs.o ABSOLUTE
    _printf_return_value                     0x00000000   Number         0  printf_stubs.o ABSOLUTE
    _printf_sizespec                         0x00000000   Number         0  printf_stubs.o ABSOLUTE
    _printf_widthprec                        0x00000000   Number         0  printf_stubs.o ABSOLUTE
    __ARM_exceptions_init                     - Undefined Weak Reference
    __alloca_initialize                       - Undefined Weak Reference
    __arm_preinit_                            - Undefined Weak Reference
    __arm_relocate_pie_                       - Undefined Weak Reference
    __cpp_initialize__aeabi_                  - Undefined Weak Reference
    __cxa_finalize                            - Undefined Weak Reference
    __sigvec_lookup                           - Undefined Weak Reference
    __user_heap_extent                        - Undefined Weak Reference
    _atexit_init                              - Undefined Weak Reference
    _call_atexit_fns                          - Undefined Weak Reference
    _clock_init                               - Undefined Weak Reference
    _fp_trap_init                             - Undefined Weak Reference
    _fp_trap_shutdown                         - Undefined Weak Reference
    _get_lc_collate                           - Undefined Weak Reference
    _get_lc_monetary                          - Undefined Weak Reference
    _get_lc_time                              - Undefined Weak Reference
    _getenv_init                              - Undefined Weak Reference
    _handle_redirection                       - Undefined Weak Reference
    _mutex_acquire                            - Undefined Weak Reference
    _mutex_free                               - Undefined Weak Reference
    _mutex_release                            - Undefined Weak Reference
    _printf_mbtowc                            - Undefined Weak Reference
    _printf_wc                                - Undefined Weak Reference
    _rand_init                                - Undefined Weak Reference
    _signal_finish                            - Undefined Weak Reference
    _signal_init                              - Undefined Weak Reference
    __Vectors_Size                           0x00000130   Number         0  startup_stm32f10x_hd.o ABSOLUTE
    __Vectors                                0x08000000   Data           4  startup_stm32f10x_hd.o(RESET)
    __Vectors_End                            0x08000130   Data           0  startup_stm32f10x_hd.o(RESET)
    __main                                   0x08000131   Thumb Code     8  __main.o(!!!main)
    __scatterload                            0x08000139   Thumb Code     0  __scatter.o(!!!scatter)
    __scatterload_rt2                        0x08000139   Thumb Code    84  __scatter.o(!!!scatter)
    __scatterload_rt2_thumb_only             0x08000139   Thumb Code     0  __scatter.o(!!!scatter)
    __scatterload_loop                       0x08000143   Thumb Code     0  __scatter.o(!!!scatter)
    __scatterload_copy                       0x08000195   Thumb Code    26  __scatter_copy.o(!!handler_copy)
    __scatterload_null                       0x080001b1   Thumb Code     2  __scatter.o(!!handler_null)
    __scatterload_zeroinit                   0x080001b5   Thumb Code    28  __scatter_zi.o(!!handler_zi)
    _printf_n                                0x080001d1   Thumb Code     0  _printf_n.o(.ARM.Collect$$_printf_percent$$00000001)
    _printf_percent                          0x080001d1   Thumb Code     0  _printf_percent.o(.ARM.Collect$$_printf_percent$$00000000)
    _printf_p                                0x080001d7   Thumb Code     0  _printf_p.o(.ARM.Collect$$_printf_percent$$00000002)
    _printf_f                                0x080001dd   Thumb Code     0  _printf_f.o(.ARM.Collect$$_printf_percent$$00000003)
    _printf_e                                0x080001e3   Thumb Code     0  _printf_e.o(.ARM.Collect$$_printf_percent$$00000004)
    _printf_g                                0x080001e9   Thumb Code     0  _printf_g.o(.ARM.Collect$$_printf_percent$$00000005)
    _printf_a                                0x080001ef   Thumb Code     0  _printf_a.o(.ARM.Collect$$_printf_percent$$00000006)
    _printf_ll                               0x080001f5   Thumb Code     0  _printf_ll.o(.ARM.Collect$$_printf_percent$$00000007)
    _printf_i                                0x080001ff   Thumb Code     0  _printf_i.o(.ARM.Collect$$_printf_percent$$00000008)
    _printf_d                                0x08000205   Thumb Code     0  _printf_d.o(.ARM.Collect$$_printf_percent$$00000009)
    _printf_u                                0x0800020b   Thumb Code     0  _printf_u.o(.ARM.Collect$$_printf_percent$$0000000A)
    _printf_o                                0x08000211   Thumb Code     0  _printf_o.o(.ARM.Collect$$_printf_percent$$0000000B)
    _printf_x                                0x08000217   Thumb Code     0  _printf_x.o(.ARM.Collect$$_printf_percent$$0000000C)
    _printf_lli                              0x0800021d   Thumb Code     0  _printf_lli.o(.ARM.Collect$$_printf_percent$$0000000D)
    _printf_lld                              0x08000223   Thumb Code     0  _printf_lld.o(.ARM.Collect$$_printf_percent$$0000000E)
    _printf_llu                              0x08000229   Thumb Code     0  _printf_llu.o(.ARM.Collect$$_printf_percent$$0000000F)
    _printf_llo                              0x0800022f   Thumb Code     0  _printf_llo.o(.ARM.Collect$$_printf_percent$$00000010)
    _printf_llx                              0x08000235   Thumb Code     0  _printf_llx.o(.ARM.Collect$$_printf_percent$$00000011)
    _printf_l                                0x0800023b   Thumb Code     0  _printf_l.o(.ARM.Collect$$_printf_percent$$00000012)
    _printf_c                                0x08000245   Thumb Code     0  _printf_c.o(.ARM.Collect$$_printf_percent$$00000013)
    _printf_s                                0x0800024b   Thumb Code     0  _printf_s.o(.ARM.Collect$$_printf_percent$$00000014)
    _printf_lc                               0x08000251   Thumb Code     0  _printf_lc.o(.ARM.Collect$$_printf_percent$$00000015)
    _printf_ls                               0x08000257   Thumb Code     0  _printf_ls.o(.ARM.Collect$$_printf_percent$$00000016)
    _printf_percent_end                      0x0800025d   Thumb Code     0  _printf_percent_end.o(.ARM.Collect$$_printf_percent$$00000017)
    __rt_lib_init                            0x08000261   Thumb Code     0  libinit.o(.ARM.Collect$$libinit$$00000000)
    __rt_lib_init_fp_1                       0x08000263   Thumb Code     0  libinit2.o(.ARM.Collect$$libinit$$00000002)
    __rt_lib_init_heap_2                     0x08000263   Thumb Code     0  libinit2.o(.ARM.Collect$$libinit$$00000007)
    __rt_lib_init_preinit_1                  0x08000263   Thumb Code     0  libinit2.o(.ARM.Collect$$libinit$$00000006)
    __rt_lib_init_relocate_pie_1             0x08000263   Thumb Code     0  libinit2.o(.ARM.Collect$$libinit$$00000004)
    __rt_lib_init_heap_1                     0x0800026b   Thumb Code     0  libinit2.o(.ARM.Collect$$libinit$$0000000C)
    __rt_lib_init_lc_common                  0x0800026b   Thumb Code     0  libinit2.o(.ARM.Collect$$libinit$$00000011)
    __rt_lib_init_rand_1                     0x0800026b   Thumb Code     0  libinit2.o(.ARM.Collect$$libinit$$00000010)
    __rt_lib_init_user_alloc_1               0x0800026b   Thumb Code     0  libinit2.o(.ARM.Collect$$libinit$$0000000E)
    __rt_lib_init_lc_collate_1               0x08000271   Thumb Code     0  libinit2.o(.ARM.Collect$$libinit$$00000013)
    __rt_lib_init_lc_ctype_2                 0x08000271   Thumb Code     0  libinit2.o(.ARM.Collect$$libinit$$00000014)
    __rt_lib_init_lc_ctype_1                 0x0800027d   Thumb Code     0  libinit2.o(.ARM.Collect$$libinit$$00000015)
    __rt_lib_init_lc_monetary_1              0x0800027d   Thumb Code     0  libinit2.o(.ARM.Collect$$libinit$$00000017)
    __rt_lib_init_lc_numeric_2               0x0800027d   Thumb Code     0  libinit2.o(.ARM.Collect$$libinit$$00000018)
    __rt_lib_init_atexit_1                   0x08000287   Thumb Code     0  libinit2.o(.ARM.Collect$$libinit$$0000001D)
    __rt_lib_init_clock_1                    0x08000287   Thumb Code     0  libinit2.o(.ARM.Collect$$libinit$$00000023)
    __rt_lib_init_fp_trap_1                  0x08000287   Thumb Code     0  libinit2.o(.ARM.Collect$$libinit$$00000021)
    __rt_lib_init_getenv_1                   0x08000287   Thumb Code     0  libinit2.o(.ARM.Collect$$libinit$$00000025)
    __rt_lib_init_lc_numeric_1               0x08000287   Thumb Code     0  libinit2.o(.ARM.Collect$$libinit$$00000019)
    __rt_lib_init_lc_time_1                  0x08000287   Thumb Code     0  libinit2.o(.ARM.Collect$$libinit$$0000001B)
    __rt_lib_init_signal_1                   0x08000287   Thumb Code     0  libinit2.o(.ARM.Collect$$libinit$$0000001F)
    __rt_lib_init_stdio_2                    0x08000287   Thumb Code     0  libinit2.o(.ARM.Collect$$libinit$$00000026)
    __rt_lib_init_alloca_1                   0x0800028b   Thumb Code     0  libinit2.o(.ARM.Collect$$libinit$$00000030)
    __rt_lib_init_argv_1                     0x0800028b   Thumb Code     0  libinit2.o(.ARM.Collect$$libinit$$0000002E)
    __rt_lib_init_cpp_1                      0x0800028b   Thumb Code     0  libinit2.o(.ARM.Collect$$libinit$$00000034)
    __rt_lib_init_exceptions_1               0x0800028b   Thumb Code     0  libinit2.o(.ARM.Collect$$libinit$$00000032)
    __rt_lib_init_return                     0x0800028b   Thumb Code     0  libinit2.o(.ARM.Collect$$libinit$$00000035)
    __rt_lib_init_stdio_1                    0x0800028b   Thumb Code     0  libinit2.o(.ARM.Collect$$libinit$$00000027)
    __rt_lib_shutdown                        0x0800028d   Thumb Code     0  libshutdown.o(.ARM.Collect$$libshutdown$$00000000)
    __rt_lib_shutdown_cpp_1                  0x0800028f   Thumb Code     0  libshutdown2.o(.ARM.Collect$$libshutdown$$00000002)
    __rt_lib_shutdown_stdio_2                0x0800028f   Thumb Code     0  libshutdown2.o(.ARM.Collect$$libshutdown$$00000003)
    __rt_lib_shutdown_fp_trap_1              0x08000293   Thumb Code     0  libshutdown2.o(.ARM.Collect$$libshutdown$$00000007)
    __rt_lib_shutdown_heap_1                 0x08000293   Thumb Code     0  libshutdown2.o(.ARM.Collect$$libshutdown$$0000000F)
    __rt_lib_shutdown_return                 0x08000293   Thumb Code     0  libshutdown2.o(.ARM.Collect$$libshutdown$$00000010)
    __rt_lib_shutdown_signal_1               0x08000293   Thumb Code     0  libshutdown2.o(.ARM.Collect$$libshutdown$$0000000A)
    __rt_lib_shutdown_stdio_1                0x08000293   Thumb Code     0  libshutdown2.o(.ARM.Collect$$libshutdown$$00000004)
    __rt_lib_shutdown_user_alloc_1           0x08000293   Thumb Code     0  libshutdown2.o(.ARM.Collect$$libshutdown$$0000000C)
    __rt_entry                               0x08000295   Thumb Code     0  __rtentry.o(.ARM.Collect$$rtentry$$00000000)
    __rt_entry_presh_1                       0x08000295   Thumb Code     0  __rtentry2.o(.ARM.Collect$$rtentry$$00000002)
    __rt_entry_sh                            0x08000295   Thumb Code     0  __rtentry4.o(.ARM.Collect$$rtentry$$00000004)
    __rt_entry_li                            0x0800029b   Thumb Code     0  __rtentry2.o(.ARM.Collect$$rtentry$$0000000A)
    __rt_entry_postsh_1                      0x0800029b   Thumb Code     0  __rtentry2.o(.ARM.Collect$$rtentry$$00000009)
    __rt_entry_main                          0x0800029f   Thumb Code     0  __rtentry2.o(.ARM.Collect$$rtentry$$0000000D)
    __rt_entry_postli_1                      0x0800029f   Thumb Code     0  __rtentry2.o(.ARM.Collect$$rtentry$$0000000C)
    __rt_exit                                0x080002a7   Thumb Code     0  rtexit.o(.ARM.Collect$$rtexit$$00000000)
    __rt_exit_ls                             0x080002a9   Thumb Code     0  rtexit2.o(.ARM.Collect$$rtexit$$00000003)
    __rt_exit_prels_1                        0x080002a9   Thumb Code     0  rtexit2.o(.ARM.Collect$$rtexit$$00000002)
    __rt_exit_exit                           0x080002ad   Thumb Code     0  rtexit2.o(.ARM.Collect$$rtexit$$00000004)
    Reset_Handler                            0x080002b5   Thumb Code     8  startup_stm32f10x_hd.o(.text)
    NMI_Handler                              0x080002bd   Thumb Code     2  startup_stm32f10x_hd.o(.text)
    HardFault_Handler                        0x080002bf   Thumb Code     2  startup_stm32f10x_hd.o(.text)
    MemManage_Handler                        0x080002c1   Thumb Code     2  startup_stm32f10x_hd.o(.text)
    BusFault_Handler                         0x080002c3   Thumb Code     2  startup_stm32f10x_hd.o(.text)
    UsageFault_Handler                       0x080002c5   Thumb Code     2  startup_stm32f10x_hd.o(.text)
    SVC_Handler                              0x080002c7   Thumb Code     2  startup_stm32f10x_hd.o(.text)
    DebugMon_Handler                         0x080002c9   Thumb Code     2  startup_stm32f10x_hd.o(.text)
    ADC1_2_IRQHandler                        0x080002cf   Thumb Code     0  startup_stm32f10x_hd.o(.text)
    ADC3_IRQHandler                          0x080002cf   Thumb Code     0  startup_stm32f10x_hd.o(.text)
    CAN1_RX1_IRQHandler                      0x080002cf   Thumb Code     0  startup_stm32f10x_hd.o(.text)
    CAN1_SCE_IRQHandler                      0x080002cf   Thumb Code     0  startup_stm32f10x_hd.o(.text)
    DMA1_Channel1_IRQHandler                 0x080002cf   Thumb Code     0  startup_stm32f10x_hd.o(.text)
    DMA1_Channel2_IRQHandler                 0x080002cf   Thumb Code     0  startup_stm32f10x_hd.o(.text)
    DMA1_Channel3_IRQHandler                 0x080002cf   Thumb Code     0  startup_stm32f10x_hd.o(.text)
    DMA1_Channel4_IRQHandler                 0x080002cf   Thumb Code     0  startup_stm32f10x_hd.o(.text)
    DMA1_Channel5_IRQHandler                 0x080002cf   Thumb Code     0  startup_stm32f10x_hd.o(.text)
    DMA1_Channel6_IRQHandler                 0x080002cf   Thumb Code     0  startup_stm32f10x_hd.o(.text)
    DMA1_Channel7_IRQHandler                 0x080002cf   Thumb Code     0  startup_stm32f10x_hd.o(.text)
    DMA2_Channel1_IRQHandler                 0x080002cf   Thumb Code     0  startup_stm32f10x_hd.o(.text)
    DMA2_Channel2_IRQHandler                 0x080002cf   Thumb Code     0  startup_stm32f10x_hd.o(.text)
    DMA2_Channel3_IRQHandler                 0x080002cf   Thumb Code     0  startup_stm32f10x_hd.o(.text)
    DMA2_Channel4_5_IRQHandler               0x080002cf   Thumb Code     0  startup_stm32f10x_hd.o(.text)
    EXTI0_IRQHandler                         0x080002cf   Thumb Code     0  startup_stm32f10x_hd.o(.text)
    EXTI15_10_IRQHandler                     0x080002cf   Thumb Code     0  startup_stm32f10x_hd.o(.text)
    EXTI1_IRQHandler                         0x080002cf   Thumb Code     0  startup_stm32f10x_hd.o(.text)
    EXTI2_IRQHandler                         0x080002cf   Thumb Code     0  startup_stm32f10x_hd.o(.text)
    EXTI3_IRQHandler                         0x080002cf   Thumb Code     0  startup_stm32f10x_hd.o(.text)
    EXTI4_IRQHandler                         0x080002cf   Thumb Code     0  startup_stm32f10x_hd.o(.text)
    EXTI9_5_IRQHandler                       0x080002cf   Thumb Code     0  startup_stm32f10x_hd.o(.text)
    FLASH_IRQHandler                         0x080002cf   Thumb Code     0  startup_stm32f10x_hd.o(.text)
    FSMC_IRQHandler                          0x080002cf   Thumb Code     0  startup_stm32f10x_hd.o(.text)
    I2C1_ER_IRQHandler                       0x080002cf   Thumb Code     0  startup_stm32f10x_hd.o(.text)
    I2C1_EV_IRQHandler                       0x080002cf   Thumb Code     0  startup_stm32f10x_hd.o(.text)
    I2C2_ER_IRQHandler                       0x080002cf   Thumb Code     0  startup_stm32f10x_hd.o(.text)
    I2C2_EV_IRQHandler                       0x080002cf   Thumb Code     0  startup_stm32f10x_hd.o(.text)
    PVD_IRQHandler                           0x080002cf   Thumb Code     0  startup_stm32f10x_hd.o(.text)
    RCC_IRQHandler                           0x080002cf   Thumb Code     0  startup_stm32f10x_hd.o(.text)
    RTCAlarm_IRQHandler                      0x080002cf   Thumb Code     0  startup_stm32f10x_hd.o(.text)
    RTC_IRQHandler                           0x080002cf   Thumb Code     0  startup_stm32f10x_hd.o(.text)
    SDIO_IRQHandler                          0x080002cf   Thumb Code     0  startup_stm32f10x_hd.o(.text)
    SPI1_IRQHandler                          0x080002cf   Thumb Code     0  startup_stm32f10x_hd.o(.text)
    SPI2_IRQHandler                          0x080002cf   Thumb Code     0  startup_stm32f10x_hd.o(.text)
    SPI3_IRQHandler                          0x080002cf   Thumb Code     0  startup_stm32f10x_hd.o(.text)
    TAMPER_IRQHandler                        0x080002cf   Thumb Code     0  startup_stm32f10x_hd.o(.text)
    TIM1_BRK_IRQHandler                      0x080002cf   Thumb Code     0  startup_stm32f10x_hd.o(.text)
    TIM1_CC_IRQHandler                       0x080002cf   Thumb Code     0  startup_stm32f10x_hd.o(.text)
    TIM1_TRG_COM_IRQHandler                  0x080002cf   Thumb Code     0  startup_stm32f10x_hd.o(.text)
    TIM1_UP_IRQHandler                       0x080002cf   Thumb Code     0  startup_stm32f10x_hd.o(.text)
    TIM2_IRQHandler                          0x080002cf   Thumb Code     0  startup_stm32f10x_hd.o(.text)
    TIM3_IRQHandler                          0x080002cf   Thumb Code     0  startup_stm32f10x_hd.o(.text)
    TIM4_IRQHandler                          0x080002cf   Thumb Code     0  startup_stm32f10x_hd.o(.text)
    TIM5_IRQHandler                          0x080002cf   Thumb Code     0  startup_stm32f10x_hd.o(.text)
    TIM6_IRQHandler                          0x080002cf   Thumb Code     0  startup_stm32f10x_hd.o(.text)
    TIM7_IRQHandler                          0x080002cf   Thumb Code     0  startup_stm32f10x_hd.o(.text)
    TIM8_BRK_IRQHandler                      0x080002cf   Thumb Code     0  startup_stm32f10x_hd.o(.text)
    TIM8_CC_IRQHandler                       0x080002cf   Thumb Code     0  startup_stm32f10x_hd.o(.text)
    TIM8_TRG_COM_IRQHandler                  0x080002cf   Thumb Code     0  startup_stm32f10x_hd.o(.text)
    TIM8_UP_IRQHandler                       0x080002cf   Thumb Code     0  startup_stm32f10x_hd.o(.text)
    UART4_IRQHandler                         0x080002cf   Thumb Code     0  startup_stm32f10x_hd.o(.text)
    UART5_IRQHandler                         0x080002cf   Thumb Code     0  startup_stm32f10x_hd.o(.text)
    USART1_IRQHandler                        0x080002cf   Thumb Code     0  startup_stm32f10x_hd.o(.text)
    USART2_IRQHandler                        0x080002cf   Thumb Code     0  startup_stm32f10x_hd.o(.text)
    USART3_IRQHandler                        0x080002cf   Thumb Code     0  startup_stm32f10x_hd.o(.text)
    USBWakeUp_IRQHandler                     0x080002cf   Thumb Code     0  startup_stm32f10x_hd.o(.text)
    USB_HP_CAN1_TX_IRQHandler                0x080002cf   Thumb Code     0  startup_stm32f10x_hd.o(.text)
    USB_LP_CAN1_RX0_IRQHandler               0x080002cf   Thumb Code     0  startup_stm32f10x_hd.o(.text)
    WWDG_IRQHandler                          0x080002cf   Thumb Code     0  startup_stm32f10x_hd.o(.text)
    __user_initial_stackheap                 0x080002d1   Thumb Code     0  startup_stm32f10x_hd.o(.text)
    PendSV_Handler                           0x080002f5   Thumb Code     0  ctxswitch.o(.text)
    printf                                   0x0800031d   Thumb Code    20  printf.o(.text)
    __use_two_region_memory                  0x08000335   Thumb Code     2  heapauxi.o(.text)
    __rt_heap_escrow                         0x08000337   Thumb Code     2  heapauxi.o(.text)
    __rt_heap_expand                         0x08000339   Thumb Code     2  heapauxi.o(.text)
    _printf_pre_padding                      0x0800033b   Thumb Code    44  _printf_pad.o(.text)
    _printf_post_padding                     0x08000367   Thumb Code    34  _printf_pad.o(.text)
    _printf_truncate_signed                  0x08000389   Thumb Code    18  _printf_truncate.o(.text)
    _printf_truncate_unsigned                0x0800039b   Thumb Code    18  _printf_truncate.o(.text)
    _printf_str                              0x080003ad   Thumb Code    82  _printf_str.o(.text)
    _printf_int_dec                          0x08000401   Thumb Code   104  _printf_dec.o(.text)
    _printf_charcount                        0x08000479   Thumb Code    40  _printf_charcount.o(.text)
    _printf_char_file                        0x080004a1   Thumb Code    32  _printf_char_file.o(.text)
    _printf_wctomb                           0x080004c5   Thumb Code   182  _printf_wctomb.o(.text)
    _printf_longlong_dec                     0x08000581   Thumb Code   108  _printf_longlong_dec.o(.text)
    _printf_longlong_oct                     0x080005fd   Thumb Code    68  _printf_oct_int_ll.o(.text)
    _printf_int_oct                          0x08000641   Thumb Code    24  _printf_oct_int_ll.o(.text)
    _printf_ll_oct                           0x08000659   Thumb Code    12  _printf_oct_int_ll.o(.text)
    _printf_longlong_hex                     0x0800066d   Thumb Code    86  _printf_hex_int_ll_ptr.o(.text)
    _printf_int_hex                          0x080006c3   Thumb Code    28  _printf_hex_int_ll_ptr.o(.text)
    _printf_ll_hex                           0x080006df   Thumb Code    12  _printf_hex_int_ll_ptr.o(.text)
    _printf_hex_ptr                          0x080006eb   Thumb Code    18  _printf_hex_int_ll_ptr.o(.text)
    __printf                                 0x08000701   Thumb Code   388  __printf_flags_ss_wp.o(.text)
    _ll_udiv10                               0x08000889   Thumb Code   138  lludiv10.o(.text)
    _printf_int_common                       0x08000913   Thumb Code   178  _printf_intcommon.o(.text)
    _printf_fp_dec_real                      0x08000b75   Thumb Code   620  _printf_fp_dec.o(.text)
    _printf_fp_hex_real                      0x08000de1   Thumb Code   756  _printf_fp_hex.o(.text)
    _printf_char_common                      0x080010e7   Thumb Code    32  _printf_char_common.o(.text)
    _printf_cs_common                        0x0800110d   Thumb Code    20  _printf_char.o(.text)
    _printf_char                             0x08001121   Thumb Code    16  _printf_char.o(.text)
    _printf_string                           0x08001131   Thumb Code     8  _printf_char.o(.text)
    _printf_lcs_common                       0x08001139   Thumb Code    20  _printf_wchar.o(.text)
    _printf_wchar                            0x0800114d   Thumb Code    16  _printf_wchar.o(.text)
    _printf_wstring                          0x0800115d   Thumb Code     8  _printf_wchar.o(.text)
    ferror                                   0x08001165   Thumb Code     8  ferror.o(.text)
    _initio                                  0x0800116d   Thumb Code   210  initio.o(.text)
    _terminateio                             0x0800123f   Thumb Code    56  initio.o(.text)
    _c16rtomb                                0x080012a5   Thumb Code    72  _c16rtomb.o(.text)
    _wcrtomb                                 0x080012a5   Thumb Code     0  _c16rtomb.o(.text)
    __user_setup_stackheap                   0x080012ed   Thumb Code    74  sys_stackheap_outer.o(.text)
    __rt_ctype_table                         0x08001339   Thumb Code    16  rt_ctype_table.o(.text)
    __rt_locale                              0x08001349   Thumb Code     8  rt_locale_intlibspace.o(.text)
    free                                     0x08001351   Thumb Code    78  h1_free.o(.text)
    _printf_fp_infnan                        0x080013a1   Thumb Code   112  _printf_fp_infnan.o(.text)
    _btod_etento                             0x08001421   Thumb Code   224  bigflt0.o(.text)
    setvbuf                                  0x08001505   Thumb Code    70  setvbuf.o(.text)
    freopen                                  0x0800154d   Thumb Code   160  fopen.o(.text)
    fopen                                    0x080015ed   Thumb Code    74  fopen.o(.text)
    _fclose_internal                         0x0800163d   Thumb Code    76  fclose.o(.text)
    fclose                                   0x0800163d   Thumb Code     0  fclose.o(.text)
    exit                                     0x08001689   Thumb Code    18  exit.o(.text)
    __rt_SIGRTRED                            0x0800169b   Thumb Code    14  defsig_rtred_outer.o(.text)
    __aeabi_memclr4                          0x080016a9   Thumb Code     0  rt_memclr_w.o(.text)
    __aeabi_memclr8                          0x080016a9   Thumb Code     0  rt_memclr_w.o(.text)
    __rt_memclr_w                            0x080016a9   Thumb Code     0  rt_memclr_w.o(.text)
    _memset_w                                0x080016ad   Thumb Code    74  rt_memclr_w.o(.text)
    _sys_open                                0x080016f7   Thumb Code    20  sys_io.o(.text)
    _sys_close                               0x0800170b   Thumb Code    12  sys_io.o(.text)
    _sys_write                               0x08001717   Thumb Code    16  sys_io.o(.text)
    _sys_read                                0x08001727   Thumb Code    14  sys_io.o(.text)
    _sys_istty                               0x08001735   Thumb Code    12  sys_io.o(.text)
    _sys_seek                                0x08001741   Thumb Code    14  sys_io.o(.text)
    _sys_ensure                              0x0800174f   Thumb Code     2  sys_io.o(.text)
    _sys_flen                                0x08001751   Thumb Code    12  sys_io.o(.text)
    __user_libspace                          0x0800175d   Thumb Code     8  libspace.o(.text)
    __user_perproc_libspace                  0x0800175d   Thumb Code     0  libspace.o(.text)
    __user_perthread_libspace                0x0800175d   Thumb Code     0  libspace.o(.text)
    __rt_heap_descriptor                     0x08001765   Thumb Code     8  rt_heap_descriptor_intlibspace.o(.text)
    __use_no_heap                            0x0800176d   Thumb Code     2  hguard.o(.text)
    __heap$guard                             0x0800176f   Thumb Code     2  hguard.o(.text)
    _terminate_user_alloc                    0x08001771   Thumb Code     2  init_alloc.o(.text)
    _init_user_alloc                         0x08001773   Thumb Code     2  init_alloc.o(.text)
    __Heap_Full                              0x08001775   Thumb Code    34  init_alloc.o(.text)
    __Heap_Broken                            0x08001797   Thumb Code     6  init_alloc.o(.text)
    _init_alloc                              0x0800179d   Thumb Code    94  init_alloc.o(.text)
    malloc                                   0x080017fb   Thumb Code    94  h1_alloc.o(.text)
    _fseek                                   0x08001859   Thumb Code   242  fseek.o(.text)
    fseek                                    0x08001859   Thumb Code     0  fseek.o(.text)
    _seterr                                  0x08001951   Thumb Code    20  stdio.o(.text)
    _writebuf                                0x08001965   Thumb Code   108  stdio.o(.text)
    _fflush                                  0x080019d1   Thumb Code    70  stdio.o(.text)
    _deferredlazyseek                        0x08001a17   Thumb Code    60  stdio.o(.text)
    __sig_exit                               0x08001a59   Thumb Code    10  defsig_exit.o(.text)
    __rt_SIGRTRED_inner                      0x08001a65   Thumb Code    14  defsig_rtred_inner.o(.text)
    strcmp                                   0x08001a99   Thumb Code   128  strcmpv7m.o(.text)
    _sys_exit                                0x08001b19   Thumb Code     8  sys_exit.o(.text)
    __I$use$semihosting                      0x08001b25   Thumb Code     0  use_no_semi.o(.text)
    __use_no_semihosting_swi                 0x08001b25   Thumb Code     2  use_no_semi.o(.text)
    __Heap_Initialize                        0x08001b27   Thumb Code     8  h1_init.o(.text)
    __semihosting_library_function           0x08001b27   Thumb Code     0  indicate_semi.o(.text)
    _maybe_terminate_alloc                   0x08001b27   Thumb Code     0  maybetermalloc1.o(.text)
    __Heap_DescSize                          0x08001b2f   Thumb Code     4  h1_init.o(.text)
    __Heap_ProvideMemory                     0x08001b33   Thumb Code    52  h1_extend.o(.text)
    _ftell_internal                          0x08001b67   Thumb Code    66  ftell.o(.text)
    ftell                                    0x08001b67   Thumb Code     0  ftell.o(.text)
    __default_signal_display                 0x08001ba9   Thumb Code    50  defsig_general.o(.text)
    __rt_SIGRTMEM                            0x08001bdb   Thumb Code    14  defsig_rtmem_outer.o(.text)
    strlen                                   0x08001be9   Thumb Code    62  strlen.o(.text)
    _ttywrch                                 0x08001c27   Thumb Code    14  sys_wrch.o(.text)
    __aeabi_errno_addr                       0x08001c35   Thumb Code     8  rt_errno_addr_intlibspace.o(.text)
    __errno$intlibspace                      0x08001c35   Thumb Code     0  rt_errno_addr_intlibspace.o(.text)
    __rt_errno_addr$intlibspace              0x08001c35   Thumb Code     0  rt_errno_addr_intlibspace.o(.text)
    __rt_SIGRTMEM_inner                      0x08001c3d   Thumb Code    22  defsig_rtmem_inner.o(.text)
    SystemInit                               0x08001cd1   Thumb Code    16  system_stm32f10x.o(.text.SystemInit)
    create_task                              0x08001ce1   Thumb Code   250  task.o(.text.create_task)
    fputc                                    0x08001ddd   Thumb Code    20  main.o(.text.fputc)
    getCanditask                             0x08001df1   Thumb Code   102  task.o(.text.getCanditask)
    getfreetcb                               0x08001e59   Thumb Code    76  task.o(.text.getfreetcb)
    init_pendsv_priority                     0x08001ea5   Thumb Code    18  systick.o(.text.init_pendsv_priority)
    init_ticktimer_priority                  0x08001eb9   Thumb Code    18  systick.o(.text.init_ticktimer_priority)
    intrrupt_init                            0x08001ecd   Thumb Code    14  main.o(.text.intrrupt_init)
    main                                     0x08001edd   Thumb Code    60  main.o(.text.main)
    nSysTick_Handler                         0x08001f19   Thumb Code    26  systick.o(.text.nSysTick_Handler)
    regitserTask                             0x08001f35   Thumb Code    82  task.o(.text.regitserTask)
    start_task1                              0x08001f89   Thumb Code    42  task.o(.text.start_task1)
    task_init                                0x08001fb5   Thumb Code    50  main.o(.text.task_init)
    thread_test                              0x08001fe9   Thumb Code    44  main.o(.text.thread_test)
    trigger_pendsv                           0x08002015   Thumb Code    16  systick.o(.text.trigger_pendsv)
    vPortSetupTimerInterrupt                 0x08002025   Thumb Code    64  systick.o(.text.vPortSetupTimerInterrupt)
    _btod_d2e                                0x08002065   Thumb Code    62  btod.o(CL$$btod_d2e)
    _d2e_denorm_low                          0x080020a3   Thumb Code    70  btod.o(CL$$btod_d2e_denorm_low)
    _d2e_norm_op1                            0x080020e9   Thumb Code    96  btod.o(CL$$btod_d2e_norm_op1)
    __btod_div_common                        0x08002149   Thumb Code   696  btod.o(CL$$btod_div_common)
    _e2e                                     0x08002481   Thumb Code   220  btod.o(CL$$btod_e2e)
    _btod_ediv                               0x0800255d   Thumb Code    42  btod.o(CL$$btod_ediv)
    _btod_emul                               0x08002587   Thumb Code    42  btod.o(CL$$btod_emul)
    __btod_mult_common                       0x080025b1   Thumb Code   580  btod.o(CL$$btod_mult_common)
    __ARM_fpclassify                         0x080027f5   Thumb Code    40  fpclassify.o(i.__ARM_fpclassify)
    _is_digit                                0x0800281d   Thumb Code    14  __printf_wp.o(i._is_digit)
    _get_lc_numeric                          0x0800282d   Thumb Code    44  lc_numeric_c.o(locale$$code)
    _get_lc_ctype                            0x08002859   Thumb Code    44  lc_ctype_c.o(locale$$code)
    _printf_fp_dec                           0x08002885   Thumb Code     4  printf1.o(x$fpl$printf1)
    _printf_fp_hex                           0x08002889   Thumb Code     4  printf2.o(x$fpl$printf2)
    __I$use$fp                               0x0800288c   Number         0  usenofp.o(x$fpl$usenofp)
    __stdin_name                             0x080028f3   Data           4  sys_io_names.o(.constdata)
    __stdout_name                            0x080028f7   Data           4  sys_io_names.o(.constdata)
    __stderr_name                            0x080028fb   Data           4  sys_io_names.o(.constdata)
    Region$$Table$$Base                      0x080029d0   Number         0  anon$$obj.o(Region$$Table)
    Region$$Table$$Limit                     0x080029f0   Number         0  anon$$obj.o(Region$$Table)
    __ctype                                  0x08002a19   Data           0  lc_ctype_c.o(locale$$data)
    __aeabi_stdin                            0x20000000   Data           4  stdio_streams.o(.data)
    __aeabi_stdout                           0x20000004   Data           4  stdio_streams.o(.data)
    __aeabi_stderr                           0x20000008   Data           4  stdio_streams.o(.data)
    __stdin                                  0x20000010   Data          84  stdio_streams.o(.bss)
    __stdout                                 0x20000064   Data          84  stdio_streams.o(.bss)
    __stderr                                 0x200000b8   Data          84  stdio_streams.o(.bss)
    __libspace_start                         0x2000010c   Data          96  libspace.o(.bss)
    __temporary_stack_top$libspace           0x2000016c   Data           0  libspace.o(.bss)
    pcanditasktcb                            0x20000d70   Data           4  task.o(.bss.pcanditasktcb)
    pcurtasktcb                              0x20000d74   Data           4  task.o(.bss.pcurtasktcb)



==============================================================================

Memory Map of the image

  Image Entry point : 0x080002b5

  Load Region LR_1 (Base: 0x08000000, Size: 0x00002b2c, Max: 0xffffffff, ABSOLUTE)

    Execution Region ER_RO (Exec base: 0x08000000, Load base: 0x08000000, Size: 0x00002b1c, Max: 0xffffffff, ABSOLUTE)

    Exec Addr    Load Addr    Size         Type   Attr      Idx    E Section Name        Object

    0x08000000   0x08000000   0x00000130   Data   RO            4    RESET               startup_stm32f10x_hd.o
    0x08000130   0x08000130   0x00000008   Code   RO           98  * !!!main             c_w.l(__main.o)
    0x08000138   0x08000138   0x0000005c   Code   RO          592    !!!scatter          c_w.l(__scatter.o)
    0x08000194   0x08000194   0x0000001a   Code   RO          596    !!handler_copy      c_w.l(__scatter_copy.o)
    0x080001ae   0x080001ae   0x00000002   PAD
    0x080001b0   0x080001b0   0x00000002   Code   RO          593    !!handler_null      c_w.l(__scatter.o)
    0x080001b2   0x080001b2   0x00000002   PAD
    0x080001b4   0x080001b4   0x0000001c   Code   RO          598    !!handler_zi        c_w.l(__scatter_zi.o)
    0x080001d0   0x080001d0   0x00000000   Code   RO          180    .ARM.Collect$$_printf_percent$$00000000  c_w.l(_printf_percent.o)
    0x080001d0   0x080001d0   0x00000006   Code   RO          169    .ARM.Collect$$_printf_percent$$00000001  c_w.l(_printf_n.o)
    0x080001d6   0x080001d6   0x00000006   Code   RO          171    .ARM.Collect$$_printf_percent$$00000002  c_w.l(_printf_p.o)
    0x080001dc   0x080001dc   0x00000006   Code   RO          176    .ARM.Collect$$_printf_percent$$00000003  c_w.l(_printf_f.o)
    0x080001e2   0x080001e2   0x00000006   Code   RO          177    .ARM.Collect$$_printf_percent$$00000004  c_w.l(_printf_e.o)
    0x080001e8   0x080001e8   0x00000006   Code   RO          178    .ARM.Collect$$_printf_percent$$00000005  c_w.l(_printf_g.o)
    0x080001ee   0x080001ee   0x00000006   Code   RO          179    .ARM.Collect$$_printf_percent$$00000006  c_w.l(_printf_a.o)
    0x080001f4   0x080001f4   0x0000000a   Code   RO          184    .ARM.Collect$$_printf_percent$$00000007  c_w.l(_printf_ll.o)
    0x080001fe   0x080001fe   0x00000006   Code   RO          173    .ARM.Collect$$_printf_percent$$00000008  c_w.l(_printf_i.o)
    0x08000204   0x08000204   0x00000006   Code   RO          174    .ARM.Collect$$_printf_percent$$00000009  c_w.l(_printf_d.o)
    0x0800020a   0x0800020a   0x00000006   Code   RO          175    .ARM.Collect$$_printf_percent$$0000000A  c_w.l(_printf_u.o)
    0x08000210   0x08000210   0x00000006   Code   RO          172    .ARM.Collect$$_printf_percent$$0000000B  c_w.l(_printf_o.o)
    0x08000216   0x08000216   0x00000006   Code   RO          170    .ARM.Collect$$_printf_percent$$0000000C  c_w.l(_printf_x.o)
    0x0800021c   0x0800021c   0x00000006   Code   RO          181    .ARM.Collect$$_printf_percent$$0000000D  c_w.l(_printf_lli.o)
    0x08000222   0x08000222   0x00000006   Code   RO          182    .ARM.Collect$$_printf_percent$$0000000E  c_w.l(_printf_lld.o)
    0x08000228   0x08000228   0x00000006   Code   RO          183    .ARM.Collect$$_printf_percent$$0000000F  c_w.l(_printf_llu.o)
    0x0800022e   0x0800022e   0x00000006   Code   RO          188    .ARM.Collect$$_printf_percent$$00000010  c_w.l(_printf_llo.o)
    0x08000234   0x08000234   0x00000006   Code   RO          189    .ARM.Collect$$_printf_percent$$00000011  c_w.l(_printf_llx.o)
    0x0800023a   0x0800023a   0x0000000a   Code   RO          185    .ARM.Collect$$_printf_percent$$00000012  c_w.l(_printf_l.o)
    0x08000244   0x08000244   0x00000006   Code   RO          167    .ARM.Collect$$_printf_percent$$00000013  c_w.l(_printf_c.o)
    0x0800024a   0x0800024a   0x00000006   Code   RO          168    .ARM.Collect$$_printf_percent$$00000014  c_w.l(_printf_s.o)
    0x08000250   0x08000250   0x00000006   Code   RO          186    .ARM.Collect$$_printf_percent$$00000015  c_w.l(_printf_lc.o)
    0x08000256   0x08000256   0x00000006   Code   RO          187    .ARM.Collect$$_printf_percent$$00000016  c_w.l(_printf_ls.o)
    0x0800025c   0x0800025c   0x00000004   Code   RO          236    .ARM.Collect$$_printf_percent$$00000017  c_w.l(_printf_percent_end.o)
    0x08000260   0x08000260   0x00000002   Code   RO          375    .ARM.Collect$$libinit$$00000000  c_w.l(libinit.o)
    0x08000262   0x08000262   0x00000000   Code   RO          377    .ARM.Collect$$libinit$$00000002  c_w.l(libinit2.o)
    0x08000262   0x08000262   0x00000000   Code   RO          379    .ARM.Collect$$libinit$$00000004  c_w.l(libinit2.o)
    0x08000262   0x08000262   0x00000000   Code   RO          381    .ARM.Collect$$libinit$$00000006  c_w.l(libinit2.o)
    0x08000262   0x08000262   0x00000008   Code   RO          382    .ARM.Collect$$libinit$$00000007  c_w.l(libinit2.o)
    0x0800026a   0x0800026a   0x00000000   Code   RO          384    .ARM.Collect$$libinit$$0000000C  c_w.l(libinit2.o)
    0x0800026a   0x0800026a   0x00000000   Code   RO          386    .ARM.Collect$$libinit$$0000000E  c_w.l(libinit2.o)
    0x0800026a   0x0800026a   0x00000000   Code   RO          388    .ARM.Collect$$libinit$$00000010  c_w.l(libinit2.o)
    0x0800026a   0x0800026a   0x00000006   Code   RO          389    .ARM.Collect$$libinit$$00000011  c_w.l(libinit2.o)
    0x08000270   0x08000270   0x00000000   Code   RO          391    .ARM.Collect$$libinit$$00000013  c_w.l(libinit2.o)
    0x08000270   0x08000270   0x0000000c   Code   RO          392    .ARM.Collect$$libinit$$00000014  c_w.l(libinit2.o)
    0x0800027c   0x0800027c   0x00000000   Code   RO          393    .ARM.Collect$$libinit$$00000015  c_w.l(libinit2.o)
    0x0800027c   0x0800027c   0x00000000   Code   RO          395    .ARM.Collect$$libinit$$00000017  c_w.l(libinit2.o)
    0x0800027c   0x0800027c   0x0000000a   Code   RO          396    .ARM.Collect$$libinit$$00000018  c_w.l(libinit2.o)
    0x08000286   0x08000286   0x00000000   Code   RO          397    .ARM.Collect$$libinit$$00000019  c_w.l(libinit2.o)
    0x08000286   0x08000286   0x00000000   Code   RO          399    .ARM.Collect$$libinit$$0000001B  c_w.l(libinit2.o)
    0x08000286   0x08000286   0x00000000   Code   RO          401    .ARM.Collect$$libinit$$0000001D  c_w.l(libinit2.o)
    0x08000286   0x08000286   0x00000000   Code   RO          403    .ARM.Collect$$libinit$$0000001F  c_w.l(libinit2.o)
    0x08000286   0x08000286   0x00000000   Code   RO          405    .ARM.Collect$$libinit$$00000021  c_w.l(libinit2.o)
    0x08000286   0x08000286   0x00000000   Code   RO          407    .ARM.Collect$$libinit$$00000023  c_w.l(libinit2.o)
    0x08000286   0x08000286   0x00000000   Code   RO          409    .ARM.Collect$$libinit$$00000025  c_w.l(libinit2.o)
    0x08000286   0x08000286   0x00000004   Code   RO          410    .ARM.Collect$$libinit$$00000026  c_w.l(libinit2.o)
    0x0800028a   0x0800028a   0x00000000   Code   RO          411    .ARM.Collect$$libinit$$00000027  c_w.l(libinit2.o)
    0x0800028a   0x0800028a   0x00000000   Code   RO          415    .ARM.Collect$$libinit$$0000002E  c_w.l(libinit2.o)
    0x0800028a   0x0800028a   0x00000000   Code   RO          417    .ARM.Collect$$libinit$$00000030  c_w.l(libinit2.o)
    0x0800028a   0x0800028a   0x00000000   Code   RO          419    .ARM.Collect$$libinit$$00000032  c_w.l(libinit2.o)
    0x0800028a   0x0800028a   0x00000000   Code   RO          421    .ARM.Collect$$libinit$$00000034  c_w.l(libinit2.o)
    0x0800028a   0x0800028a   0x00000002   Code   RO          422    .ARM.Collect$$libinit$$00000035  c_w.l(libinit2.o)
    0x0800028c   0x0800028c   0x00000002   Code   RO          571    .ARM.Collect$$libshutdown$$00000000  c_w.l(libshutdown.o)
    0x0800028e   0x0800028e   0x00000000   Code   RO          424    .ARM.Collect$$libshutdown$$00000002  c_w.l(libshutdown2.o)
    0x0800028e   0x0800028e   0x00000004   Code   RO          425    .ARM.Collect$$libshutdown$$00000003  c_w.l(libshutdown2.o)
    0x08000292   0x08000292   0x00000000   Code   RO          426    .ARM.Collect$$libshutdown$$00000004  c_w.l(libshutdown2.o)
    0x08000292   0x08000292   0x00000000   Code   RO          429    .ARM.Collect$$libshutdown$$00000007  c_w.l(libshutdown2.o)
    0x08000292   0x08000292   0x00000000   Code   RO          432    .ARM.Collect$$libshutdown$$0000000A  c_w.l(libshutdown2.o)
    0x08000292   0x08000292   0x00000000   Code   RO          434    .ARM.Collect$$libshutdown$$0000000C  c_w.l(libshutdown2.o)
    0x08000292   0x08000292   0x00000000   Code   RO          437    .ARM.Collect$$libshutdown$$0000000F  c_w.l(libshutdown2.o)
    0x08000292   0x08000292   0x00000002   Code   RO          438    .ARM.Collect$$libshutdown$$00000010  c_w.l(libshutdown2.o)
    0x08000294   0x08000294   0x00000000   Code   RO          100    .ARM.Collect$$rtentry$$00000000  c_w.l(__rtentry.o)
    0x08000294   0x08000294   0x00000000   Code   RO          205    .ARM.Collect$$rtentry$$00000002  c_w.l(__rtentry2.o)
    0x08000294   0x08000294   0x00000006   Code   RO          217    .ARM.Collect$$rtentry$$00000004  c_w.l(__rtentry4.o)
    0x0800029a   0x0800029a   0x00000000   Code   RO          207    .ARM.Collect$$rtentry$$00000009  c_w.l(__rtentry2.o)
    0x0800029a   0x0800029a   0x00000004   Code   RO          208    .ARM.Collect$$rtentry$$0000000A  c_w.l(__rtentry2.o)
    0x0800029e   0x0800029e   0x00000000   Code   RO          210    .ARM.Collect$$rtentry$$0000000C  c_w.l(__rtentry2.o)
    0x0800029e   0x0800029e   0x00000008   Code   RO          211    .ARM.Collect$$rtentry$$0000000D  c_w.l(__rtentry2.o)
    0x080002a6   0x080002a6   0x00000002   Code   RO          451    .ARM.Collect$$rtexit$$00000000  c_w.l(rtexit.o)
    0x080002a8   0x080002a8   0x00000000   Code   RO          509    .ARM.Collect$$rtexit$$00000002  c_w.l(rtexit2.o)
    0x080002a8   0x080002a8   0x00000004   Code   RO          510    .ARM.Collect$$rtexit$$00000003  c_w.l(rtexit2.o)
    0x080002ac   0x080002ac   0x00000006   Code   RO          511    .ARM.Collect$$rtexit$$00000004  c_w.l(rtexit2.o)
    0x080002b2   0x080002b2   0x00000002   PAD
    0x080002b4   0x080002b4   0x00000040   Code   RO            5  * .text               startup_stm32f10x_hd.o
    0x080002f4   0x080002f4   0x00000028   Code   RO           89    .text               ctxswitch.o
    0x0800031c   0x0800031c   0x00000018   Code   RO           94    .text               c_w.l(printf.o)
    0x08000334   0x08000334   0x00000006   Code   RO           96    .text               c_w.l(heapauxi.o)
    0x0800033a   0x0800033a   0x0000004e   Code   RO          103    .text               c_w.l(_printf_pad.o)
    0x08000388   0x08000388   0x00000024   Code   RO          105    .text               c_w.l(_printf_truncate.o)
    0x080003ac   0x080003ac   0x00000052   Code   RO          107    .text               c_w.l(_printf_str.o)
    0x080003fe   0x080003fe   0x00000002   PAD
    0x08000400   0x08000400   0x00000078   Code   RO          109    .text               c_w.l(_printf_dec.o)
    0x08000478   0x08000478   0x00000028   Code   RO          111    .text               c_w.l(_printf_charcount.o)
    0x080004a0   0x080004a0   0x00000024   Code   RO          113    .text               c_w.l(_printf_char_file.o)
    0x080004c4   0x080004c4   0x000000bc   Code   RO          115    .text               c_w.l(_printf_wctomb.o)
    0x08000580   0x08000580   0x0000007c   Code   RO          118    .text               c_w.l(_printf_longlong_dec.o)
    0x080005fc   0x080005fc   0x00000070   Code   RO          124    .text               c_w.l(_printf_oct_int_ll.o)
    0x0800066c   0x0800066c   0x00000094   Code   RO          144    .text               c_w.l(_printf_hex_int_ll_ptr.o)
    0x08000700   0x08000700   0x00000188   Code   RO          164    .text               c_w.l(__printf_flags_ss_wp.o)
    0x08000888   0x08000888   0x0000008a   Code   RO          219    .text               c_w.l(lludiv10.o)
    0x08000912   0x08000912   0x000000b2   Code   RO          221    .text               c_w.l(_printf_intcommon.o)
    0x080009c4   0x080009c4   0x0000041c   Code   RO          223    .text               c_w.l(_printf_fp_dec.o)
    0x08000de0   0x08000de0   0x000002fc   Code   RO          227    .text               c_w.l(_printf_fp_hex.o)
    0x080010dc   0x080010dc   0x00000030   Code   RO          230    .text               c_w.l(_printf_char_common.o)
    0x0800110c   0x0800110c   0x0000002c   Code   RO          232    .text               c_w.l(_printf_char.o)
    0x08001138   0x08001138   0x0000002c   Code   RO          234    .text               c_w.l(_printf_wchar.o)
    0x08001164   0x08001164   0x00000008   Code   RO          237    .text               c_w.l(ferror.o)
    0x0800116c   0x0800116c   0x00000138   Code   RO          239    .text               c_w.l(initio.o)
    0x080012a4   0x080012a4   0x00000048   Code   RO          245    .text               c_w.l(_c16rtomb.o)
    0x080012ec   0x080012ec   0x0000004a   Code   RO          252    .text               c_w.l(sys_stackheap_outer.o)
    0x08001336   0x08001336   0x00000002   PAD
    0x08001338   0x08001338   0x00000010   Code   RO          254    .text               c_w.l(rt_ctype_table.o)
    0x08001348   0x08001348   0x00000008   Code   RO          259    .text               c_w.l(rt_locale_intlibspace.o)
    0x08001350   0x08001350   0x0000004e   Code   RO          263    .text               c_w.l(h1_free.o)
    0x0800139e   0x0800139e   0x00000002   PAD
    0x080013a0   0x080013a0   0x00000080   Code   RO          317    .text               c_w.l(_printf_fp_infnan.o)
    0x08001420   0x08001420   0x000000e4   Code   RO          321    .text               c_w.l(bigflt0.o)
    0x08001504   0x08001504   0x00000046   Code   RO          348    .text               c_w.l(setvbuf.o)
    0x0800154a   0x0800154a   0x00000002   PAD
    0x0800154c   0x0800154c   0x000000f0   Code   RO          351    .text               c_w.l(fopen.o)
    0x0800163c   0x0800163c   0x0000004c   Code   RO          353    .text               c_w.l(fclose.o)
    0x08001688   0x08001688   0x00000012   Code   RO          362    .text               c_w.l(exit.o)
    0x0800169a   0x0800169a   0x0000000e   Code   RO          364    .text               c_w.l(defsig_rtred_outer.o)
    0x080016a8   0x080016a8   0x0000004e   Code   RO          368    .text               c_w.l(rt_memclr_w.o)
    0x080016f6   0x080016f6   0x00000066   Code   RO          444    .text               c_w.l(sys_io.o)
    0x0800175c   0x0800175c   0x00000008   Code   RO          448    .text               c_w.l(libspace.o)
    0x08001764   0x08001764   0x00000008   Code   RO          458    .text               c_w.l(rt_heap_descriptor_intlibspace.o)
    0x0800176c   0x0800176c   0x00000004   Code   RO          460    .text               c_w.l(hguard.o)
    0x08001770   0x08001770   0x0000008a   Code   RO          462    .text               c_w.l(init_alloc.o)
    0x080017fa   0x080017fa   0x0000005e   Code   RO          468    .text               c_w.l(h1_alloc.o)
    0x08001858   0x08001858   0x000000f8   Code   RO          482    .text               c_w.l(fseek.o)
    0x08001950   0x08001950   0x00000108   Code   RO          484    .text               c_w.l(stdio.o)
    0x08001a58   0x08001a58   0x0000000a   Code   RO          489    .text               c_w.l(defsig_exit.o)
    0x08001a62   0x08001a62   0x00000002   PAD
    0x08001a64   0x08001a64   0x00000034   Code   RO          491    .text               c_w.l(defsig_rtred_inner.o)
    0x08001a98   0x08001a98   0x00000080   Code   RO          495    .text               c_w.l(strcmpv7m.o)
    0x08001b18   0x08001b18   0x0000000c   Code   RO          501    .text               c_w.l(sys_exit.o)
    0x08001b24   0x08001b24   0x00000002   Code   RO          505    .text               c_w.l(use_no_semi.o)
    0x08001b26   0x08001b26   0x00000000   Code   RO          507    .text               c_w.l(indicate_semi.o)
    0x08001b26   0x08001b26   0x00000000   Code   RO          515    .text               c_w.l(maybetermalloc1.o)
    0x08001b26   0x08001b26   0x0000000c   Code   RO          517    .text               c_w.l(h1_init.o)
    0x08001b32   0x08001b32   0x00000034   Code   RO          519    .text               c_w.l(h1_extend.o)
    0x08001b66   0x08001b66   0x00000042   Code   RO          527    .text               c_w.l(ftell.o)
    0x08001ba8   0x08001ba8   0x00000032   Code   RO          531    .text               c_w.l(defsig_general.o)
    0x08001bda   0x08001bda   0x0000000e   Code   RO          533    .text               c_w.l(defsig_rtmem_outer.o)
    0x08001be8   0x08001be8   0x0000003e   Code   RO          537    .text               c_w.l(strlen.o)
    0x08001c26   0x08001c26   0x0000000e   Code   RO          548    .text               c_w.l(sys_wrch.o)
    0x08001c34   0x08001c34   0x00000008   Code   RO          559    .text               c_w.l(rt_errno_addr_intlibspace.o)
    0x08001c3c   0x08001c3c   0x00000050   Code   RO          565    .text               c_w.l(defsig_rtmem_inner.o)
    0x08001c8c   0x08001c8c   0x00000044   Code   RO           14    .text.ITM_SendChar  main.o
    0x08001cd0   0x08001cd0   0x00000010   Code   RO           33    .text.SystemInit    system_stm32f10x.o
    0x08001ce0   0x08001ce0   0x000000fa   Code   RO           52    .text.create_task   task.o
    0x08001dda   0x08001dda   0x00000002   PAD
    0x08001ddc   0x08001ddc   0x00000014   Code   RO           12    .text.fputc         main.o
    0x08001df0   0x08001df0   0x00000066   Code   RO           46    .text.getCanditask  task.o
    0x08001e56   0x08001e56   0x00000002   PAD
    0x08001e58   0x08001e58   0x0000004c   Code   RO           48    .text.getfreetcb    task.o
    0x08001ea4   0x08001ea4   0x00000012   Code   RO           74    .text.init_pendsv_priority  systick.o
    0x08001eb6   0x08001eb6   0x00000002   PAD
    0x08001eb8   0x08001eb8   0x00000012   Code   RO           76    .text.init_ticktimer_priority  systick.o
    0x08001eca   0x08001eca   0x00000002   PAD
    0x08001ecc   0x08001ecc   0x0000000e   Code   RO           16    .text.intrrupt_init  main.o
    0x08001eda   0x08001eda   0x00000002   PAD
    0x08001edc   0x08001edc   0x0000003c   Code   RO           22    .text.main          main.o
    0x08001f18   0x08001f18   0x0000001a   Code   RO           80    .text.nSysTick_Handler  systick.o
    0x08001f32   0x08001f32   0x00000002   PAD
    0x08001f34   0x08001f34   0x00000052   Code   RO           50    .text.regitserTask  task.o
    0x08001f86   0x08001f86   0x00000002   PAD
    0x08001f88   0x08001f88   0x0000002a   Code   RO           56    .text.start_task1   task.o
    0x08001fb2   0x08001fb2   0x00000002   PAD
    0x08001fb4   0x08001fb4   0x00000032   Code   RO           20    .text.task_init     main.o
    0x08001fe6   0x08001fe6   0x00000002   PAD
    0x08001fe8   0x08001fe8   0x0000002c   Code   RO           18    .text.thread_test   main.o
    0x08002014   0x08002014   0x00000010   Code   RO           72    .text.trigger_pendsv  systick.o
    0x08002024   0x08002024   0x00000040   Code   RO           78    .text.vPortSetupTimerInterrupt  systick.o
    0x08002064   0x08002064   0x0000003e   Code   RO          324    CL$$btod_d2e        c_w.l(btod.o)
    0x080020a2   0x080020a2   0x00000046   Code   RO          326    CL$$btod_d2e_denorm_low  c_w.l(btod.o)
    0x080020e8   0x080020e8   0x00000060   Code   RO          325    CL$$btod_d2e_norm_op1  c_w.l(btod.o)
    0x08002148   0x08002148   0x00000338   Code   RO          334    CL$$btod_div_common  c_w.l(btod.o)
    0x08002480   0x08002480   0x000000dc   Code   RO          331    CL$$btod_e2e        c_w.l(btod.o)
    0x0800255c   0x0800255c   0x0000002a   Code   RO          328    CL$$btod_ediv       c_w.l(btod.o)
    0x08002586   0x08002586   0x0000002a   Code   RO          327    CL$$btod_emul       c_w.l(btod.o)
    0x080025b0   0x080025b0   0x00000244   Code   RO          333    CL$$btod_mult_common  c_w.l(btod.o)
    0x080027f4   0x080027f4   0x00000028   Code   RO          442    i.__ARM_fpclassify  m_ws.l(fpclassify.o)
    0x0800281c   0x0800281c   0x0000000e   Code   RO          157    i._is_digit         c_w.l(__printf_wp.o)
    0x0800282a   0x0800282a   0x00000002   PAD
    0x0800282c   0x0800282c   0x0000002c   Code   RO          360    locale$$code        c_w.l(lc_numeric_c.o)
    0x08002858   0x08002858   0x0000002c   Code   RO          487    locale$$code        c_w.l(lc_ctype_c.o)
    0x08002884   0x08002884   0x00000004   Code   RO          196    x$fpl$printf1       fz_ws.l(printf1.o)
    0x08002888   0x08002888   0x00000004   Code   RO          198    x$fpl$printf2       fz_ws.l(printf2.o)
    0x0800288c   0x0800288c   0x00000000   Code   RO          441    x$fpl$usenofp       fz_ws.l(usenofp.o)
    0x0800288c   0x0800288c   0x00000008   Data   RO          116    .constdata          c_w.l(_printf_wctomb.o)
    0x08002894   0x08002894   0x00000028   Data   RO          145    .constdata          c_w.l(_printf_hex_int_ll_ptr.o)
    0x080028bc   0x080028bc   0x00000011   Data   RO          165    .constdata          c_w.l(__printf_flags_ss_wp.o)
    0x080028cd   0x080028cd   0x00000026   Data   RO          228    .constdata          c_w.l(_printf_fp_hex.o)
    0x080028f3   0x080028f3   0x00000004   Data   RO          247    .constdata          c_w.l(sys_io_names.o)
    0x080028f7   0x080028f7   0x00000004   Data   RO          248    .constdata          c_w.l(sys_io_names.o)
    0x080028fb   0x080028fb   0x00000004   Data   RO          249    .constdata          c_w.l(sys_io_names.o)
    0x080028ff   0x080028ff   0x00000001   PAD
    0x08002900   0x08002900   0x00000094   Data   RO          322    .constdata          c_w.l(bigflt0.o)
    0x08002994   0x08002994   0x00000023   Data   RO           24    .rodata.str1.1      main.o
    0x080029b7   0x080029b7   0x00000019   Data   RO           62    .rodata.str1.1      task.o
    0x080029d0   0x080029d0   0x00000020   Data   RO          591    Region$$Table       anon$$obj.o
    0x080029f0   0x080029f0   0x0000001c   Data   RO          359    locale$$data        c_w.l(lc_numeric_c.o)
    0x08002a0c   0x08002a0c   0x00000110   Data   RO          486    locale$$data        c_w.l(lc_ctype_c.o)


    Execution Region ER_RW (Exec base: 0x20000000, Load base: 0x08002b1c, Size: 0x00000010, Max: 0xffffffff, ABSOLUTE)

    Exec Addr    Load Addr    Size         Type   Attr      Idx    E Section Name        Object

    0x20000000   0x08002b1c   0x00000004   Data   RW          193    .data               c_w.l(stdio_streams.o)
    0x20000004   0x08002b20   0x00000004   Data   RW          194    .data               c_w.l(stdio_streams.o)
    0x20000008   0x08002b24   0x00000004   Data   RW          195    .data               c_w.l(stdio_streams.o)
    0x2000000c   0x08002b28   0x00000004   Data   RW           58    .data.getCanditask.i  task.o


    Execution Region ER_ZI (Exec base: 0x20000010, Load base: 0x08002b2c, Size: 0x00001380, Max: 0xffffffff, ABSOLUTE)

    Exec Addr    Load Addr    Size         Type   Attr      Idx    E Section Name        Object

    0x20000010        -       0x00000054   Zero   RW          190    .bss                c_w.l(stdio_streams.o)
    0x20000064        -       0x00000054   Zero   RW          191    .bss                c_w.l(stdio_streams.o)
    0x200000b8        -       0x00000054   Zero   RW          192    .bss                c_w.l(stdio_streams.o)
    0x2000010c        -       0x00000060   Zero   RW          449    .bss                c_w.l(libspace.o)
    0x2000016c        -       0x00000200   Zero   RW           63    .bss.NullTask       task.o
    0x2000036c        -       0x00000a00   Zero   RW           61    .bss.TCB            task.o
    0x20000d6c        -       0x00000004   Zero   RW           82    .bss.g_lsystimetick  systick.o
    0x20000d70        -       0x00000004   Zero   RW           60    .bss.pcanditasktcb  task.o
    0x20000d74        -       0x00000004   Zero   RW           64    .bss.pcurtasktcb    task.o
    0x20000d78        -       0x00000014   Zero   RW           59    .bss.tasklist       task.o
    0x20000d8c   0x08002b2c   0x00000004   PAD
    0x20000d90        -       0x00000200   Zero   RW            3    HEAP                startup_stm32f10x_hd.o
    0x20000f90        -       0x00000400   Zero   RW            2    STACK               startup_stm32f10x_hd.o


==============================================================================

Image component sizes


      Code (inc. data)   RO Data    RW Data    ZI Data      Debug   Object Name

        40          8          0          0          0        220   ctxswitch.o
       256          0         35          0          0       2450   main.o
        64         26        304          0       1536        792   startup_stm32f10x_hd.o
        16          0          0          0          0       1938   system_stm32f10x.o
       142          0          0          0          4       1059   systick.o
       552          0         25          4       3100       1983   task.o

    ----------------------------------------------------------------------
      1088         34        396          4       4644       8442   Object Totals
         0          0         32          0          0          0   (incl. Generated)
        18          0          0          0          4          0   (incl. Padding)

    ----------------------------------------------------------------------

      Code (inc. data)   RO Data    RW Data    ZI Data      Debug   Library Member Name

         8          0          0          0          0         68   __main.o
       392          4         17          0          0         92   __printf_flags_ss_wp.o
        14          0          0          0          0         68   __printf_wp.o
         0          0          0          0          0          0   __rtentry.o
        12          0          0          0          0          0   __rtentry2.o
         6          0          0          0          0          0   __rtentry4.o
        94          8          0          0          0          0   __scatter.o
        26          0          0          0          0          0   __scatter_copy.o
        28          0          0          0          0          0   __scatter_zi.o
        72          0          0          0          0         96   _c16rtomb.o
         6          0          0          0          0          0   _printf_a.o
         6          0          0          0          0          0   _printf_c.o
        44          0          0          0          0        108   _printf_char.o
        48          6          0          0          0         96   _printf_char_common.o
        36          4          0          0          0         80   _printf_char_file.o
        40          0          0          0          0         68   _printf_charcount.o
         6          0          0          0          0          0   _printf_d.o
       120         16          0          0          0         92   _printf_dec.o
         6          0          0          0          0          0   _printf_e.o
         6          0          0          0          0          0   _printf_f.o
      1052          0          0          0          0        148   _printf_fp_dec.o
       764          8         38          0          0        100   _printf_fp_hex.o
       128         16          0          0          0         84   _printf_fp_infnan.o
         6          0          0          0          0          0   _printf_g.o
       148          4         40          0          0        160   _printf_hex_int_ll_ptr.o
         6          0          0          0          0          0   _printf_i.o
       178          0          0          0          0         88   _printf_intcommon.o
        10          0          0          0          0          0   _printf_l.o
         6          0          0          0          0          0   _printf_lc.o
        10          0          0          0          0          0   _printf_ll.o
         6          0          0          0          0          0   _printf_lld.o
         6          0          0          0          0          0   _printf_lli.o
         6          0          0          0          0          0   _printf_llo.o
         6          0          0          0          0          0   _printf_llu.o
         6          0          0          0          0          0   _printf_llx.o
       124         16          0          0          0         92   _printf_longlong_dec.o
         6          0          0          0          0          0   _printf_ls.o
         6          0          0          0          0          0   _printf_n.o
         6          0          0          0          0          0   _printf_o.o
       112          8          0          0          0        124   _printf_oct_int_ll.o
         6          0          0          0          0          0   _printf_p.o
        78          0          0          0          0        108   _printf_pad.o
         0          0          0          0          0          0   _printf_percent.o
         4          0          0          0          0          0   _printf_percent_end.o
         6          0          0          0          0          0   _printf_s.o
        82          0          0          0          0         80   _printf_str.o
        36          0          0          0          0         84   _printf_truncate.o
         6          0          0          0          0          0   _printf_u.o
        44          0          0          0          0        108   _printf_wchar.o
       188          6          8          0          0         92   _printf_wctomb.o
         6          0          0          0          0          0   _printf_x.o
       228          4        148          0          0         96   bigflt0.o
      1936        128          0          0          0        668   btod.o
        10          0          0          0          0         68   defsig_exit.o
        50          0          0          0          0         88   defsig_general.o
        80         58          0          0          0         76   defsig_rtmem_inner.o
        14          0          0          0          0         80   defsig_rtmem_outer.o
        52         38          0          0          0         76   defsig_rtred_inner.o
        14          0          0          0          0         80   defsig_rtred_outer.o
        18          0          0          0          0         80   exit.o
        76          0          0          0          0         88   fclose.o
         8          0          0          0          0         68   ferror.o
       240          6          0          0          0        128   fopen.o
       248          6          0          0          0         84   fseek.o
        66          0          0          0          0         76   ftell.o
        94          0          0          0          0         80   h1_alloc.o
        52          0          0          0          0         68   h1_extend.o
        78          0          0          0          0         80   h1_free.o
        12          0          0          0          0         84   h1_init.o
         6          0          0          0          0        152   heapauxi.o
         4          0          0          0          0        136   hguard.o
         0          0          0          0          0          0   indicate_semi.o
       138          0          0          0          0        168   init_alloc.o
       312         46          0          0          0        112   initio.o
        44         10        272          0          0         76   lc_ctype_c.o
        44         10         28          0          0         76   lc_numeric_c.o
         2          0          0          0          0          0   libinit.o
        42          0          0          0          0          0   libinit2.o
         2          0          0          0          0          0   libshutdown.o
         6          0          0          0          0          0   libshutdown2.o
         8          4          0          0         96         68   libspace.o
       138          0          0          0          0         80   lludiv10.o
         0          0          0          0          0          0   maybetermalloc1.o
        24          4          0          0          0         84   printf.o
        16          4          0          0          0         76   rt_ctype_table.o
         8          4          0          0          0         68   rt_errno_addr_intlibspace.o
         8          4          0          0          0         68   rt_heap_descriptor_intlibspace.o
         8          4          0          0          0         68   rt_locale_intlibspace.o
        78          0          0          0          0         80   rt_memclr_w.o
         2          0          0          0          0          0   rtexit.o
        10          0          0          0          0          0   rtexit2.o
        70          0          0          0          0         80   setvbuf.o
       264          6          0          0          0        160   stdio.o
         0          0          0         12        252          0   stdio_streams.o
       128          0          0          0          0         68   strcmpv7m.o
        62          0          0          0          0         76   strlen.o
        12          4          0          0          0         68   sys_exit.o
       102          0          0          0          0        240   sys_io.o
         0          0         12          0          0          0   sys_io_names.o
        74          0          0          0          0         80   sys_stackheap_outer.o
        14          0          0          0          0         76   sys_wrch.o
         2          0          0          0          0         68   use_no_semi.o
         4          0          0          0          0         68   printf1.o
         4          0          0          0          0         68   printf2.o
         0          0          0          0          0          0   usenofp.o
        40          0          0          0          0         68   fpclassify.o

    ----------------------------------------------------------------------
      8988        436        564         12        348       6536   Library Totals
        18          0          1          0          0          0   (incl. Padding)

    ----------------------------------------------------------------------

      Code (inc. data)   RO Data    RW Data    ZI Data      Debug   Library Name

      8922        436        563         12        348       6332   c_w.l
         8          0          0          0          0        136   fz_ws.l
        40          0          0          0          0         68   m_ws.l

    ----------------------------------------------------------------------
      8988        436        564         12        348       6536   Library Totals

    ----------------------------------------------------------------------

==============================================================================


      Code (inc. data)   RO Data    RW Data    ZI Data      Debug   

     10076        470        960         16       4992      11446   Grand Totals
     10076        470        960         16       4992      11446   ELF Image Totals
     10076        470        960         16          0          0   ROM Totals

==============================================================================

    Total RO  Size (Code + RO Data)                11036 (  10.78kB)
    Total RW  Size (RW Data + ZI Data)              5008 (   4.89kB)
    Total ROM Size (Code + RO Data + RW Data)      11052 (  10.79kB)

==============================================================================

